Product: MDK-ARM Standard 5.10
Component: ARM Compiler 5.04 update 1 (build 49)
Tool: armlink [5040049]

==============================================================================

Section Cross References

    main.o(i.main) refers to usart.o(i.uart2_init) for uart2_init
    main.o(i.main) refers to delay.o(i.delay_init) for delay_init
    main.o(i.main) refers to gpio_init.o(i.gpio_init) for gpio_init
    main.o(i.main) refers to usart.o(i.uart4_init) for uart4_init
    main.o(i.main) refers to usart.o(i.uart1_init) for uart1_init
    main.o(i.main) refers to timerx.o(i.TIM5_Int_Init) for TIM5_Int_Init
    main.o(i.main) refers to wdg.o(i.IWDG_Init) for IWDG_Init
    main.o(i.main) refers to usart.o(i.MYDMA_Config) for MYDMA_Config
    main.o(i.main) refers to tapdev.o(i.tapdev_init) for tapdev_init
    main.o(i.main) refers to uip.o(i.uip_init) for uip_init
    main.o(i.main) refers to uip.o(i.uip_listen) for uip_listen
    main.o(i.main) refers to function.o(i.scan_enable_receive) for scan_enable_receive
    main.o(i.main) refers to zigbee.o(i.zigbee_configure) for zigbee_configure
    main.o(i.main) refers to delay.o(i.delay_ms) for delay_ms
    main.o(i.main) refers to main.o(.bss) for USART_RX_BUF
    main.o(i.main) refers to main.o(.data) for receive_ip
    main.o(i.main) refers to uip.o(.data) for uip_hostaddr
    main.o(i.uip_polling) refers to timer.o(i.timer_set) for timer_set
    main.o(i.uip_polling) refers to tapdev.o(i.tapdev_read) for tapdev_read
    main.o(i.uip_polling) refers to uip.o(i.htons) for htons
    main.o(i.uip_polling) refers to uip.o(i.uip_process) for uip_process
    main.o(i.uip_polling) refers to uip_arp.o(i.uip_arp_out) for uip_arp_out
    main.o(i.uip_polling) refers to tapdev.o(i.tapdev_send) for tapdev_send
    main.o(i.uip_polling) refers to uip_arp.o(i.uip_arp_arpin) for uip_arp_arpin
    main.o(i.uip_polling) refers to timer.o(i.timer_expired) for timer_expired
    main.o(i.uip_polling) refers to timer.o(i.timer_reset) for timer_reset
    main.o(i.uip_polling) refers to uip_arp.o(i.uip_arp_timer) for uip_arp_timer
    main.o(i.uip_polling) refers to main.o(.data) for timer_ok
    main.o(i.uip_polling) refers to uip.o(.data) for uip_len
    main.o(i.uip_polling) refers to uip.o(.bss) for uip_buf
    stm32f10x_it.o(i.TIM5_IRQHandler) refers to stm32f10x_tim.o(i.TIM_GetITStatus) for TIM_GetITStatus
    stm32f10x_it.o(i.TIM5_IRQHandler) refers to 74hc595.o(i.HC595G_WriteByte) for HC595G_WriteByte
    stm32f10x_it.o(i.TIM5_IRQHandler) refers to stm32f10x_tim.o(i.TIM_ClearITPendingBit) for TIM_ClearITPendingBit
    stm32f10x_it.o(i.TIM5_IRQHandler) refers to function.o(.bss) for offline_flag
    stm32f10x_it.o(i.USART2_IRQHandler) refers to stm32f10x_usart.o(i.USART_GetITStatus) for USART_GetITStatus
    stm32f10x_it.o(i.USART2_IRQHandler) refers to stm32f10x_usart.o(i.USART_ClearITPendingBit) for USART_ClearITPendingBit
    stm32f10x_it.o(i.USART2_IRQHandler) refers to stm32f10x_usart.o(i.USART_ReceiveData) for USART_ReceiveData
    stm32f10x_it.o(i.USART2_IRQHandler) refers to zigbee.o(i.zigbee_configure) for zigbee_configure
    stm32f10x_it.o(i.USART2_IRQHandler) refers to delay.o(i.delay_ms) for delay_ms
    stm32f10x_it.o(i.USART2_IRQHandler) refers to uip.o(i.uip_listen) for uip_listen
    stm32f10x_it.o(i.USART2_IRQHandler) refers to stm32f10x_it.o(.data) for l
    stm32f10x_it.o(i.USART2_IRQHandler) refers to main.o(.bss) for receive_dp_data
    stm32f10x_it.o(i.USART2_IRQHandler) refers to stm32f10x_it.o(.bss) for set_data
    stm32f10x_it.o(i.USART2_IRQHandler) refers to function.o(.data) for slave_id_max
    stm32f10x_it.o(i.USART2_IRQHandler) refers to main.o(.data) for receive_ip
    stm32f10x_it.o(i.USART2_IRQHandler) refers to uip.o(.data) for uip_hostaddr
    usart.o(i.MYDMA_Config) refers to misc.o(i.NVIC_Init) for NVIC_Init
    usart.o(i.MYDMA_Config) refers to stm32f10x_rcc.o(i.RCC_AHBPeriphClockCmd) for RCC_AHBPeriphClockCmd
    usart.o(i.MYDMA_Config) refers to stm32f10x_dma.o(i.DMA_DeInit) for DMA_DeInit
    usart.o(i.MYDMA_Config) refers to stm32f10x_dma.o(i.DMA_Init) for DMA_Init
    usart.o(i.MYDMA_Config) refers to stm32f10x_usart.o(i.USART_Cmd) for USART_Cmd
    usart.o(i.MYDMA_Config) refers to stm32f10x_dma.o(i.DMA_Cmd) for DMA_Cmd
    usart.o(i.MYDMA_Config) refers to usart.o(i.MYDMA_Enable) for MYDMA_Enable
    usart.o(i.MYDMA_Config) refers to usart.o(.data) for DMA1_MEM_LEN
    usart.o(i.MYDMA_Enable) refers to stm32f10x_dma.o(i.DMA_Cmd) for DMA_Cmd
    usart.o(i.MYDMA_Enable) refers to stm32f10x_dma.o(i.DMA_SetCurrDataCounter) for DMA_SetCurrDataCounter
    usart.o(i.MYDMA_Enable) refers to usart.o(.data) for DMA1_MEM_LEN
    usart.o(i.UART4_Receive) refers to stm32f10x_usart.o(i.USART_GetFlagStatus) for USART_GetFlagStatus
    usart.o(i.UART4_Receive) refers to stm32f10x_usart.o(i.USART_ReceiveData) for USART_ReceiveData
    usart.o(i.UART4_Transmit) refers to stm32f10x_usart.o(i.USART_GetFlagStatus) for USART_GetFlagStatus
[...]
    ../clib/microlib/init/entry.s            0x00000000   Number         0  entry7a.o ABSOLUTE
    ../clib/microlib/init/entry.s            0x00000000   Number         0  entry7b.o ABSOLUTE
    ../clib/microlib/init/entry.s            0x00000000   Number         0  entry8a.o ABSOLUTE
    ../clib/microlib/init/entry.s            0x00000000   Number         0  entry8b.o ABSOLUTE
    ../clib/microlib/init/entry.s            0x00000000   Number         0  entry9b.o ABSOLUTE
    ../clib/microlib/init/entry.s            0x00000000   Number         0  entry10a.o ABSOLUTE
    ../clib/microlib/init/entry.s            0x00000000   Number         0  entry11a.o ABSOLUTE
    ../clib/microlib/init/entry.s            0x00000000   Number         0  entry10b.o ABSOLUTE
    ../clib/microlib/init/entry.s            0x00000000   Number         0  entry11b.o ABSOLUTE
    ../clib/microlib/init/entry.s            0x00000000   Number         0  entry9a.o ABSOLUTE
    ../clib/microlib/init/entry.s            0x00000000   Number         0  entry2.o ABSOLUTE
    ../clib/microlib/init/entry.s            0x00000000   Number         0  entry.o ABSOLUTE
    ../clib/microlib/init/entry.s            0x00000000   Number         0  entry5.o ABSOLUTE
    ../clib/microlib/longlong.c              0x00000000   Number         0  llsshr.o ABSOLUTE
    ../clib/microlib/longlong.c              0x00000000   Number         0  llushr.o ABSOLUTE
    ../clib/microlib/longlong.c              0x00000000   Number         0  llshl.o ABSOLUTE
    ../clib/microlib/malloc/malloc.c         0x00000000   Number         0  mallocr.o ABSOLUTE
    ../clib/microlib/malloc/malloc.c         0x00000000   Number         0  malloc.o ABSOLUTE
    ../clib/microlib/malloc/malloc.c         0x00000000   Number         0  mallocra.o ABSOLUTE
    ../clib/microlib/malloc/malloc.c         0x00000000   Number         0  malloca.o ABSOLUTE
    ../clib/microlib/malloc/mvars.c          0x00000000   Number         0  mvars.o ABSOLUTE
    ../clib/microlib/printf/printf.c         0x00000000   Number         0  printf8.o ABSOLUTE
    ../clib/microlib/printf/printf.c         0x00000000   Number         0  printf7.o ABSOLUTE
    ../clib/microlib/printf/printf.c         0x00000000   Number         0  printf6.o ABSOLUTE
    ../clib/microlib/printf/printf.c         0x00000000   Number         0  printf5.o ABSOLUTE
    ../clib/microlib/printf/printf.c         0x00000000   Number         0  printf4.o ABSOLUTE
    ../clib/microlib/printf/printf.c         0x00000000   Number         0  printf3.o ABSOLUTE
    ../clib/microlib/printf/printf.c         0x00000000   Number         0  printfa.o ABSOLUTE
    ../clib/microlib/printf/printf.c         0x00000000   Number         0  printf2.o ABSOLUTE
    ../clib/microlib/printf/printf.c         0x00000000   Number         0  printf1.o ABSOLUTE
    ../clib/microlib/printf/printf.c         0x00000000   Number         0  printf0.o ABSOLUTE
    ../clib/microlib/printf/printf.c         0x00000000   Number         0  printfb.o ABSOLUTE
    ../clib/microlib/printf/stubs.s          0x00000000   Number         0  stubs.o ABSOLUTE
    ../clib/microlib/string/memcpy.c         0x00000000   Number         0  memcpya.o ABSOLUTE
    ../clib/microlib/string/memcpy.c         0x00000000   Number         0  memcpyb.o ABSOLUTE
    ../clib/microlib/string/memset.c         0x00000000   Number         0  memseta.o ABSOLUTE
    ../clib/microlib/string/strcpy.c         0x00000000   Number         0  strcpy.o ABSOLUTE
    ../clib/microlib/string/strlen.c         0x00000000   Number         0  strlen.o ABSOLUTE
    ../clib/microlib/stubs.s                 0x00000000   Number         0  iusefp.o ABSOLUTE
    ../clib/microlib/stubs.s                 0x00000000   Number         0  useno.o ABSOLUTE
    ../fplib/microlib/fpadd.c                0x00000000   Number         0  dadd.o ABSOLUTE
    ../fplib/microlib/fpdiv.c                0x00000000   Number         0  ddiv.o ABSOLUTE
    ../fplib/microlib/fpepilogue.c           0x00000000   Number         0  depilogue.o ABSOLUTE
    ../fplib/microlib/fpfix.c                0x00000000   Number         0  dfixul.o ABSOLUTE
    ../fplib/microlib/fpmul.c                0x00000000   Number         0  dmul.o ABSOLUTE
    ..\Lib\cmsis\core_cm3.c                  0x00000000   Number         0  core_cm3.o ABSOLUTE
    ..\Lib\src\misc.c                        0x00000000   Number         0  misc.o ABSOLUTE
    ..\Lib\src\stm32f10x_adc.c               0x00000000   Number         0  stm32f10x_adc.o ABSOLUTE
    ..\Lib\src\stm32f10x_bkp.c               0x00000000   Number         0  stm32f10x_bkp.o ABSOLUTE
    ..\Lib\src\stm32f10x_can.c               0x00000000   Number         0  stm32f10x_can.o ABSOLUTE
    ..\Lib\src\stm32f10x_cec.c               0x00000000   Number         0  stm32f10x_cec.o ABSOLUTE
    ..\Lib\src\stm32f10x_crc.c               0x00000000   Number         0  stm32f10x_crc.o ABSOLUTE
    ..\Lib\src\stm32f10x_dac.c               0x00000000   Number         0  stm32f10x_dac.o ABSOLUTE
    ..\Lib\src\stm32f10x_dbgmcu.c            0x00000000   Number         0  stm32f10x_dbgmcu.o ABSOLUTE
    ..\Lib\src\stm32f10x_dma.c               0x00000000   Number         0  stm32f10x_dma.o ABSOLUTE
    ..\Lib\src\stm32f10x_exti.c              0x00000000   Number         0  stm32f10x_exti.o ABSOLUTE
    ..\Lib\src\stm32f10x_flash.c             0x00000000   Number         0  stm32f10x_flash.o ABSOLUTE
    ..\Lib\src\stm32f10x_fsmc.c              0x00000000   Number         0  stm32f10x_fsmc.o ABSOLUTE
    ..\Lib\src\stm32f10x_gpio.c              0x00000000   Number         0  stm32f10x_gpio.o ABSOLUTE
    ..\Lib\src\stm32f10x_i2c.c               0x00000000   Number         0  stm32f10x_i2c.o ABSOLUTE
    ..\Lib\src\stm32f10x_iwdg.c              0x00000000   Number         0  stm32f10x_iwdg.o ABSOLUTE
    ..\Lib\src\stm32f10x_pwr.c               0x00000000   Number         0  stm32f10x_pwr.o ABSOLUTE
    ..\Lib\src\stm32f10x_rcc.c               0x00000000   Number         0  stm32f10x_rcc.o ABSOLUTE
    ..\Lib\src\stm32f10x_rtc.c               0x00000000   Number         0  stm32f10x_rtc.o ABSOLUTE
    ..\Lib\src\stm32f10x_sdio.c              0x00000000   Number         0  stm32f10x_sdio.o ABSOLUTE
    ..\Lib\src\stm32f10x_spi.c               0x00000000   Number         0  stm32f10x_spi.o ABSOLUTE
    ..\Lib\src\stm32f10x_tim.c               0x00000000   Number         0  stm32f10x_tim.o ABSOLUTE
    ..\Lib\src\stm32f10x_usart.c             0x00000000   Number         0  stm32f10x_usart.o ABSOLUTE
    ..\Lib\src\stm32f10x_wwdg.c              0x00000000   Number         0  stm32f10x_wwdg.o ABSOLUTE
    ..\Lib\startup\arm\startup_stm32f10x_hd.s 0x00000000   Number         0  startup_stm32f10x_hd.o ABSOLUTE
    ..\User\BSP\74HC595.c                    0x00000000   Number         0  74hc595.o ABSOLUTE
    ..\User\BSP\GPIO_Init.c                  0x00000000   Number         0  gpio_init.o ABSOLUTE
    ..\User\BSP\delay.c                      0x00000000   Number         0  delay.o ABSOLUTE
    ..\User\BSP\parser.c                     0x00000000   Number         0  parser.o ABSOLUTE
    ..\User\BSP\queue.c                      0x00000000   Number         0  queue.o ABSOLUTE
    ..\User\BSP\sys.c                        0x00000000   Number         0  sys.o ABSOLUTE
    ..\User\BSP\timerx.c                     0x00000000   Number         0  timerx.o ABSOLUTE
    ..\User\BSP\wdg.c                        0x00000000   Number         0  wdg.o ABSOLUTE
    ..\User\BSP\zigbee.c                     0x00000000   Number         0  zigbee.o ABSOLUTE
    ..\User\enc28j60\ENC28J60.C              0x00000000   Number         0  enc28j60.o ABSOLUTE
    ..\User\enc28j60\SPI.C                   0x00000000   Number         0  spi.o ABSOLUTE
    ..\User\function.c                       0x00000000   Number         0  function.o ABSOLUTE
    ..\User\main.c                           0x00000000   Number         0  main.o ABSOLUTE
    ..\User\stm32f10x_it.c                   0x00000000   Number         0  stm32f10x_it.o ABSOLUTE
    ..\User\system_stm32f10x.c               0x00000000   Number         0  system_stm32f10x.o ABSOLUTE
    ..\User\uIP-1.0\uip\psock.c              0x00000000   Number         0  psock.o ABSOLUTE
    ..\User\uIP-1.0\uip\timer.c              0x00000000   Number         0  timer.o ABSOLUTE
    ..\User\uIP-1.0\uip\uip-fw.c             0x00000000   Number         0  uip-fw.o ABSOLUTE
    ..\User\uIP-1.0\uip\uip-neighbor.c       0x00000000   Number         0  uip-neighbor.o ABSOLUTE
    ..\User\uIP-1.0\uip\uip-split.c          0x00000000   Number         0  uip-split.o ABSOLUTE
    ..\User\uIP-1.0\uip\uip.c                0x00000000   Number         0  uip.o ABSOLUTE
    ..\User\uIP-1.0\uip\uip_arp.c            0x00000000   Number         0  uip_arp.o ABSOLUTE
    ..\User\uIP-1.0\uip\uiplib.c             0x00000000   Number         0  uiplib.o ABSOLUTE
    ..\User\uIP-APP\clock-arch.c             0x00000000   Number         0  clock-arch.o ABSOLUTE
    ..\User\uIP-APP\tapdev.c                 0x00000000   Number         0  tapdev.o ABSOLUTE
    ..\User\uIP-APP\tcp_client_demo.c        0x00000000   Number         0  tcp_client_demo.o ABSOLUTE
    ..\User\uIP-APP\tcp_demo.c               0x00000000   Number         0  tcp_demo.o ABSOLUTE
    ..\User\uIP-APP\tcp_server_demo.c        0x00000000   Number         0  tcp_server_demo.o ABSOLUTE
    ..\User\usart.c                          0x00000000   Number         0  usart.o ABSOLUTE
    ..\\Lib\\cmsis\\core_cm3.c               0x00000000   Number         0  core_cm3.o ABSOLUTE
    cdrcmple.s                               0x00000000   Number         0  cdrcmple.o ABSOLUTE
    dc.s                                     0x00000000   Number         0  dc.o ABSOLUTE
    handlers.s                               0x00000000   Number         0  handlers.o ABSOLUTE
    init.s                                   0x00000000   Number         0  init.o ABSOLUTE
    RESET                                    0x08000000   Section      304  startup_stm32f10x_hd.o(RESET)
    .ARM.Collect$$$$00000000                 0x08000130   Section        0  entry.o(.ARM.Collect$$$$00000000)
    .ARM.Collect$$$$00000001                 0x08000130   Section        4  entry2.o(.ARM.Collect$$$$00000001)
    .ARM.Collect$$$$00000004                 0x08000134   Section        4  entry5.o(.ARM.Collect$$$$00000004)
    .ARM.Collect$$$$00000008                 0x08000138   Section        0  entry7b.o(.ARM.Collect$$$$00000008)
    .ARM.Collect$$$$0000000A                 0x08000138   Section        0  entry8b.o(.ARM.Collect$$$$0000000A)
    .ARM.Collect$$$$0000000B                 0x08000138   Section        8  entry9a.o(.ARM.Collect$$$$0000000B)
    .ARM.Collect$$$$0000000D                 0x08000140   Section        0  entry10a.o(.ARM.Collect$$$$0000000D)
    .ARM.Collect$$$$0000000F                 0x08000140   Section        0  entry11a.o(.ARM.Collect$$$$0000000F)
    .ARM.Collect$$$$00002712                 0x08000140   Section        4  entry2.o(.ARM.Collect$$$$00002712)
    __lit__00000000                          0x08000140   Data           4  entry2.o(.ARM.Collect$$$$00002712)
    .text                                    0x08000144   Section       36  startup_stm32f10x_hd.o(.text)
    .text                                    0x08000168   Section        0  memcpya.o(.text)
    .text                                    0x0800018c   Section        0  memseta.o(.text)
    .text                                    0x080001b0   Section        0  strlen.o(.text)
    .text                                    0x080001be   Section        0  strcpy.o(.text)
    .text                                    0x080001d0   Section       36  init.o(.text)
    i.BusFault_Handler                       0x080001f4   Section        0  stm32f10x_it.o(i.BusFault_Handler)
    i.DMA_Cmd                                0x080001f8   Section        0  stm32f10x_dma.o(i.DMA_Cmd)
    i.DMA_DeInit                             0x08000210   Section        0  stm32f10x_dma.o(i.DMA_DeInit)
    i.DMA_Init                               0x0800035c   Section        0  stm32f10x_dma.o(i.DMA_Init)
    i.DMA_SetCurrDataCounter                 0x08000398   Section        0  stm32f10x_dma.o(i.DMA_SetCurrDataCounter)
    i.DebugMon_Handler                       0x0800039c   Section        0  stm32f10x_it.o(i.DebugMon_Handler)
    i.ENC28J60_Init                          0x080003a0   Section        0  enc28j60.o(i.ENC28J60_Init)
    i.ENC28J60_PHY_Write                     0x08000514   Section        0  enc28j60.o(i.ENC28J60_PHY_Write)
    i.ENC28J60_Packet_Receive                0x08000554   Section        0  enc28j60.o(i.ENC28J60_Packet_Receive)
    i.ENC28J60_Packet_Send                   0x08000614   Section        0  enc28j60.o(i.ENC28J60_Packet_Send)
    i.ENC28J60_Read                          0x0800067a   Section        0  enc28j60.o(i.ENC28J60_Read)
    i.ENC28J60_Read_Buf                      0x08000690   Section        0  enc28j60.o(i.ENC28J60_Read_Buf)
    i.ENC28J60_Read_Op                       0x080006c4   Section        0  enc28j60.o(i.ENC28J60_Read_Op)
    i.ENC28J60_Reset                         0x08000704   Section        0  enc28j60.o(i.ENC28J60_Reset)
    i.ENC28J60_SPI2_Init                     0x08000740   Section        0  enc28j60.o(i.ENC28J60_SPI2_Init)
    ENC28J60_SPI2_Init                       0x08000741   Thumb Code   192  enc28j60.o(i.ENC28J60_SPI2_Init)
    i.ENC28J60_Set_Bank                      0x08000808   Section        0  enc28j60.o(i.ENC28J60_Set_Bank)
    i.ENC28J60_Write                         0x0800083c   Section        0  enc28j60.o(i.ENC28J60_Write)
    i.ENC28J60_Write_Buf                     0x08000854   Section        0  enc28j60.o(i.ENC28J60_Write_Buf)
    i.ENC28J60_Write_Op                      0x08000884   Section        0  enc28j60.o(i.ENC28J60_Write_Op)
    i.GPIO_Init                              0x080008c0   Section        0  stm32f10x_gpio.o(i.GPIO_Init)
    i.GPIO_PinRemapConfig                    0x080009d8   Section        0  stm32f10x_gpio.o(i.GPIO_PinRemapConfig)
    i.GPIO_ResetBits                         0x08000a68   Section        0  stm32f10x_gpio.o(i.GPIO_ResetBits)
    i.GPIO_SetBits                           0x08000a6c   Section        0  stm32f10x_gpio.o(i.GPIO_SetBits)
    i.Get_SumCheck                           0x08000a70   Section        0  function.o(i.Get_SumCheck)
    i.HC595G_WriteByte                       0x08000ac0   Section        0  74hc595.o(i.HC595G_WriteByte)
    i.HardFault_Handler                      0x08000e74   Section        0  stm32f10x_it.o(i.HardFault_Handler)
    i.IWDG_Enable                            0x08000e78   Section        0  stm32f10x_iwdg.o(i.IWDG_Enable)
    i.IWDG_Feed                              0x08000e88   Section        0  wdg.o(i.IWDG_Feed)
    i.IWDG_Init                              0x08000e90   Section        0  wdg.o(i.IWDG_Init)
    i.IWDG_ReloadCounter                     0x08000eb4   Section        0  stm32f10x_iwdg.o(i.IWDG_ReloadCounter)
    i.IWDG_SetPrescaler                      0x08000ec4   Section        0  stm32f10x_iwdg.o(i.IWDG_SetPrescaler)
    i.IWDG_SetReload                         0x08000ed0   Section        0  stm32f10x_iwdg.o(i.IWDG_SetReload)
    i.IWDG_WriteAccessCmd                    0x08000edc   Section        0  stm32f10x_iwdg.o(i.IWDG_WriteAccessCmd)
    i.MYDMA_Config                           0x08000ee8   Section        0  usart.o(i.MYDMA_Config)
    i.MYDMA_Enable                           0x08000f74   Section        0  usart.o(i.MYDMA_Enable)
    i.MemManage_Handler                      0x08000f9c   Section        0  stm32f10x_it.o(i.MemManage_Handler)
    i.NMI_Handler                            0x08000fa0   Section        0  stm32f10x_it.o(i.NMI_Handler)
    i.NVIC_Init                              0x08000fa4   Section        0  misc.o(i.NVIC_Init)
    i.PendSV_Handler                         0x08001014   Section        0  stm32f10x_it.o(i.PendSV_Handler)
    i.RCC_AHBPeriphClockCmd                  0x08001018   Section        0  stm32f10x_rcc.o(i.RCC_AHBPeriphClockCmd)
    i.RCC_APB1PeriphClockCmd                 0x08001038   Section        0  stm32f10x_rcc.o(i.RCC_APB1PeriphClockCmd)
    i.RCC_APB2PeriphClockCmd                 0x08001058   Section        0  stm32f10x_rcc.o(i.RCC_APB2PeriphClockCmd)
    i.RCC_GetClocksFreq                      0x08001078   Section        0  stm32f10x_rcc.o(i.RCC_GetClocksFreq)
    i.SPI2_ReadWriteByte                     0x0800114c   Section        0  spi.o(i.SPI2_ReadWriteByte)
    i.SPI2_SetSpeed                          0x080011a0   Section        0  spi.o(i.SPI2_SetSpeed)
    i.SPI_Cmd                                0x080011c8   Section        0  stm32f10x_spi.o(i.SPI_Cmd)
    i.SPI_I2S_GetFlagStatus                  0x080011e0   Section        0  stm32f10x_spi.o(i.SPI_I2S_GetFlagStatus)
    i.SPI_I2S_ReceiveData                    0x080011f2   Section        0  stm32f10x_spi.o(i.SPI_I2S_ReceiveData)
    i.SPI_I2S_SendData                       0x080011f8   Section        0  stm32f10x_spi.o(i.SPI_I2S_SendData)
    i.SPI_Init                               0x080011fc   Section        0  stm32f10x_spi.o(i.SPI_Init)
    i.SVC_Handler                            0x08001238   Section        0  stm32f10x_it.o(i.SVC_Handler)
    i.SetSysClock                            0x0800123a   Section        0  system_stm32f10x.o(i.SetSysClock)
    SetSysClock                              0x0800123b   Thumb Code     8  system_stm32f10x.o(i.SetSysClock)
    i.SetSysClockTo72                        0x08001244   Section        0  system_stm32f10x.o(i.SetSysClockTo72)
    SetSysClockTo72                          0x08001245   Thumb Code   214  system_stm32f10x.o(i.SetSysClockTo72)
    i.SumCheck                               0x08001324   Section        0  function.o(i.SumCheck)
    i.SysTick_CLKSourceConfig                0x08001346   Section        0  misc.o(i.SysTick_CLKSourceConfig)
    i.SysTick_Handler                        0x0800136e   Section        0  stm32f10x_it.o(i.SysTick_Handler)
    i.SystemInit                             0x08001370   Section        0  system_stm32f10x.o(i.SystemInit)
    i.TIM5_IRQHandler                        0x080013d0   Section        0  stm32f10x_it.o(i.TIM5_IRQHandler)
    i.TIM5_Int_Init                          0x0800152c   Section        0  timerx.o(i.TIM5_Int_Init)
    i.TIM6_IRQHandler                        0x0800158c   Section        0  timerx.o(i.TIM6_IRQHandler)
    i.TIM6_Int_Init                          0x080015b4   Section        0  timerx.o(i.TIM6_Int_Init)
    i.TIM_ClearITPendingBit                  0x08001614   Section        0  stm32f10x_tim.o(i.TIM_ClearITPendingBit)
    i.TIM_Cmd                                0x0800161a   Section        0  stm32f10x_tim.o(i.TIM_Cmd)
    i.TIM_GetITStatus                        0x08001632   Section        0  stm32f10x_tim.o(i.TIM_GetITStatus)
    i.TIM_ITConfig                           0x08001654   Section        0  stm32f10x_tim.o(i.TIM_ITConfig)
    i.TIM_TimeBaseInit                       0x08001668   Section        0  stm32f10x_tim.o(i.TIM_TimeBaseInit)
    i.UART4_IRQHandler                       0x0800170c   Section        0  stm32f10x_it.o(i.UART4_IRQHandler)
    i.USART2_IRQHandler                      0x08001710   Section        0  stm32f10x_it.o(i.USART2_IRQHandler)
    i.USART_ClearITPendingBit                0x080019e8   Section        0  stm32f10x_usart.o(i.USART_ClearITPendingBit)
    i.USART_Cmd                              0x08001a06   Section        0  stm32f10x_usart.o(i.USART_Cmd)
    i.USART_DMACmd                           0x08001a1e   Section        0  stm32f10x_usart.o(i.USART_DMACmd)
    i.USART_GetFlagStatus                    0x08001a30   Section        0  stm32f10x_usart.o(i.USART_GetFlagStatus)
    i.USART_GetITStatus                      0x08001a4a   Section        0  stm32f10x_usart.o(i.USART_GetITStatus)
    i.USART_ITConfig                         0x08001a9e   Section        0  stm32f10x_usart.o(i.USART_ITConfig)
    i.USART_Init                             0x08001ae8   Section        0  stm32f10x_usart.o(i.USART_Init)
    i.USART_ReceiveData                      0x08001bc0   Section        0  stm32f10x_usart.o(i.USART_ReceiveData)
    i.USART_SendData                         0x08001bca   Section        0  stm32f10x_usart.o(i.USART_SendData)
    i.Uart2ASendStr_slow                     0x08001bd4   Section        0  usart.o(i.Uart2ASendStr_slow)
    i.UartASendStr                           0x08001c04   Section        0  usart.o(i.UartASendStr)
    i.UartASendStr_slow                      0x08001c34   Section        0  usart.o(i.UartASendStr_slow)
    i.UsageFault_Handler                     0x08001c6c   Section        0  stm32f10x_it.o(i.UsageFault_Handler)
    i.__0printf$2                            0x08001c70   Section        0  printf2.o(i.__0printf$2)
    i.__scatterload_copy                     0x08001c90   Section       14  handlers.o(i.__scatterload_copy)
    i.__scatterload_null                     0x08001c9e   Section        2  handlers.o(i.__scatterload_null)
    i.__scatterload_zeroinit                 0x08001ca0   Section       14  handlers.o(i.__scatterload_zeroinit)
    i._printf_core                           0x08001cae   Section        0  printf2.o(i._printf_core)
    _printf_core                             0x08001caf   Thumb Code   214  printf2.o(i._printf_core)
    i.chksum                                 0x08001d84   Section        0  uip.o(i.chksum)
    chksum                                   0x08001d85   Thumb Code    70  uip.o(i.chksum)
    i.clear_queue                            0x08001dca   Section        0  queue.o(i.clear_queue)
    i.clock_time                             0x08001de0   Section        0  clock-arch.o(i.clock_time)
    i.de_queue                               0x08001dec   Section        0  queue.o(i.de_queue)
    i.delay_init                             0x08001e30   Section        0  delay.o(i.delay_init)
    i.delay_ms                               0x08001e74   Section        0  delay.o(i.delay_ms)
    i.en_queue                               0x08001ec0   Section        0  queue.o(i.en_queue)
    i.fputc                                  0x08001f30   Section        0  usart.o(i.fputc)
    i.free                                   0x08001f4c   Section        0  malloc.o(i.free)
    i.gpio_init                              0x08001f9c   Section        0  gpio_init.o(i.gpio_init)
    i.htons                                  0x080021f0   Section        0  uip.o(i.htons)
    i.init_queue                             0x080021fc   Section        0  queue.o(i.init_queue)
    i.main                                   0x08002214   Section        0  main.o(i.main)
    i.malloc                                 0x08002398   Section        0  malloc.o(i.malloc)
    i.parser_get_data                        0x08002404   Section        0  parser.o(i.parser_get_data)
    i.parser_init                            0x08002430   Section        0  parser.o(i.parser_init)
    i.parser_put_data                        0x08002494   Section        0  parser.o(i.parser_put_data)
    i.parser_release                         0x0800251a   Section        0  parser.o(i.parser_release)
    i.release_queue                          0x08002534   Section        0  queue.o(i.release_queue)
    i.scan_enable_receive                    0x08002548   Section        0  function.o(i.scan_enable_receive)
    i.tapdev_init                            0x08002a18   Section        0  tapdev.o(i.tapdev_init)
    i.tapdev_read                            0x08002a50   Section        0  tapdev.o(i.tapdev_read)
    i.tapdev_send                            0x08002a64   Section        0  tapdev.o(i.tapdev_send)
    i.tcp_client_aborted                     0x08002a7c   Section        0  tcp_client_demo.o(i.tcp_client_aborted)
    i.tcp_client_acked                       0x08002a94   Section        0  tcp_client_demo.o(i.tcp_client_acked)
    i.tcp_client_closed                      0x08002aa8   Section        0  tcp_client_demo.o(i.tcp_client_closed)
    i.tcp_client_connected                   0x08002ac0   Section        0  tcp_client_demo.o(i.tcp_client_connected)
    i.tcp_client_demo_appcall                0x08002af0   Section        0  tcp_client_demo.o(i.tcp_client_demo_appcall)
    i.tcp_client_reconnect                   0x08002be4   Section        0  tcp_client_demo.o(i.tcp_client_reconnect)
    i.tcp_client_senddata                    0x08002c10   Section        0  tcp_client_demo.o(i.tcp_client_senddata)
    i.tcp_client_timedout                    0x08002c30   Section        0  tcp_client_demo.o(i.tcp_client_timedout)
    i.tcp_demo_appcall                       0x08002c44   Section        0  tcp_demo.o(i.tcp_demo_appcall)
    i.tcp_server_aborted                     0x08002c84   Section        0  tcp_server_demo.o(i.tcp_server_aborted)
    i.tcp_server_acked                       0x08002c98   Section        0  tcp_server_demo.o(i.tcp_server_acked)
    i.tcp_server_closed                      0x08002cac   Section        0  tcp_server_demo.o(i.tcp_server_closed)
    i.tcp_server_connected                   0x08002cc0   Section        0  tcp_server_demo.o(i.tcp_server_connected)
    i.tcp_server_demo_appcall                0x08002cf0   Section        0  tcp_server_demo.o(i.tcp_server_demo_appcall)
    i.tcp_server_senddata                    0x08002df0   Section        0  tcp_server_demo.o(i.tcp_server_senddata)
    i.tcp_server_timedout                    0x08002e30   Section        0  tcp_server_demo.o(i.tcp_server_timedout)
    i.timer_expired                          0x08002e44   Section        0  timer.o(i.timer_expired)
    i.timer_reset                            0x08002e5e   Section        0  timer.o(i.timer_reset)
    i.timer_set                              0x08002e68   Section        0  timer.o(i.timer_set)
    i.uart1_init                             0x08002e78   Section        0  usart.o(i.uart1_init)
    i.uart2_init                             0x08002efc   Section        0  usart.o(i.uart2_init)
    i.uart4_init                             0x08002fa0   Section        0  usart.o(i.uart4_init)
    i.uip_add32                              0x0800302c   Section        0  uip.o(i.uip_add32)
    i.uip_add_rcv_nxt                        0x0800309c   Section        0  uip.o(i.uip_add_rcv_nxt)
    uip_add_rcv_nxt                          0x0800309d   Thumb Code    58  uip.o(i.uip_add_rcv_nxt)
    i.uip_arp_arpin                          0x080030e0   Section        0  uip_arp.o(i.uip_arp_arpin)
    i.uip_arp_out                            0x080031c8   Section        0  uip_arp.o(i.uip_arp_out)
    i.uip_arp_timer                          0x08003368   Section        0  uip_arp.o(i.uip_arp_timer)
    i.uip_arp_update                         0x080033c0   Section        0  uip_arp.o(i.uip_arp_update)
    uip_arp_update                           0x080033c1   Thumb Code   272  uip_arp.o(i.uip_arp_update)
    i.uip_connect                            0x080034e4   Section        0  uip.o(i.uip_connect)
    i.uip_init                               0x080035f4   Section        0  uip.o(i.uip_init)
    i.uip_ipchksum                           0x08003660   Section        0  uip.o(i.uip_ipchksum)
    i.uip_listen                             0x08003684   Section        0  uip.o(i.uip_listen)
    i.uip_log                                0x080036c4   Section        0  tcp_demo.o(i.uip_log)
    i.uip_polling                            0x080036e4   Section        0  main.o(i.uip_polling)
    i.uip_process                            0x080037d0   Section        0  uip.o(i.uip_process)
    i.uip_send                               0x0800477c   Section        0  uip.o(i.uip_send)
    i.uip_tcpchksum                          0x080047ac   Section        0  uip.o(i.uip_tcpchksum)
    i.upper_layer_chksum                     0x080047b8   Section        0  uip.o(i.upper_layer_chksum)
    upper_layer_chksum                       0x080047b9   Thumb Code    66  uip.o(i.upper_layer_chksum)
    i.zigbee_configure                       0x08004800   Section        0  zigbee.o(i.zigbee_configure)
    .constdata                               0x08004928   Section        4  uip.o(.constdata)
    all_zeroes_addr                          0x08004928   Data           4  uip.o(.constdata)
    .constdata                               0x0800492c   Section       10  uip_arp.o(.constdata)
    broadcast_ethaddr                        0x0800492c   Data           6  uip_arp.o(.constdata)
    broadcast_ipaddr                         0x08004932   Data           4  uip_arp.o(.constdata)
    .constdata                               0x08004936   Section        6  tapdev.o(.constdata)
    .data                                    0x20000000   Section       29  main.o(.data)
    periodic_timer                           0x2000000c   Data           8  main.o(.data)
    arp_timer                                0x20000014   Data           8  main.o(.data)
    timer_ok                                 0x2000001c   Data           1  main.o(.data)
    .data                                    0x20000020   Section       34  stm32f10x_it.o(.data)
    .data                                    0x20000044   Section        6  usart.o(.data)
    .data                                    0x2000004c   Section       66  function.o(.data)
    .data                                    0x2000008e   Section       20  stm32f10x_rcc.o(.data)
    APBAHBPrescTable                         0x2000008e   Data          16  stm32f10x_rcc.o(.data)
    ADCPrescTable                            0x2000009e   Data           4  stm32f10x_rcc.o(.data)
    .data                                    0x200000a4   Section       20  system_stm32f10x.o(.data)
    .data                                    0x200000b8   Section        8  enc28j60.o(.data)
    ENC28J60BANK                             0x200000b8   Data           1  enc28j60.o(.data)
    NextPacketPtr                            0x200000bc   Data           4  enc28j60.o(.data)
    .data                                    0x200000c0   Section        4  delay.o(.data)
    fac_us                                   0x200000c0   Data           1  delay.o(.data)
    fac_ms                                   0x200000c2   Data           2  delay.o(.data)
    .data                                    0x200000c4   Section        4  timerx.o(.data)
    .data                                    0x200000c8   Section       56  uip.o(.data)
    ipid                                     0x200000f0   Data           2  uip.o(.data)
    iss                                      0x200000f2   Data           4  uip.o(.data)
    lastport                                 0x200000f6   Data           2  uip.o(.data)
    c                                        0x200000fc   Data           1  uip.o(.data)
    opt                                      0x200000fd   Data           1  uip.o(.data)
    tmp16                                    0x200000fe   Data           2  uip.o(.data)
    .data                                    0x20000100   Section        8  uip_arp.o(.data)
    ipaddr                                   0x20000100   Data           4  uip_arp.o(.data)
    i                                        0x20000104   Data           1  uip_arp.o(.data)
    c                                        0x20000105   Data           1  uip_arp.o(.data)
    arptime                                  0x20000106   Data           1  uip_arp.o(.data)
    tmpage                                   0x20000107   Data           1  uip_arp.o(.data)
    .data                                    0x20000108   Section        1  tcp_client_demo.o(.data)
    .data                                    0x20000109   Section        1  tcp_server_demo.o(.data)
    .data                                    0x2000010c   Section        4  mvars.o(.data)
    .data                                    0x20000110   Section        4  mvars.o(.data)
    .bss                                     0x20000114   Section      115  main.o(.bss)
    .bss                                     0x20000187   Section       89  stm32f10x_it.o(.bss)
    .bss                                     0x200001e0   Section     2310  function.o(.bss)
    .bss                                     0x20000ae8   Section     5824  uip.o(.bss)
    .bss                                     0x200021a8   Section       96  uip_arp.o(.bss)
    arp_table                                0x200021a8   Data          96  uip_arp.o(.bss)
    .bss                                     0x20002208   Section      200  tcp_client_demo.o(.bss)
    .bss                                     0x200022d0   Section      200  tcp_server_demo.o(.bss)
    HEAP                                     0x20002398   Section      512  startup_stm32f10x_hd.o(HEAP)
    STACK                                    0x20002598   Section     1024  startup_stm32f10x_hd.o(STACK)

    Global Symbols

    Symbol Name                              Value     Ov Type        Size  Object(Section)

    BuildAttributes$$THM_ISAv4$P$D$K$B$S$PE$A:L22UL41UL21$X:L11$S22US41US21$IEEE1$IW$USESV6$~STKCKD$USESV7$~SHL$OSPACE$ROPI$EBA8$MICROLIB$REQ8$PRES8$EABIv2 0x00000000   Number         0  anon$$obj.o ABSOLUTE
    __ARM_use_no_argv                        0x00000000   Number         0  main.o ABSOLUTE
    __use_no_errno                           0x00000000   Number         0  useno.o ABSOLUTE
    __use_no_exception_handling              0x00000000   Number         0  useno.o ABSOLUTE
    __use_no_fp                              0x00000000   Number         0  useno.o ABSOLUTE
    __use_no_heap                            0x00000000   Number         0  useno.o ABSOLUTE
    __use_no_heap_region                     0x00000000   Number         0  useno.o ABSOLUTE
    __use_no_semihosting                     0x00000000   Number         0  useno.o ABSOLUTE
    __use_no_semihosting_swi                 0x00000000   Number         0  useno.o ABSOLUTE
    __use_no_signal_handling                 0x00000000   Number         0  useno.o ABSOLUTE
    _printf_a                                0x00000000   Number         0  stubs.o ABSOLUTE
    _printf_c                                0x00000000   Number         0  stubs.o ABSOLUTE
    _printf_charcount                        0x00000000   Number         0  stubs.o ABSOLUTE
    _printf_d                                0x00000000   Number         0  stubs.o ABSOLUTE
    _printf_e                                0x00000000   Number         0  stubs.o ABSOLUTE
    _printf_f                                0x00000000   Number         0  stubs.o ABSOLUTE
    _printf_flags                            0x00000000   Number         0  stubs.o ABSOLUTE
    _printf_fp_dec                           0x00000000   Number         0  stubs.o ABSOLUTE
    _printf_fp_hex                           0x00000000   Number         0  stubs.o ABSOLUTE
    _printf_g                                0x00000000   Number         0  stubs.o ABSOLUTE
    _printf_i                                0x00000000   Number         0  stubs.o ABSOLUTE
    _printf_int_dec                          0x00000000   Number         0  stubs.o ABSOLUTE
    _printf_l                                0x00000000   Number         0  stubs.o ABSOLUTE
    _printf_lc                               0x00000000   Number         0  stubs.o ABSOLUTE
    _printf_ll                               0x00000000   Number         0  stubs.o ABSOLUTE
    _printf_lld                              0x00000000   Number         0  stubs.o ABSOLUTE
    _printf_lli                              0x00000000   Number         0  stubs.o ABSOLUTE
    _printf_llo                              0x00000000   Number         0  stubs.o ABSOLUTE
    _printf_llu                              0x00000000   Number         0  stubs.o ABSOLUTE
    _printf_llx                              0x00000000   Number         0  stubs.o ABSOLUTE
    _printf_longlong_dec                     0x00000000   Number         0  stubs.o ABSOLUTE
    _printf_longlong_hex                     0x00000000   Number         0  stubs.o ABSOLUTE
    _printf_longlong_oct                     0x00000000   Number         0  stubs.o ABSOLUTE
    _printf_ls                               0x00000000   Number         0  stubs.o ABSOLUTE
    _printf_mbtowc                           0x00000000   Number         0  stubs.o ABSOLUTE
    _printf_n                                0x00000000   Number         0  stubs.o ABSOLUTE
    _printf_o                                0x00000000   Number         0  stubs.o ABSOLUTE
    _printf_p                                0x00000000   Number         0  stubs.o ABSOLUTE
    _printf_percent                          0x00000000   Number         0  stubs.o ABSOLUTE
    _printf_pre_padding                      0x00000000   Number         0  stubs.o ABSOLUTE
    _printf_return_value                     0x00000000   Number         0  stubs.o ABSOLUTE
    _printf_s                                0x00000000   Number         0  stubs.o ABSOLUTE
    _printf_sizespec                         0x00000000   Number         0  stubs.o ABSOLUTE
    _printf_str                              0x00000000   Number         0  stubs.o ABSOLUTE
    _printf_truncate_signed                  0x00000000   Number         0  stubs.o ABSOLUTE
    _printf_truncate_unsigned                0x00000000   Number         0  stubs.o ABSOLUTE
    _printf_u                                0x00000000   Number         0  stubs.o ABSOLUTE
    _printf_wc                               0x00000000   Number         0  stubs.o ABSOLUTE
    _printf_wctomb                           0x00000000   Number         0  stubs.o ABSOLUTE
    _printf_widthprec                        0x00000000   Number         0  stubs.o ABSOLUTE
    _printf_x                                0x00000000   Number         0  stubs.o ABSOLUTE
    __cpp_initialize__aeabi_                  - Undefined Weak Reference
    __cxa_finalize                            - Undefined Weak Reference
    __decompress                              - Undefined Weak Reference
    _clock_init                               - Undefined Weak Reference
    _microlib_exit                            - Undefined Weak Reference
    __Vectors_Size                           0x00000130   Number         0  startup_stm32f10x_hd.o ABSOLUTE
    __Vectors                                0x08000000   Data           4  startup_stm32f10x_hd.o(RESET)
    __Vectors_End                            0x08000130   Data           0  startup_stm32f10x_hd.o(RESET)
    __main                                   0x08000131   Thumb Code     0  entry.o(.ARM.Collect$$$$00000000)
    _main_stk                                0x08000131   Thumb Code     0  entry2.o(.ARM.Collect$$$$00000001)
    _main_scatterload                        0x08000135   Thumb Code     0  entry5.o(.ARM.Collect$$$$00000004)
    __main_after_scatterload                 0x08000139   Thumb Code     0  entry5.o(.ARM.Collect$$$$00000004)
    _main_clock                              0x08000139   Thumb Code     0  entry7b.o(.ARM.Collect$$$$00000008)
    _main_cpp_init                           0x08000139   Thumb Code     0  entry8b.o(.ARM.Collect$$$$0000000A)
    _main_init                               0x08000139   Thumb Code     0  entry9a.o(.ARM.Collect$$$$0000000B)
    __rt_final_cpp                           0x08000141   Thumb Code     0  entry10a.o(.ARM.Collect$$$$0000000D)
    __rt_final_exit                          0x08000141   Thumb Code     0  entry11a.o(.ARM.Collect$$$$0000000F)
    Reset_Handler                            0x08000145   Thumb Code     8  startup_stm32f10x_hd.o(.text)
    ADC1_2_IRQHandler                        0x0800015f   Thumb Code     0  startup_stm32f10x_hd.o(.text)
    ADC3_IRQHandler                          0x0800015f   Thumb Code     0  startup_stm32f10x_hd.o(.text)
    CAN1_RX1_IRQHandler                      0x0800015f   Thumb Code     0  startup_stm32f10x_hd.o(.text)
    CAN1_SCE_IRQHandler                      0x0800015f   Thumb Code     0  startup_stm32f10x_hd.o(.text)
    DMA1_Channel1_IRQHandler                 0x0800015f   Thumb Code     0  startup_stm32f10x_hd.o(.text)
    DMA1_Channel2_IRQHandler                 0x0800015f   Thumb Code     0  startup_stm32f10x_hd.o(.text)
    DMA1_Channel3_IRQHandler                 0x0800015f   Thumb Code     0  startup_stm32f10x_hd.o(.text)
    DMA1_Channel4_IRQHandler                 0x0800015f   Thumb Code     0  startup_stm32f10x_hd.o(.text)
    DMA1_Channel5_IRQHandler                 0x0800015f   Thumb Code     0  startup_stm32f10x_hd.o(.text)
    DMA1_Channel6_IRQHandler                 0x0800015f   Thumb Code     0  startup_stm32f10x_hd.o(.text)
    DMA1_Channel7_IRQHandler                 0x0800015f   Thumb Code     0  startup_stm32f10x_hd.o(.text)
    DMA2_Channel1_IRQHandler                 0x0800015f   Thumb Code     0  startup_stm32f10x_hd.o(.text)
    DMA2_Channel2_IRQHandler                 0x0800015f   Thumb Code     0  startup_stm32f10x_hd.o(.text)
    DMA2_Channel3_IRQHandler                 0x0800015f   Thumb Code     0  startup_stm32f10x_hd.o(.text)
    DMA2_Channel4_5_IRQHandler               0x0800015f   Thumb Code     0  startup_stm32f10x_hd.o(.text)
    EXTI0_IRQHandler                         0x0800015f   Thumb Code     0  startup_stm32f10x_hd.o(.text)
    EXTI15_10_IRQHandler                     0x0800015f   Thumb Code     0  startup_stm32f10x_hd.o(.text)
    EXTI1_IRQHandler                         0x0800015f   Thumb Code     0  startup_stm32f10x_hd.o(.text)
    EXTI2_IRQHandler                         0x0800015f   Thumb Code     0  startup_stm32f10x_hd.o(.text)
    EXTI3_IRQHandler                         0x0800015f   Thumb Code     0  startup_stm32f10x_hd.o(.text)
    EXTI4_IRQHandler                         0x0800015f   Thumb Code     0  startup_stm32f10x_hd.o(.text)
    EXTI9_5_IRQHandler                       0x0800015f   Thumb Code     0  startup_stm32f10x_hd.o(.text)
    FLASH_IRQHandler                         0x0800015f   Thumb Code     0  startup_stm32f10x_hd.o(.text)
    FSMC_IRQHandler                          0x0800015f   Thumb Code     0  startup_stm32f10x_hd.o(.text)
    I2C1_ER_IRQHandler                       0x0800015f   Thumb Code     0  startup_stm32f10x_hd.o(.text)
    I2C1_EV_IRQHandler                       0x0800015f   Thumb Code     0  startup_stm32f10x_hd.o(.text)
    I2C2_ER_IRQHandler                       0x0800015f   Thumb Code     0  startup_stm32f10x_hd.o(.text)
    I2C2_EV_IRQHandler                       0x0800015f   Thumb Code     0  startup_stm32f10x_hd.o(.text)
    PVD_IRQHandler                           0x0800015f   Thumb Code     0  startup_stm32f10x_hd.o(.text)
    RCC_IRQHandler                           0x0800015f   Thumb Code     0  startup_stm32f10x_hd.o(.text)
    RTCAlarm_IRQHandler                      0x0800015f   Thumb Code     0  startup_stm32f10x_hd.o(.text)
    RTC_IRQHandler                           0x0800015f   Thumb Code     0  startup_stm32f10x_hd.o(.text)
    SDIO_IRQHandler                          0x0800015f   Thumb Code     0  startup_stm32f10x_hd.o(.text)
    SPI1_IRQHandler                          0x0800015f   Thumb Code     0  startup_stm32f10x_hd.o(.text)
    SPI2_IRQHandler                          0x0800015f   Thumb Code     0  startup_stm32f10x_hd.o(.text)
    SPI3_IRQHandler                          0x0800015f   Thumb Code     0  startup_stm32f10x_hd.o(.text)
    TAMPER_IRQHandler                        0x0800015f   Thumb Code     0  startup_stm32f10x_hd.o(.text)
    TIM1_BRK_IRQHandler                      0x0800015f   Thumb Code     0  startup_stm32f10x_hd.o(.text)
    TIM1_CC_IRQHandler                       0x0800015f   Thumb Code     0  startup_stm32f10x_hd.o(.text)
    TIM1_TRG_COM_IRQHandler                  0x0800015f   Thumb Code     0  startup_stm32f10x_hd.o(.text)
    TIM1_UP_IRQHandler                       0x0800015f   Thumb Code     0  startup_stm32f10x_hd.o(.text)
    TIM2_IRQHandler                          0x0800015f   Thumb Code     0  startup_stm32f10x_hd.o(.text)
    TIM3_IRQHandler                          0x0800015f   Thumb Code     0  startup_stm32f10x_hd.o(.text)
    TIM4_IRQHandler                          0x0800015f   Thumb Code     0  startup_stm32f10x_hd.o(.text)
    TIM7_IRQHandler                          0x0800015f   Thumb Code     0  startup_stm32f10x_hd.o(.text)
    TIM8_BRK_IRQHandler                      0x0800015f   Thumb Code     0  startup_stm32f10x_hd.o(.text)
    TIM8_CC_IRQHandler                       0x0800015f   Thumb Code     0  startup_stm32f10x_hd.o(.text)
    TIM8_TRG_COM_IRQHandler                  0x0800015f   Thumb Code     0  startup_stm32f10x_hd.o(.text)
    TIM8_UP_IRQHandler                       0x0800015f   Thumb Code     0  startup_stm32f10x_hd.o(.text)
    UART5_IRQHandler                         0x0800015f   Thumb Code     0  startup_stm32f10x_hd.o(.text)
    USART1_IRQHandler                        0x0800015f   Thumb Code     0  startup_stm32f10x_hd.o(.text)
    USART3_IRQHandler                        0x0800015f   Thumb Code     0  startup_stm32f10x_hd.o(.text)
    USBWakeUp_IRQHandler                     0x0800015f   Thumb Code     0  startup_stm32f10x_hd.o(.text)
    USB_HP_CAN1_TX_IRQHandler                0x0800015f   Thumb Code     0  startup_stm32f10x_hd.o(.text)
    USB_LP_CAN1_RX0_IRQHandler               0x0800015f   Thumb Code     0  startup_stm32f10x_hd.o(.text)
    WWDG_IRQHandler                          0x0800015f   Thumb Code     0  startup_stm32f10x_hd.o(.text)
    __aeabi_memcpy                           0x08000169   Thumb Code    36  memcpya.o(.text)
    __aeabi_memcpy4                          0x08000169   Thumb Code     0  memcpya.o(.text)
    __aeabi_memcpy8                          0x08000169   Thumb Code     0  memcpya.o(.text)
    __aeabi_memset                           0x0800018d   Thumb Code    14  memseta.o(.text)
    __aeabi_memset4                          0x0800018d   Thumb Code     0  memseta.o(.text)
    __aeabi_memset8                          0x0800018d   Thumb Code     0  memseta.o(.text)
    __aeabi_memclr                           0x0800019b   Thumb Code     4  memseta.o(.text)
    __aeabi_memclr4                          0x0800019b   Thumb Code     0  memseta.o(.text)
    __aeabi_memclr8                          0x0800019b   Thumb Code     0  memseta.o(.text)
    _memset$wrapper                          0x0800019f   Thumb Code    18  memseta.o(.text)
    strlen                                   0x080001b1   Thumb Code    14  strlen.o(.text)
    strcpy                                   0x080001bf   Thumb Code    18  strcpy.o(.text)
    __scatterload                            0x080001d1   Thumb Code    28  init.o(.text)
    __scatterload_rt2                        0x080001d1   Thumb Code     0  init.o(.text)
    BusFault_Handler                         0x080001f5   Thumb Code     4  stm32f10x_it.o(i.BusFault_Handler)
    DMA_Cmd                                  0x080001f9   Thumb Code    24  stm32f10x_dma.o(i.DMA_Cmd)
    DMA_DeInit                               0x08000211   Thumb Code   324  stm32f10x_dma.o(i.DMA_DeInit)
    DMA_Init                                 0x0800035d   Thumb Code    60  stm32f10x_dma.o(i.DMA_Init)
    DMA_SetCurrDataCounter                   0x08000399   Thumb Code     4  stm32f10x_dma.o(i.DMA_SetCurrDataCounter)
    DebugMon_Handler                         0x0800039d   Thumb Code     2  stm32f10x_it.o(i.DebugMon_Handler)
    ENC28J60_Init                            0x080003a1   Thumb Code   366  enc28j60.o(i.ENC28J60_Init)
    ENC28J60_PHY_Write                       0x08000515   Thumb Code    62  enc28j60.o(i.ENC28J60_PHY_Write)
    ENC28J60_Packet_Receive                  0x08000555   Thumb Code   188  enc28j60.o(i.ENC28J60_Packet_Receive)
    ENC28J60_Packet_Send                     0x08000615   Thumb Code   102  enc28j60.o(i.ENC28J60_Packet_Send)
    ENC28J60_Read                            0x0800067b   Thumb Code    20  enc28j60.o(i.ENC28J60_Read)
    ENC28J60_Read_Buf                        0x08000691   Thumb Code    48  enc28j60.o(i.ENC28J60_Read_Buf)
    ENC28J60_Read_Op                         0x080006c5   Thumb Code    60  enc28j60.o(i.ENC28J60_Read_Op)
    ENC28J60_Reset                           0x08000705   Thumb Code    52  enc28j60.o(i.ENC28J60_Reset)
    ENC28J60_Set_Bank                        0x08000809   Thumb Code    48  enc28j60.o(i.ENC28J60_Set_Bank)
    ENC28J60_Write                           0x0800083d   Thumb Code    24  enc28j60.o(i.ENC28J60_Write)
    ENC28J60_Write_Buf                       0x08000855   Thumb Code    42  enc28j60.o(i.ENC28J60_Write_Buf)
    ENC28J60_Write_Op                        0x08000885   Thumb Code    50  enc28j60.o(i.ENC28J60_Write_Op)
    GPIO_Init                                0x080008c1   Thumb Code   278  stm32f10x_gpio.o(i.GPIO_Init)
    GPIO_PinRemapConfig                      0x080009d9   Thumb Code   138  stm32f10x_gpio.o(i.GPIO_PinRemapConfig)
    GPIO_ResetBits                           0x08000a69   Thumb Code     4  stm32f10x_gpio.o(i.GPIO_ResetBits)
    GPIO_SetBits                             0x08000a6d   Thumb Code     4  stm32f10x_gpio.o(i.GPIO_SetBits)
    Get_SumCheck                             0x08000a71   Thumb Code    78  function.o(i.Get_SumCheck)
    HC595G_WriteByte                         0x08000ac1   Thumb Code   922  74hc595.o(i.HC595G_WriteByte)
    HardFault_Handler                        0x08000e75   Thumb Code     2  stm32f10x_it.o(i.HardFault_Handler)
    IWDG_Enable                              0x08000e79   Thumb Code    10  stm32f10x_iwdg.o(i.IWDG_Enable)
    IWDG_Feed                                0x08000e89   Thumb Code     8  wdg.o(i.IWDG_Feed)
    IWDG_Init                                0x08000e91   Thumb Code    36  wdg.o(i.IWDG_Init)
    IWDG_ReloadCounter                       0x08000eb5   Thumb Code    10  stm32f10x_iwdg.o(i.IWDG_ReloadCounter)
    IWDG_SetPrescaler                        0x08000ec5   Thumb Code     6  stm32f10x_iwdg.o(i.IWDG_SetPrescaler)
    IWDG_SetReload                           0x08000ed1   Thumb Code     6  stm32f10x_iwdg.o(i.IWDG_SetReload)
    IWDG_WriteAccessCmd                      0x08000edd   Thumb Code     6  stm32f10x_iwdg.o(i.IWDG_WriteAccessCmd)
    MYDMA_Config                             0x08000ee9   Thumb Code   128  usart.o(i.MYDMA_Config)
    MYDMA_Enable                             0x08000f75   Thumb Code    32  usart.o(i.MYDMA_Enable)
    MemManage_Handler                        0x08000f9d   Thumb Code     4  stm32f10x_it.o(i.MemManage_Handler)
    NMI_Handler                              0x08000fa1   Thumb Code     2  stm32f10x_it.o(i.NMI_Handler)
    NVIC_Init                                0x08000fa5   Thumb Code   100  misc.o(i.NVIC_Init)
    PendSV_Handler                           0x08001015   Thumb Code     2  stm32f10x_it.o(i.PendSV_Handler)
    RCC_AHBPeriphClockCmd                    0x08001019   Thumb Code    26  stm32f10x_rcc.o(i.RCC_AHBPeriphClockCmd)
    RCC_APB1PeriphClockCmd                   0x08001039   Thumb Code    26  stm32f10x_rcc.o(i.RCC_APB1PeriphClockCmd)
    RCC_APB2PeriphClockCmd                   0x08001059   Thumb Code    26  stm32f10x_rcc.o(i.RCC_APB2PeriphClockCmd)
    RCC_GetClocksFreq                        0x08001079   Thumb Code   192  stm32f10x_rcc.o(i.RCC_GetClocksFreq)
    SPI2_ReadWriteByte                       0x0800114d   Thumb Code    78  spi.o(i.SPI2_ReadWriteByte)
    SPI2_SetSpeed                            0x080011a1   Thumb Code    36  spi.o(i.SPI2_SetSpeed)
    SPI_Cmd                                  0x080011c9   Thumb Code    24  stm32f10x_spi.o(i.SPI_Cmd)
    SPI_I2S_GetFlagStatus                    0x080011e1   Thumb Code    18  stm32f10x_spi.o(i.SPI_I2S_GetFlagStatus)
    SPI_I2S_ReceiveData                      0x080011f3   Thumb Code     6  stm32f10x_spi.o(i.SPI_I2S_ReceiveData)
    SPI_I2S_SendData                         0x080011f9   Thumb Code     4  stm32f10x_spi.o(i.SPI_I2S_SendData)
    SPI_Init                                 0x080011fd   Thumb Code    60  stm32f10x_spi.o(i.SPI_Init)
    SVC_Handler                              0x08001239   Thumb Code     2  stm32f10x_it.o(i.SVC_Handler)
    SumCheck                                 0x08001325   Thumb Code    34  function.o(i.SumCheck)
    SysTick_CLKSourceConfig                  0x08001347   Thumb Code    40  misc.o(i.SysTick_CLKSourceConfig)
    SysTick_Handler                          0x0800136f   Thumb Code     2  stm32f10x_it.o(i.SysTick_Handler)
    SystemInit                               0x08001371   Thumb Code    78  system_stm32f10x.o(i.SystemInit)
    TIM5_IRQHandler                          0x080013d1   Thumb Code   338  stm32f10x_it.o(i.TIM5_IRQHandler)
    TIM5_Int_Init                            0x0800152d   Thumb Code    90  timerx.o(i.TIM5_Int_Init)
    TIM6_IRQHandler                          0x0800158d   Thumb Code    32  timerx.o(i.TIM6_IRQHandler)
    TIM6_Int_Init                            0x080015b5   Thumb Code    90  timerx.o(i.TIM6_Int_Init)
    TIM_ClearITPendingBit                    0x08001615   Thumb Code     6  stm32f10x_tim.o(i.TIM_ClearITPendingBit)
    TIM_Cmd                                  0x0800161b   Thumb Code    24  stm32f10x_tim.o(i.TIM_Cmd)
    TIM_GetITStatus                          0x08001633   Thumb Code    34  stm32f10x_tim.o(i.TIM_GetITStatus)
    TIM_ITConfig                             0x08001655   Thumb Code    18  stm32f10x_tim.o(i.TIM_ITConfig)
    TIM_TimeBaseInit                         0x08001669   Thumb Code   122  stm32f10x_tim.o(i.TIM_TimeBaseInit)
    UART4_IRQHandler                         0x0800170d   Thumb Code     2  stm32f10x_it.o(i.UART4_IRQHandler)
    USART2_IRQHandler                        0x08001711   Thumb Code   670  stm32f10x_it.o(i.USART2_IRQHandler)
    USART_ClearITPendingBit                  0x080019e9   Thumb Code    30  stm32f10x_usart.o(i.USART_ClearITPendingBit)
    USART_Cmd                                0x08001a07   Thumb Code    24  stm32f10x_usart.o(i.USART_Cmd)
    USART_DMACmd                             0x08001a1f   Thumb Code    18  stm32f10x_usart.o(i.USART_DMACmd)
    USART_GetFlagStatus                      0x08001a31   Thumb Code    26  stm32f10x_usart.o(i.USART_GetFlagStatus)
    USART_GetITStatus                        0x08001a4b   Thumb Code    84  stm32f10x_usart.o(i.USART_GetITStatus)
    USART_ITConfig                           0x08001a9f   Thumb Code    74  stm32f10x_usart.o(i.USART_ITConfig)
    USART_Init                               0x08001ae9   Thumb Code   210  stm32f10x_usart.o(i.USART_Init)
    USART_ReceiveData                        0x08001bc1   Thumb Code    10  stm32f10x_usart.o(i.USART_ReceiveData)
    USART_SendData                           0x08001bcb   Thumb Code     8  stm32f10x_usart.o(i.USART_SendData)
    Uart2ASendStr_slow                       0x08001bd5   Thumb Code    44  usart.o(i.Uart2ASendStr_slow)
    UartASendStr                             0x08001c05   Thumb Code    44  usart.o(i.UartASendStr)
    UartASendStr_slow                        0x08001c35   Thumb Code    50  usart.o(i.UartASendStr_slow)
    UsageFault_Handler                       0x08001c6d   Thumb Code     4  stm32f10x_it.o(i.UsageFault_Handler)
    __0printf$2                              0x08001c71   Thumb Code    22  printf2.o(i.__0printf$2)
    __1printf$2                              0x08001c71   Thumb Code     0  printf2.o(i.__0printf$2)
    __2printf                                0x08001c71   Thumb Code     0  printf2.o(i.__0printf$2)
    __scatterload_copy                       0x08001c91   Thumb Code    14  handlers.o(i.__scatterload_copy)
    __scatterload_null                       0x08001c9f   Thumb Code     2  handlers.o(i.__scatterload_null)
    __scatterload_zeroinit                   0x08001ca1   Thumb Code    14  handlers.o(i.__scatterload_zeroinit)
    clear_queue                              0x08001dcb   Thumb Code    20  queue.o(i.clear_queue)
    clock_time                               0x08001de1   Thumb Code     6  clock-arch.o(i.clock_time)
    de_queue                                 0x08001ded   Thumb Code    66  queue.o(i.de_queue)
    delay_init                               0x08001e31   Thumb Code    50  delay.o(i.delay_init)
    delay_ms                                 0x08001e75   Thumb Code    72  delay.o(i.delay_ms)
    en_queue                                 0x08001ec1   Thumb Code   110  queue.o(i.en_queue)
    fputc                                    0x08001f31   Thumb Code    24  usart.o(i.fputc)
    free                                     0x08001f4d   Thumb Code    76  malloc.o(i.free)
    gpio_init                                0x08001f9d   Thumb Code   566  gpio_init.o(i.gpio_init)
    htons                                    0x080021f1   Thumb Code    12  uip.o(i.htons)
    init_queue                               0x080021fd   Thumb Code    22  queue.o(i.init_queue)
    main                                     0x08002215   Thumb Code   354  main.o(i.main)
    malloc                                   0x08002399   Thumb Code    92  malloc.o(i.malloc)
    parser_get_data                          0x08002405   Thumb Code    44  parser.o(i.parser_get_data)
    parser_init                              0x08002431   Thumb Code   100  parser.o(i.parser_init)
    parser_put_data                          0x08002495   Thumb Code   134  parser.o(i.parser_put_data)
    parser_release                           0x0800251b   Thumb Code    26  parser.o(i.parser_release)
    release_queue                            0x08002535   Thumb Code    20  queue.o(i.release_queue)
    scan_enable_receive                      0x08002549   Thumb Code  1214  function.o(i.scan_enable_receive)
    tapdev_init                              0x08002a19   Thumb Code    46  tapdev.o(i.tapdev_init)
    tapdev_read                              0x08002a51   Thumb Code    16  tapdev.o(i.tapdev_read)
    tapdev_send                              0x08002a65   Thumb Code    14  tapdev.o(i.tapdev_send)
    tcp_client_aborted                       0x08002a7d   Thumb Code    20  tcp_client_demo.o(i.tcp_client_aborted)
    tcp_client_acked                         0x08002a95   Thumb Code    14  tcp_client_demo.o(i.tcp_client_acked)
    tcp_client_closed                        0x08002aa9   Thumb Code    20  tcp_client_demo.o(i.tcp_client_closed)
    tcp_client_connected                     0x08002ac1   Thumb Code    38  tcp_client_demo.o(i.tcp_client_connected)
    tcp_client_demo_appcall                  0x08002af1   Thumb Code   220  tcp_client_demo.o(i.tcp_client_demo_appcall)
    tcp_client_reconnect                     0x08002be5   Thumb Code    42  tcp_client_demo.o(i.tcp_client_reconnect)
    tcp_client_senddata                      0x08002c11   Thumb Code    26  tcp_client_demo.o(i.tcp_client_senddata)
    tcp_client_timedout                      0x08002c31   Thumb Code    14  tcp_client_demo.o(i.tcp_client_timedout)
    tcp_demo_appcall                         0x08002c45   Thumb Code    60  tcp_demo.o(i.tcp_demo_appcall)
    tcp_server_aborted                       0x08002c85   Thumb Code    14  tcp_server_demo.o(i.tcp_server_aborted)
    tcp_server_acked                         0x08002c99   Thumb Code    14  tcp_server_demo.o(i.tcp_server_acked)
    tcp_server_closed                        0x08002cad   Thumb Code    14  tcp_server_demo.o(i.tcp_server_closed)
    tcp_server_connected                     0x08002cc1   Thumb Code    38  tcp_server_demo.o(i.tcp_server_connected)
    tcp_server_demo_appcall                  0x08002cf1   Thumb Code   230  tcp_server_demo.o(i.tcp_server_demo_appcall)
    tcp_server_senddata                      0x08002df1   Thumb Code    50  tcp_server_demo.o(i.tcp_server_senddata)
    tcp_server_timedout                      0x08002e31   Thumb Code    14  tcp_server_demo.o(i.tcp_server_timedout)
    timer_expired                            0x08002e45   Thumb Code    26  timer.o(i.timer_expired)
    timer_reset                              0x08002e5f   Thumb Code    10  timer.o(i.timer_reset)
    timer_set                                0x08002e69   Thumb Code    16  timer.o(i.timer_set)
    uart1_init                               0x08002e79   Thumb Code   122  usart.o(i.uart1_init)
    uart2_init                               0x08002efd   Thumb Code   156  usart.o(i.uart2_init)
    uart4_init                               0x08002fa1   Thumb Code   130  usart.o(i.uart4_init)
    uip_add32                                0x0800302d   Thumb Code   106  uip.o(i.uip_add32)
    uip_arp_arpin                            0x080030e1   Thumb Code   216  uip_arp.o(i.uip_arp_arpin)
    uip_arp_out                              0x080031c9   Thumb Code   366  uip_arp.o(i.uip_arp_out)
    uip_arp_timer                            0x08003369   Thumb Code    76  uip_arp.o(i.uip_arp_timer)
    uip_connect                              0x080034e5   Thumb Code   254  uip.o(i.uip_connect)
    uip_init                                 0x080035f5   Thumb Code    92  uip.o(i.uip_init)
    uip_ipchksum                             0x08003661   Thumb Code    30  uip.o(i.uip_ipchksum)
    uip_listen                               0x08003685   Thumb Code    54  uip.o(i.uip_listen)
    uip_log                                  0x080036c5   Thumb Code    14  tcp_demo.o(i.uip_log)
    uip_polling                              0x080036e5   Thumb Code   208  main.o(i.uip_polling)
    uip_process                              0x080037d1   Thumb Code  3986  uip.o(i.uip_process)
    uip_send                                 0x0800477d   Thumb Code    38  uip.o(i.uip_send)
    uip_tcpchksum                            0x080047ad   Thumb Code    10  uip.o(i.uip_tcpchksum)
    zigbee_configure                         0x08004801   Thumb Code   278  zigbee.o(i.zigbee_configure)
    mymac                                    0x08004936   Data           6  tapdev.o(.constdata)
    Region$$Table$$Base                      0x0800493c   Number         0  anon$$obj.o(Region$$Table)
    Region$$Table$$Limit                     0x0800495c   Number         0  anon$$obj.o(Region$$Table)
    USART_RX_BUF1                            0x20000000   Data           6  main.o(.data)
    receive_ip                               0x20000006   Data           4  main.o(.data)
    ii                                       0x2000000a   Data           1  main.o(.data)
    ipaddr                                   0x20000020   Data           4  stm32f10x_it.o(.data)
    j                                        0x20000024   Data           4  stm32f10x_it.o(.data)
    k                                        0x20000028   Data           4  stm32f10x_it.o(.data)
    l                                        0x2000002c   Data           4  stm32f10x_it.o(.data)
    SendFlag                                 0x20000030   Data           4  stm32f10x_it.o(.data)
    data_header_set                          0x20000034   Data           2  stm32f10x_it.o(.data)
    data_end_set                             0x20000036   Data           2  stm32f10x_it.o(.data)
    CH_NUM_temp                              0x20000038   Data           1  stm32f10x_it.o(.data)
    flag                                     0x2000003c   Data           4  stm32f10x_it.o(.data)
    rx_len                                   0x20000040   Data           1  stm32f10x_it.o(.data)
    receive_bufdata                          0x20000041   Data           1  stm32f10x_it.o(.data)
    __stdout                                 0x20000044   Data           4  usart.o(.data)
    DMA1_MEM_LEN                             0x20000048   Data           2  usart.o(.data)
    cnt                                      0x2000004c   Data           1  function.o(.data)
    CH_NUM                                   0x2000004d   Data           1  function.o(.data)
    slave_id_max                             0x2000004e   Data           1  function.o(.data)
    data_to_dp_1                             0x2000004f   Data           2  function.o(.data)
    data_to_dp_2                             0x20000051   Data           2  function.o(.data)
    tcp_server_tsta                          0x20000053   Data           1  function.o(.data)
    signal_intensity                         0x20000054   Data           5  function.o(.data)
    test_get                                 0x2000005c   Data           4  function.o(.data)
    slave_id                                 0x20000060   Data           1  function.o(.data)
    slave_id_cnt                             0x20000061   Data           1  function.o(.data)
    a                                        0x20000064   Data           4  function.o(.data)
    b                                        0x20000068   Data           4  function.o(.data)
    c                                        0x2000006c   Data           4  function.o(.data)
    d                                        0x20000070   Data           4  function.o(.data)
    i                                        0x20000074   Data           4  function.o(.data)
    data_header                              0x20000078   Data           3  function.o(.data)
    data_end                                 0x2000007b   Data           2  function.o(.data)
    checksum                                 0x20000080   Data           4  function.o(.data)
    frame_to_slave                           0x20000084   Data          10  function.o(.data)
    SystemCoreClock                          0x200000a4   Data           4  system_stm32f10x.o(.data)
    AHBPrescTable                            0x200000a8   Data          16  system_stm32f10x.o(.data)
    uip_timer                                0x200000c4   Data           4  timerx.o(.data)
    uip_hostaddr                             0x200000c8   Data           4  uip.o(.data)
    uip_draddr                               0x200000cc   Data           4  uip.o(.data)
    uip_netmask                              0x200000d0   Data           4  uip.o(.data)
    uip_ethaddr                              0x200000d4   Data           6  uip.o(.data)
    uip_appdata                              0x200000dc   Data           4  uip.o(.data)
    uip_sappdata                             0x200000e0   Data           4  uip.o(.data)
    uip_len                                  0x200000e4   Data           2  uip.o(.data)
    uip_slen                                 0x200000e6   Data           2  uip.o(.data)
    uip_flags                                0x200000e8   Data           1  uip.o(.data)
    uip_conn                                 0x200000ec   Data           4  uip.o(.data)
    uip_acc32                                0x200000f8   Data           4  uip.o(.data)
    tcp_client_sta                           0x20000108   Data           1  tcp_client_demo.o(.data)
    tcp_server_sta                           0x20000109   Data           1  tcp_server_demo.o(.data)
    __microlib_freelist                      0x2000010c   Data           4  mvars.o(.data)
    __microlib_freelist_initialised          0x20000110   Data           4  mvars.o(.data)
    USART_RX_BUF                             0x20000114   Data          25  main.o(.bss)
    receive_dp_data                          0x2000012d   Data          90  main.o(.bss)
    set_data                                 0x20000187   Data          22  stm32f10x_it.o(.bss)
    EN                                       0x2000019d   Data          21  stm32f10x_it.o(.bss)
    temp_data                                0x200001b2   Data          25  stm32f10x_it.o(.bss)
    IRQ_in                                   0x200001cb   Data          21  stm32f10x_it.o(.bss)
    receive_data                             0x200001e0   Data        1050  function.o(.bss)
    receive_signal_data                      0x200005fa   Data         126  function.o(.bss)
    receive_slave_data                       0x20000678   Data         546  function.o(.bss)
    receive_slave_signal_data                0x2000089a   Data          21  function.o(.bss)
    dp_offline_flag                          0x200008af   Data          21  function.o(.bss)
    data_to_dp_temp                          0x200008c4   Data         336  function.o(.bss)
    offline_to_tcp                           0x20000a14   Data          21  function.o(.bss)
    signal_data                              0x20000a29   Data         126  function.o(.bss)
    offline_flag                             0x20000aa7   Data          21  function.o(.bss)
    offline_cnt                              0x20000abc   Data          21  function.o(.bss)
    offline_flag_temp                        0x20000ad1   Data          21  function.o(.bss)
    uip_buf                                  0x20000ae8   Data        4098  uip.o(.bss)
    uip_conns                                0x20001aec   Data        1600  uip.o(.bss)
    uip_listenports                          0x2000212c   Data          80  uip.o(.bss)
    uip_stat                                 0x2000217c   Data          44  uip.o(.bss)
    tcp_client_databuf                       0x20002208   Data         200  tcp_client_demo.o(.bss)
    tcp_server_databuf                       0x200022d0   Data         200  tcp_server_demo.o(.bss)
    __heap_base                              0x20002398   Data           0  startup_stm32f10x_hd.o(HEAP)
    __heap_limit                             0x20002598   Data           0  startup_stm32f10x_hd.o(HEAP)
    __initial_sp                             0x20002998   Data           0  startup_stm32f10x_hd.o(STACK)



==============================================================================

Memory Map of the image

  Image Entry point : 0x08000131

  Load Region LR_IROM1 (Base: 0x08000000, Size: 0x00004a70, Max: 0x00080000, ABSOLUTE)

    Execution Region ER_IROM1 (Base: 0x08000000, Size: 0x0000495c, Max: 0x00080000, ABSOLUTE)

    Base Addr    Size         Type   Attr      Idx    E Section Name        Object

    0x08000000   0x00000130   Data   RO         3615    RESET               startup_stm32f10x_hd.o
    0x08000130   0x00000000   Code   RO         4840  * .ARM.Collect$$$$00000000  mc_w.l(entry.o)
    0x08000130   0x00000004   Code   RO         5142    .ARM.Collect$$$$00000001  mc_w.l(entry2.o)
    0x08000134   0x00000004   Code   RO         5145    .ARM.Collect$$$$00000004  mc_w.l(entry5.o)
    0x08000138   0x00000000   Code   RO         5147    .ARM.Collect$$$$00000008  mc_w.l(entry7b.o)
    0x08000138   0x00000000   Code   RO         5149    .ARM.Collect$$$$0000000A  mc_w.l(entry8b.o)
    0x08000138   0x00000008   Code   RO         5150    .ARM.Collect$$$$0000000B  mc_w.l(entry9a.o)
    0x08000140   0x00000000   Code   RO         5152    .ARM.Collect$$$$0000000D  mc_w.l(entry10a.o)
    0x08000140   0x00000000   Code   RO         5154    .ARM.Collect$$$$0000000F  mc_w.l(entry11a.o)
    0x08000140   0x00000004   Code   RO         5143    .ARM.Collect$$$$00002712  mc_w.l(entry2.o)
    0x08000144   0x00000024   Code   RO         3616    .text               startup_stm32f10x_hd.o
    0x08000168   0x00000024   Code   RO         4843    .text               mc_w.l(memcpya.o)
    0x0800018c   0x00000024   Code   RO         4845    .text               mc_w.l(memseta.o)
    0x080001b0   0x0000000e   Code   RO         4847    .text               mc_w.l(strlen.o)
    0x080001be   0x00000012   Code   RO         4849    .text               mc_w.l(strcpy.o)
    0x080001d0   0x00000024   Code   RO         5173    .text               mc_w.l(init.o)
    0x080001f4   0x00000004   Code   RO          224    i.BusFault_Handler  stm32f10x_it.o
    0x080001f8   0x00000018   Code   RO         2227    i.DMA_Cmd           stm32f10x_dma.o
    0x08000210   0x0000014c   Code   RO         2228    i.DMA_DeInit        stm32f10x_dma.o
    0x0800035c   0x0000003c   Code   RO         2233    i.DMA_Init          stm32f10x_dma.o
    0x08000398   0x00000004   Code   RO         2234    i.DMA_SetCurrDataCounter  stm32f10x_dma.o
    0x0800039c   0x00000002   Code   RO          225    i.DebugMon_Handler  stm32f10x_it.o
    0x0800039e   0x00000002   PAD
    0x080003a0   0x00000174   Code   RO         3621    i.ENC28J60_Init     enc28j60.o
    0x08000514   0x0000003e   Code   RO         3622    i.ENC28J60_PHY_Write  enc28j60.o
    0x08000552   0x00000002   PAD
    0x08000554   0x000000c0   Code   RO         3623    i.ENC28J60_Packet_Receive  enc28j60.o
    0x08000614   0x00000066   Code   RO         3624    i.ENC28J60_Packet_Send  enc28j60.o
    0x0800067a   0x00000014   Code   RO         3625    i.ENC28J60_Read     enc28j60.o
    0x0800068e   0x00000002   PAD
    0x08000690   0x00000034   Code   RO         3626    i.ENC28J60_Read_Buf  enc28j60.o
    0x080006c4   0x00000040   Code   RO         3627    i.ENC28J60_Read_Op  enc28j60.o
    0x08000704   0x0000003c   Code   RO         3628    i.ENC28J60_Reset    enc28j60.o
    0x08000740   0x000000c8   Code   RO         3629    i.ENC28J60_SPI2_Init  enc28j60.o
    0x08000808   0x00000034   Code   RO         3630    i.ENC28J60_Set_Bank  enc28j60.o
    0x0800083c   0x00000018   Code   RO         3631    i.ENC28J60_Write    enc28j60.o
    0x08000854   0x00000030   Code   RO         3632    i.ENC28J60_Write_Buf  enc28j60.o
    0x08000884   0x0000003c   Code   RO         3633    i.ENC28J60_Write_Op  enc28j60.o
    0x080008c0   0x00000116   Code   RO          524    i.GPIO_Init         stm32f10x_gpio.o
    0x080009d6   0x00000002   PAD
    0x080009d8   0x00000090   Code   RO          526    i.GPIO_PinRemapConfig  stm32f10x_gpio.o
    0x08000a68   0x00000004   Code   RO          531    i.GPIO_ResetBits    stm32f10x_gpio.o
    0x08000a6c   0x00000004   Code   RO          532    i.GPIO_SetBits      stm32f10x_gpio.o
    0x08000a70   0x0000004e   Code   RO          489    i.Get_SumCheck      function.o
    0x08000abe   0x00000002   PAD
    0x08000ac0   0x000003b4   Code   RO         3878    i.HC595G_WriteByte  74hc595.o
    0x08000e74   0x00000002   Code   RO          226    i.HardFault_Handler  stm32f10x_it.o
    0x08000e76   0x00000002   PAD
    0x08000e78   0x00000010   Code   RO         2129    i.IWDG_Enable       stm32f10x_iwdg.o
    0x08000e88   0x00000008   Code   RO         4105    i.IWDG_Feed         wdg.o
    0x08000e90   0x00000024   Code   RO         4106    i.IWDG_Init         wdg.o
    0x08000eb4   0x00000010   Code   RO         2131    i.IWDG_ReloadCounter  stm32f10x_iwdg.o
    0x08000ec4   0x0000000c   Code   RO         2132    i.IWDG_SetPrescaler  stm32f10x_iwdg.o
    0x08000ed0   0x0000000c   Code   RO         2133    i.IWDG_SetReload    stm32f10x_iwdg.o
    0x08000edc   0x0000000c   Code   RO         2134    i.IWDG_WriteAccessCmd  stm32f10x_iwdg.o
    0x08000ee8   0x0000008c   Code   RO          307    i.MYDMA_Config      usart.o
    0x08000f74   0x00000028   Code   RO          308    i.MYDMA_Enable      usart.o
    0x08000f9c   0x00000004   Code   RO          227    i.MemManage_Handler  stm32f10x_it.o
    0x08000fa0   0x00000002   Code   RO          228    i.NMI_Handler       stm32f10x_it.o
    0x08000fa2   0x00000002   PAD
    0x08000fa4   0x00000070   Code   RO         1239    i.NVIC_Init         misc.o
    0x08001014   0x00000002   Code   RO          229    i.PendSV_Handler    stm32f10x_it.o
    0x08001016   0x00000002   PAD
    0x08001018   0x00000020   Code   RO          716    i.RCC_AHBPeriphClockCmd  stm32f10x_rcc.o
    0x08001038   0x00000020   Code   RO          717    i.RCC_APB1PeriphClockCmd  stm32f10x_rcc.o
    0x08001058   0x00000020   Code   RO          719    i.RCC_APB2PeriphClockCmd  stm32f10x_rcc.o
    0x08001078   0x000000d4   Code   RO          727    i.RCC_GetClocksFreq  stm32f10x_rcc.o
    0x0800114c   0x00000054   Code   RO         3840    i.SPI2_ReadWriteByte  spi.o
    0x080011a0   0x00000028   Code   RO         3841    i.SPI2_SetSpeed     spi.o
    0x080011c8   0x00000018   Code   RO         1100    i.SPI_Cmd           stm32f10x_spi.o
    0x080011e0   0x00000012   Code   RO         1108    i.SPI_I2S_GetFlagStatus  stm32f10x_spi.o
    0x080011f2   0x00000006   Code   RO         1111    i.SPI_I2S_ReceiveData  stm32f10x_spi.o
    0x080011f8   0x00000004   Code   RO         1112    i.SPI_I2S_SendData  stm32f10x_spi.o
    0x080011fc   0x0000003c   Code   RO         1113    i.SPI_Init          stm32f10x_spi.o
    0x08001238   0x00000002   Code   RO          230    i.SVC_Handler       stm32f10x_it.o
    0x0800123a   0x00000008   Code   RO         3579    i.SetSysClock       system_stm32f10x.o
    0x08001242   0x00000002   PAD
    0x08001244   0x000000e0   Code   RO         3580    i.SetSysClockTo72   system_stm32f10x.o
    0x08001324   0x00000022   Code   RO          490    i.SumCheck          function.o
    0x08001346   0x00000028   Code   RO         1243    i.SysTick_CLKSourceConfig  misc.o
    0x0800136e   0x00000002   Code   RO          231    i.SysTick_Handler   stm32f10x_it.o
    0x08001370   0x00000060   Code   RO         3582    i.SystemInit        system_stm32f10x.o
    0x080013d0   0x0000015c   Code   RO          232    i.TIM5_IRQHandler   stm32f10x_it.o
    0x0800152c   0x00000060   Code   RO         3931    i.TIM5_Int_Init     timerx.o
    0x0800158c   0x00000028   Code   RO         3932    i.TIM6_IRQHandler   timerx.o
    0x080015b4   0x00000060   Code   RO         3933    i.TIM6_Int_Init     timerx.o
    0x08001614   0x00000006   Code   RO         1286    i.TIM_ClearITPendingBit  stm32f10x_tim.o
    0x0800161a   0x00000018   Code   RO         1291    i.TIM_Cmd           stm32f10x_tim.o
    0x08001632   0x00000022   Code   RO         1312    i.TIM_GetITStatus   stm32f10x_tim.o
    0x08001654   0x00000012   Code   RO         1316    i.TIM_ITConfig      stm32f10x_tim.o
    0x08001666   0x00000002   PAD
    0x08001668   0x000000a4   Code   RO         1362    i.TIM_TimeBaseInit  stm32f10x_tim.o
    0x0800170c   0x00000002   Code   RO          233    i.UART4_IRQHandler  stm32f10x_it.o
    0x0800170e   0x00000002   PAD
    0x08001710   0x000002d8   Code   RO          234    i.USART2_IRQHandler  stm32f10x_it.o
    0x080019e8   0x0000001e   Code   RO          916    i.USART_ClearITPendingBit  stm32f10x_usart.o
    0x08001a06   0x00000018   Code   RO          919    i.USART_Cmd         stm32f10x_usart.o
    0x08001a1e   0x00000012   Code   RO          920    i.USART_DMACmd      stm32f10x_usart.o
    0x08001a30   0x0000001a   Code   RO          922    i.USART_GetFlagStatus  stm32f10x_usart.o
    0x08001a4a   0x00000054   Code   RO          923    i.USART_GetITStatus  stm32f10x_usart.o
    0x08001a9e   0x0000004a   Code   RO          925    i.USART_ITConfig    stm32f10x_usart.o
    0x08001ae8   0x000000d8   Code   RO          926    i.USART_Init        stm32f10x_usart.o
    0x08001bc0   0x0000000a   Code   RO          933    i.USART_ReceiveData  stm32f10x_usart.o
    0x08001bca   0x00000008   Code   RO          936    i.USART_SendData    stm32f10x_usart.o
    0x08001bd2   0x00000002   PAD
    0x08001bd4   0x00000030   Code   RO          311    i.Uart2ASendStr_slow  usart.o
    0x08001c04   0x00000030   Code   RO          313    i.UartASendStr      usart.o
    0x08001c34   0x00000038   Code   RO          314    i.UartASendStr_slow  usart.o
    0x08001c6c   0x00000004   Code   RO          235    i.UsageFault_Handler  stm32f10x_it.o
    0x08001c70   0x00000020   Code   RO         4920    i.__0printf$2       mc_w.l(printf2.o)
    0x08001c90   0x0000000e   Code   RO         5185    i.__scatterload_copy  mc_w.l(handlers.o)
    0x08001c9e   0x00000002   Code   RO         5186    i.__scatterload_null  mc_w.l(handlers.o)
    0x08001ca0   0x0000000e   Code   RO         5187    i.__scatterload_zeroinit  mc_w.l(handlers.o)
    0x08001cae   0x000000d6   Code   RO         4927    i._printf_core      mc_w.l(printf2.o)
    0x08001d84   0x00000046   Code   RO         4273    i.chksum            uip.o
    0x08001dca   0x00000014   Code   RO         4024    i.clear_queue       queue.o
    0x08001dde   0x00000002   PAD
    0x08001de0   0x0000000c   Code   RO         4573    i.clock_time        clock-arch.o
    0x08001dec   0x00000042   Code   RO         4025    i.de_queue          queue.o
    0x08001e2e   0x00000002   PAD
    0x08001e30   0x00000044   Code   RO         3902    i.delay_init        delay.o
    0x08001e74   0x0000004c   Code   RO         3903    i.delay_ms          delay.o
    0x08001ec0   0x0000006e   Code   RO         4026    i.en_queue          queue.o
    0x08001f2e   0x00000002   PAD
    0x08001f30   0x0000001c   Code   RO          316    i.fputc             usart.o
    0x08001f4c   0x00000050   Code   RO         5114    i.free              mc_w.l(malloc.o)
    0x08001f9c   0x00000254   Code   RO         3863    i.gpio_init         gpio_init.o
    0x080021f0   0x0000000c   Code   RO         4274    i.htons             uip.o
    0x080021fc   0x00000016   Code   RO         4027    i.init_queue        queue.o
    0x08002212   0x00000002   PAD
    0x08002214   0x00000184   Code   RO            1    i.main              main.o
    0x08002398   0x0000006c   Code   RO         5115    i.malloc            mc_w.l(malloc.o)
    0x08002404   0x0000002c   Code   RO         4069    i.parser_get_data   parser.o
    0x08002430   0x00000064   Code   RO         4070    i.parser_init       parser.o
    0x08002494   0x00000086   Code   RO         4071    i.parser_put_data   parser.o
    0x0800251a   0x0000001a   Code   RO         4072    i.parser_release    parser.o
    0x08002534   0x00000014   Code   RO         4028    i.release_queue     queue.o
    0x08002548   0x000004d0   Code   RO          491    i.scan_enable_receive  function.o
    0x08002a18   0x00000038   Code   RO         4589    i.tapdev_init       tapdev.o
    0x08002a50   0x00000014   Code   RO         4590    i.tapdev_read       tapdev.o
    0x08002a64   0x00000018   Code   RO         4591    i.tapdev_send       tapdev.o
    0x08002a7c   0x00000018   Code   RO         4642    i.tcp_client_aborted  tcp_client_demo.o
    0x08002a94   0x00000014   Code   RO         4643    i.tcp_client_acked  tcp_client_demo.o
    0x08002aa8   0x00000018   Code   RO         4644    i.tcp_client_closed  tcp_client_demo.o
    0x08002ac0   0x00000030   Code   RO         4645    i.tcp_client_connected  tcp_client_demo.o
    0x08002af0   0x000000f4   Code   RO         4646    i.tcp_client_demo_appcall  tcp_client_demo.o
    0x08002be4   0x0000002a   Code   RO         4647    i.tcp_client_reconnect  tcp_client_demo.o
    0x08002c0e   0x00000002   PAD
    0x08002c10   0x00000020   Code   RO         4648    i.tcp_client_senddata  tcp_client_demo.o
    0x08002c30   0x00000014   Code   RO         4649    i.tcp_client_timedout  tcp_client_demo.o
    0x08002c44   0x00000040   Code   RO         4726    i.tcp_demo_appcall  tcp_demo.o
    0x08002c84   0x00000014   Code   RO         4767    i.tcp_server_aborted  tcp_server_demo.o
    0x08002c98   0x00000014   Code   RO         4768    i.tcp_server_acked  tcp_server_demo.o
    0x08002cac   0x00000014   Code   RO         4769    i.tcp_server_closed  tcp_server_demo.o
    0x08002cc0   0x00000030   Code   RO         4770    i.tcp_server_connected  tcp_server_demo.o
    0x08002cf0   0x00000100   Code   RO         4771    i.tcp_server_demo_appcall  tcp_server_demo.o
    0x08002df0   0x00000040   Code   RO         4772    i.tcp_server_senddata  tcp_server_demo.o
    0x08002e30   0x00000014   Code   RO         4773    i.tcp_server_timedout  tcp_server_demo.o
    0x08002e44   0x0000001a   Code   RO         4234    i.timer_expired     timer.o
    0x08002e5e   0x0000000a   Code   RO         4235    i.timer_reset       timer.o
    0x08002e68   0x00000010   Code   RO         4237    i.timer_set         timer.o
    0x08002e78   0x00000084   Code   RO          317    i.uart1_init        usart.o
    0x08002efc   0x000000a4   Code   RO          318    i.uart2_init        usart.o
    0x08002fa0   0x0000008c   Code   RO          319    i.uart4_init        usart.o
    0x0800302c   0x00000070   Code   RO         4275    i.uip_add32         uip.o
    0x0800309c   0x00000044   Code   RO         4276    i.uip_add_rcv_nxt   uip.o
    0x080030e0   0x000000e8   Code   RO         4383    i.uip_arp_arpin     uip_arp.o
    0x080031c8   0x000001a0   Code   RO         4385    i.uip_arp_out       uip_arp.o
    0x08003368   0x00000058   Code   RO         4386    i.uip_arp_timer     uip_arp.o
    0x080033c0   0x00000124   Code   RO         4387    i.uip_arp_update    uip_arp.o
    0x080034e4   0x00000110   Code   RO         4278    i.uip_connect       uip.o
    0x080035f4   0x0000006c   Code   RO         4279    i.uip_init          uip.o
    0x08003660   0x00000024   Code   RO         4280    i.uip_ipchksum      uip.o
    0x08003684   0x00000040   Code   RO         4281    i.uip_listen        uip.o
    0x080036c4   0x00000020   Code   RO         4727    i.uip_log           tcp_demo.o
    0x080036e4   0x000000ec   Code   RO            2    i.uip_polling       main.o
    0x080037d0   0x00000fac   Code   RO         4282    i.uip_process       uip.o
    0x0800477c   0x00000030   Code   RO         4283    i.uip_send          uip.o
    0x080047ac   0x0000000a   Code   RO         4285    i.uip_tcpchksum     uip.o
    0x080047b6   0x00000002   PAD
    0x080047b8   0x00000048   Code   RO         4288    i.upper_layer_chksum  uip.o
    0x08004800   0x00000128   Code   RO         3977    i.zigbee_configure  zigbee.o
    0x08004928   0x00000004   Data   RO         4290    .constdata          uip.o
    0x0800492c   0x0000000a   Data   RO         4389    .constdata          uip_arp.o
    0x08004936   0x00000006   Data   RO         4592    .constdata          tapdev.o
    0x0800493c   0x00000020   Data   RO         5183    Region$$Table       anon$$obj.o


    Execution Region RW_IRAM1 (Base: 0x20000000, Size: 0x00002998, Max: 0x00010000, ABSOLUTE)

    Base Addr    Size         Type   Attr      Idx    E Section Name        Object

    0x20000000   0x0000001d   Data   RW            4    .data               main.o
    0x2000001d   0x00000003   PAD
    0x20000020   0x00000022   Data   RW          237    .data               stm32f10x_it.o
    0x20000042   0x00000002   PAD
    0x20000044   0x00000006   Data   RW          321    .data               usart.o
    0x2000004a   0x00000002   PAD
    0x2000004c   0x00000042   Data   RW          493    .data               function.o
    0x2000008e   0x00000014   Data   RW          747    .data               stm32f10x_rcc.o
    0x200000a2   0x00000002   PAD
    0x200000a4   0x00000014   Data   RW         3583    .data               system_stm32f10x.o
    0x200000b8   0x00000008   Data   RW         3634    .data               enc28j60.o
    0x200000c0   0x00000004   Data   RW         3905    .data               delay.o
    0x200000c4   0x00000004   Data   RW         3934    .data               timerx.o
    0x200000c8   0x00000038   Data   RW         4291    .data               uip.o
    0x20000100   0x00000008   Data   RW         4390    .data               uip_arp.o
    0x20000108   0x00000001   Data   RW         4651    .data               tcp_client_demo.o
    0x20000109   0x00000001   Data   RW         4775    .data               tcp_server_demo.o
    0x2000010a   0x00000002   PAD
    0x2000010c   0x00000004   Data   RW         5160    .data               mc_w.l(mvars.o)
    0x20000110   0x00000004   Data   RW         5161    .data               mc_w.l(mvars.o)
    0x20000114   0x00000073   Zero   RW            3    .bss                main.o
    0x20000187   0x00000059   Zero   RW          236    .bss                stm32f10x_it.o
    0x200001e0   0x00000906   Zero   RW          492    .bss                function.o
    0x20000ae6   0x00000002   PAD
    0x20000ae8   0x000016c0   Zero   RW         4289    .bss                uip.o
    0x200021a8   0x00000060   Zero   RW         4388    .bss                uip_arp.o
    0x20002208   0x000000c8   Zero   RW         4650    .bss                tcp_client_demo.o
    0x200022d0   0x000000c8   Zero   RW         4774    .bss                tcp_server_demo.o
    0x20002398   0x00000200   Zero   RW         3614    HEAP                startup_stm32f10x_hd.o
    0x20002598   0x00000400   Zero   RW         3613    STACK               startup_stm32f10x_hd.o


==============================================================================

Image component sizes


      Code (inc. data)   RO Data    RW Data    ZI Data      Debug   Object Name

       948         26          0          0          0       1655   74hc595.o
        12          6          0          0          0        793   clock-arch.o
         0          0          0          0          0         32   core_cm3.o
       144         22          0          4          0       1104   delay.o
      1308         54          0          8          0     248556   enc28j60.o
      1344         98          0         66       2310       4559   function.o
       596         30          0          0          0        836   gpio_init.o
       624         62          0         29        115     219134   main.o
       152         12          0          0          0       1402   misc.o
       304          0          0          0          0       3023   parser.o
         0          0          0          0          0       1422   psock.o
       238          0          0          0          0       3965   queue.o
       124         10          0          0          0       1125   spi.o
        36          8        304          0       1536        792   startup_stm32f10x_hd.o
       420          8          0          0          0       3755   stm32f10x_dma.o
       430          6          0          0          0     268410   stm32f10x_gpio.o
      1102         68          0         34         89       7394   stm32f10x_it.o
        68         30          0          0          0       2270   stm32f10x_iwdg.o
       308         38          0         20          0       4750   stm32f10x_rcc.o
       112          0          0          0          0       3542   stm32f10x_spi.o
       246         42          0          0          0       3266   stm32f10x_tim.o
       490          6          0          0          0       6894   stm32f10x_usart.o
       328         28          0         20          0       2081   system_stm32f10x.o
       100         24          6          0          0       2050   tapdev.o
       454         60          0          1        200      12578   tcp_client_demo.o
        96         22          0          0          0        961   tcp_demo.o
       448         74          0          1        200       6003   tcp_server_demo.o
        52          0          0          0          0       2442   timer.o
       232         20          0          4          0       1878   timerx.o
      4884        568          4         56       5824      17114   uip.o
      1028         98         10          8         96      11024   uip_arp.o
       796         66          0          6          0     236047   usart.o
        44          0          0          0          0        956   wdg.o
       296         18          0          0          0        819   zigbee.o

    ----------------------------------------------------------------------
     17800       1504        356        268      10372    1082632   Object Totals
         0          0         32          0          0          0   (incl. Generated)
        36          0          0         11          2          0   (incl. Padding)

    ----------------------------------------------------------------------

      Code (inc. data)   RO Data    RW Data    ZI Data      Debug   Library Member Name

         0          0          0          0          0          0   entry.o
         0          0          0          0          0          0   entry10a.o
         0          0          0          0          0          0   entry11a.o
         8          4          0          0          0          0   entry2.o
         4          0          0          0          0          0   entry5.o
         0          0          0          0          0          0   entry7b.o
         0          0          0          0          0          0   entry8b.o
         8          4          0          0          0          0   entry9a.o
        30          0          0          0          0          0   handlers.o
        36          8          0          0          0         68   init.o
       188         20          0          0          0        160   malloc.o
        36          0          0          0          0         68   memcpya.o
        36          0          0          0          0        108   memseta.o
         0          0          0          8          0          0   mvars.o
       246         10          0          0          0        176   printf2.o
        18          0          0          0          0         68   strcpy.o
        14          0          0          0          0         68   strlen.o

    ----------------------------------------------------------------------
       624         46          0          8          0        716   Library Totals
         0          0          0          0          0          0   (incl. Padding)

    ----------------------------------------------------------------------

      Code (inc. data)   RO Data    RW Data    ZI Data      Debug   Library Name

       624         46          0          8          0        716   mc_w.l

    ----------------------------------------------------------------------
       624         46          0          8          0        716   Library Totals

    ----------------------------------------------------------------------

==============================================================================


      Code (inc. data)   RO Data    RW Data    ZI Data      Debug   

     18424       1550        356        276      10372    1076116   Grand Totals
     18424       1550        356        276      10372    1076116   ELF Image Totals
     18424       1550        356        276          0          0   ROM Totals

==============================================================================

    Total RO  Size (Code + RO Data)                18780 (  18.34kB)
    Total RW  Size (RW Data + ZI Data)             10648 (  10.40kB)
    Total ROM Size (Code + RO Data + RW Data)      19056 (  18.61kB)

==============================================================================

