<html>
<body>
<pre>
<h1>礦ision Build Log</h1>
<h2>Tool Versions:</h2>
IDE-Version: μVision V5.15
Copyright (C) 2015 ARM Ltd and ARM Germany GmbH. All rights reserved.
License Information: Liu Kai, RAM, LIC=W962Z-J93KD-ILQCB-2FZBV-WJZCI-FR65I
 
Tool Versions:
Toolchain:       MDK-ARM Professional  Version: 5.15.0
Toolchain Path:  C:\Program Files (x86)\Keil_v5\ARM\ARMCC\Bin
C Compiler:      Armcc.exe V5.05 update 2 (build 169)
Assembler:       Armasm.exe V5.05 update 2 (build 169)
Linker/Locator:  ArmLink.exe V5.05 update 2 (build 169)
Library Manager: ArmAr.exe V5.05 update 2 (build 169)
Hex Converter:   FromElf.exe V5.05 update 2 (build 169)
CPU DLL:         SARMCM3.DLL V5.15.0
Dialog DLL:      DCM.DLL V1.13.2.0
Target DLL:      Segger\JL2CM3.dll V2.99.15.0
Dialog DLL:      TCM.DLL V1.14.5.0
 
<h2>Project:</h2>
D:\实验室\步行自行车\V3.0-Walking Bike-刹车改\从板部分\V0.3Driver_Laser_3.0\Ultrasonic_V0.1.uvprojx
Project File Date:  07/26/2017

<h2>Output:</h2>
*** Using Compiler 'V5.05 update 2 (build 169)', folder: 'C:\Program Files (x86)\Keil_v5\ARM\ARMCC\Bin'
Build target 'Ultrasonic_V0.1'
compiling Main.c...
linking...
Program Size: Code=6420 RO-data=336 RW-data=11052 ZI-data=1716  
FromELF: creating hex file...
".\Objects\GeneralExpansionBoard.axf" - 0 Error(s), 0 Warning(s).

<h2>Collection of Component include folders:</h2>
  D:\实验室\步行自行车\V3.0-Walking Bike-刹车改\从板部分\V0.3Driver_Laser_3.0\RTE
  C:\Program Files (x86)\Keil_v5\ARM\PACK\Keil\STM32F1xx_DFP\2.1.0\Device\Include

<h2>Collection of Component Files used:</h2>
</pre>
</body>
</html>
