Product: MDK-ARM Standard 5.10
Component: ARM Compiler 5.04 update 1 (build 49)
Tool: armlink [5040049]

==============================================================================

Section Cross References

    main.o(.text) refers to init.o(.text) for init
    main.o(.text) refers to algorithm.o(.text) for self_checking
    main.o(.text) refers to usart.o(.text) for usart_send
    main.o(.text) refers to charge.o(.text) for get_vol
    main.o(.text) refers to algorithm.o(.data) for get_adc_ok_0B4
    main.o(.text) refers to motor1.o(.data) for moter1_roll_time_0EC
    main.o(.text) refers to main.o(.data) for roll_time
    main.o(.text) refers to usart.o(.data) for speed_level
    main.o(.text) refers to usart.o(.bss) for data_buf
    main.o(.text) refers to init.o(.bss) for buf_rec_usart_2
    stm32f10x_it.o(.text) refers to stm32f10x_exti.o(.text) for EXTI_GetITStatus
    stm32f10x_it.o(.text) refers to stm32f10x_tim.o(.text) for TIM_GetITStatus
    stm32f10x_it.o(.text) refers to stm32f10x_it.o(.constdata) for MOTOR_HALL_SPEED_TABLE
    stm32f10x_it.o(.text) refers to stm32f10x_it.o(.data) for hallState_Far
    stm32f10x_it.o(.text) refers to pid.o(.bss) for sPID_Near
    system_stm32f10x.o(.text) refers to system_stm32f10x.o(.data) for SystemCoreClock
    flash.o(.text) refers to stm32f10x_flash.o(.text) for FLASH_Unlock
    flash.o(.text) refers to stm32f10x_gpio.o(.text) for GPIO_ResetBits
    flash.o(.text) refers to flash.o(.bss) for flash_buf2_24C
    flash.o(.text) refers to flash.o(.ARM.__AT_0x08034000) for unk_8034000
    flash.o(.text) refers to flash.o(.data) for flash_para9_044
    flash.o(.text) refers to flash.o(.ARM.__AT_0x08033C00) for unk_8033C00
    flash.o(.text) refers to flash.o(.ARM.__AT_0x0802F000) for unk_802F000
    flash.o(.text) refers to flash.o(.ARM.__AT_0x08016000) for unk_8016000
    flash.o(.text) refers to flash.o(.ARM.__AT_0x0801B000) for unk_801B000
    init.o(.text) refers to stm32f10x_rcc.o(.text) for RCC_APB2PeriphClockCmd
    init.o(.text) refers to stm32f10x_gpio.o(.text) for GPIO_PinRemapConfig
    init.o(.text) refers to misc.o(.text) for NVIC_Init
    init.o(.text) refers to stm32f10x_flash.o(.text) for FLASH_PrefetchBufferCmd
    init.o(.text) refers to stm32f10x_usart.o(.text) for USART_Init
    init.o(.text) refers to stm32f10x_exti.o(.text) for EXTI_Init
    init.o(.text) refers to stm32f10x_tim.o(.text) for TIM_TimeBaseInit
    init.o(.text) refers to pid.o(.text) for PIDInit
    init.o(.text) refers to init.o(.data) for receive_state
    init.o(.text) refers to usart.o(.data) for error_1D1
    init.o(.text) refers to init.o(.bss) for buf_rec_usart_2
    usart.o(.text) refers to stm32f10x_usart.o(.text) for USART_GetFlagStatus
    usart.o(.text) refers to usart.o(.bss) for send_buf
    usart.o(.text) refers to usart.o(.data) for v00
    usart.o(.text) refers to main.o(.data) for motor_direction
    usart.o(.text) refers to motor1.o(.data) for error_motor1_pos_flag_0D2
    usart.o(.text) refers to algorithm.o(.data) for motor1_error_el_vol_flag_0BF
    usart.o(.text) refers to attitude.o(.data) for flag_motor1_status_20B
    usart.o(.text) refers to flash.o(.data) for flash_para4_050
    usart.o(.text) refers to motor2.o(.data) for moter2_roll_time_15E
    usart.o(.text) refers to charge.o(.data) for flag_charging_085
    led.o(.text) refers to stm32f10x_gpio.o(.text) for GPIO_ResetBits
    led.o(.text) refers to usart.o(.data) for error_1D0
    led.o(.text) refers to algorithm.o(.data) for motor1_error_el_vol_flag_0BF
    led.o(.text) refers to main.o(.data) for error_motor_line_05B
    led.o(.text) refers to motor1.o(.data) for error_motor1_pos_flag_0D2
    led.o(.text) refers to motor2.o(.data) for error_motor2_pos_flag_144
    led.o(.text) refers to charge.o(.data) for error_vol_flag_030
    led.o(.text) refers to led.o(.data) for led1_on_089
    buzz.o(.text) refers to buzz.o(.data) for flag_unknown_2_bak_094
    buzz.o(.text) refers to algorithm.o(.data) for flag_unknown_2_086
    buzz.o(.text) refers to flash.o(.data) for flash_para4_050
    buzz.o(.text) refers to charge.o(.data) for flag_charging_085
    buzz.o(.text) refers to attitude.o(.data) for flag_mpu2_online2_1D2
    buzz.o(.text) refers to usart.o(.data) for flag_mpu3_online2_1D3
    buzz.o(.text) refers to stm32f10x_gpio.o(.text) for GPIO_SetBits
    motor1.o(.text) refers to motor1.o(.data) for motor1_time_phase_switch_0DA
    motor1.o(.text) refers to algorithm.o(.data) for MOTOR_PHASE_SEQUENCE_120
    motor1.o(.text) refers to motor1.o(.bss) for moter1_angle_buf_234
    motor1.o(.text) refers to triangle.o(.text) for get_sin
    motor2.o(.text) refers to motor2.o(.data) for motor2_time_phase_switch_14C
    motor2.o(.text) refers to algorithm.o(.data) for MOTOR_PHASE_SEQUENCE_120
    motor2.o(.text) refers to motor2.o(.bss) for moter2_phase_time_buf_240
    motor2.o(.text) refers to triangle.o(.text) for get_sin
[...]
    x$fpl$fretinf                            0x08004e82   Section       10  fretinf.o(x$fpl$fretinf)
    x$fpl$frleqf                             0x08004e8c   Section       98  frleqf.o(x$fpl$frleqf)
    x$fpl$fsub                               0x08004ef0   Section      234  faddsub_clz.o(x$fpl$fsub)
    _fsub1                                   0x08004eff   Thumb Code     0  faddsub_clz.o(x$fpl$fsub)
    .constdata                               0x08004fda   Section       98  stm32f10x_it.o(.constdata)
    x$fpl$usenofp                            0x08004fda   Section        0  usenofp.o(x$fpl$usenofp)
    .constdata                               0x0800503c   Section     2048  triangle.o(.constdata)
    .ARM.__AT_0x080075D0                     0x080075d0   Section        1  flash.o(.ARM.__AT_0x080075D0)
    .ARM.__AT_0x080075D1                     0x080075d1   Section        1  flash.o(.ARM.__AT_0x080075D1)
    .ARM.__AT_0x080075D2                     0x080075d2   Section        1  flash.o(.ARM.__AT_0x080075D2)
    .ARM.__AT_0x080075D3                     0x080075d3   Section        1  flash.o(.ARM.__AT_0x080075D3)
    .ARM.__AT_0x080075D4                     0x080075d4   Section        1  flash.o(.ARM.__AT_0x080075D4)
    .ARM.__AT_0x080075D5                     0x080075d5   Section        1  flash.o(.ARM.__AT_0x080075D5)
    .ARM.__AT_0x080075D6                     0x080075d6   Section        1  flash.o(.ARM.__AT_0x080075D6)
    .ARM.__AT_0x080075D7                     0x080075d7   Section        1  flash.o(.ARM.__AT_0x080075D7)
    .ARM.__AT_0x080075D8                     0x080075d8   Section        1  flash.o(.ARM.__AT_0x080075D8)
    .ARM.__AT_0x080075D9                     0x080075d9   Section        1  flash.o(.ARM.__AT_0x080075D9)
    .ARM.__AT_0x080075DA                     0x080075da   Section        1  flash.o(.ARM.__AT_0x080075DA)
    .ARM.__AT_0x080075DB                     0x080075db   Section        1  flash.o(.ARM.__AT_0x080075DB)
    .ARM.__AT_0x08016000                     0x08016000   Section       32  flash.o(.ARM.__AT_0x08016000)
    .ARM.__AT_0x0801B000                     0x0801b000   Section       32  flash.o(.ARM.__AT_0x0801B000)
    .ARM.__AT_0x0802F000                     0x0802f000   Section       32  flash.o(.ARM.__AT_0x0802F000)
    .ARM.__AT_0x08033C00                     0x08033c00   Section       32  flash.o(.ARM.__AT_0x08033C00)
    .ARM.__AT_0x08034000                     0x08034000   Section       32  flash.o(.ARM.__AT_0x08034000)
    .data                                    0x20000000   Section       46  main.o(.data)
    .data                                    0x20000030   Section       38  stm32f10x_it.o(.data)
    .data                                    0x20000058   Section       20  system_stm32f10x.o(.data)
    .data                                    0x2000006c   Section       20  flash.o(.data)
    .data                                    0x20000080   Section        6  init.o(.data)
    .data                                    0x20000088   Section      120  usart.o(.data)
    .data                                    0x20000100   Section       18  buzz.o(.data)
    .data                                    0x20000112   Section       70  motor1.o(.data)
    .data                                    0x20000158   Section       74  motor2.o(.data)
    .data                                    0x200001a4   Section       96  algorithm.o(.data)
    .data                                    0x20000204   Section       32  charge.o(.data)
    .data                                    0x20000224   Section       80  attitude.o(.data)
    .data                                    0x20000274   Section       36  pid.o(.data)
    .data                                    0x20000298   Section       20  stm32f10x_rcc.o(.data)
    APBAHBPrescTable                         0x20000298   Data          16  stm32f10x_rcc.o(.data)
    ADCPrescTable                            0x200002a8   Data           4  stm32f10x_rcc.o(.data)
    .bss                                     0x200002ac   Section       10  init.o(.bss)
    .bss                                     0x200002b6   Section       44  usart.o(.bss)
    .bss                                     0x200002e2   Section       12  motor1.o(.bss)
    .bss                                     0x200002f0   Section       64  pid.o(.bss)
    .bss                                     0x20000330   Section       96  libspace.o(.bss)
    HEAP                                     0x20000390   Section      512  startup_stm32f10x_hd.o(HEAP)
    Heap_Mem                                 0x20000390   Data         512  startup_stm32f10x_hd.o(HEAP)
    STACK                                    0x20000590   Section     1024  startup_stm32f10x_hd.o(STACK)
    Stack_Mem                                0x20000590   Data        1024  startup_stm32f10x_hd.o(STACK)
    __initial_sp                             0x20000990   Data           0  startup_stm32f10x_hd.o(STACK)

    Global Symbols

    Symbol Name                              Value     Ov Type        Size  Object(Section)

    BuildAttributes$$THM_ISAv4$P$D$K$B$S$PE$A:L22UL41UL21$X:L11$S22US41US21$IEEE1$IW$USESV6$~STKCKD$USESV7$~SHL$OSPACE$ROPI$EBA8$UX$STANDARDLIB$REQ8$PRES8$EABIv2 0x00000000   Number         0  anon$$obj.o ABSOLUTE
    __ARM_use_no_argv                        0x00000000   Number         0  main.o ABSOLUTE
    __ARM_exceptions_init                     - Undefined Weak Reference
    __alloca_initialize                       - Undefined Weak Reference
    __cpp_initialize__aeabi_                  - Undefined Weak Reference
    __cxa_finalize                            - Undefined Weak Reference
    __rt_locale                               - Undefined Weak Reference
    __sigvec_lookup                           - Undefined Weak Reference
    _atexit_init                              - Undefined Weak Reference
    _call_atexit_fns                          - Undefined Weak Reference
    _clock_init                               - Undefined Weak Reference
    _fp_trap_init                             - Undefined Weak Reference
    _fp_trap_shutdown                         - Undefined Weak Reference
    _get_lc_collate                           - Undefined Weak Reference
    _get_lc_ctype                             - Undefined Weak Reference
    _get_lc_monetary                          - Undefined Weak Reference
    _get_lc_numeric                           - Undefined Weak Reference
    _get_lc_time                              - Undefined Weak Reference
    _getenv_init                              - Undefined Weak Reference
    _handle_redirection                       - Undefined Weak Reference
    _init_alloc                               - Undefined Weak Reference
    _init_user_alloc                          - Undefined Weak Reference
    _initio                                   - Undefined Weak Reference
    _rand_init                                - Undefined Weak Reference
    _signal_finish                            - Undefined Weak Reference
    _signal_init                              - Undefined Weak Reference
    _terminate_alloc                          - Undefined Weak Reference
    _terminate_user_alloc                     - Undefined Weak Reference
    _terminateio                              - Undefined Weak Reference
    __Vectors_Size                           0x00000130   Number         0  startup_stm32f10x_hd.o ABSOLUTE
    __Vectors                                0x08000000   Data           4  startup_stm32f10x_hd.o(RESET)
    __Vectors_End                            0x08000130   Data           0  startup_stm32f10x_hd.o(RESET)
    __main                                   0x08000131   Thumb Code     8  __main.o(!!!main)
    __scatterload                            0x08000139   Thumb Code     0  __scatter.o(!!!scatter)
    __scatterload_rt2                        0x08000139   Thumb Code    44  __scatter.o(!!!scatter)
    __scatterload_rt2_thumb_only             0x08000139   Thumb Code     0  __scatter.o(!!!scatter)
    __scatterload_null                       0x08000147   Thumb Code     0  __scatter.o(!!!scatter)
    __decompress                             0x0800016d   Thumb Code    58  __dczerorl.o(!!dczerorl)
    __decompress0                            0x0800016d   Thumb Code     0  __dczerorl.o(!!dczerorl)
    __scatterload_zeroinit                   0x080001a9   Thumb Code    28  __scatter_zi.o(!!handler_zi)
    __rt_lib_init                            0x080001c5   Thumb Code     0  libinit.o(.ARM.Collect$$libinit$$00000000)
    __rt_lib_init_alloca_1                   0x080001c7   Thumb Code     0  libinit2.o(.ARM.Collect$$libinit$$0000002C)
    __rt_lib_init_argv_1                     0x080001c7   Thumb Code     0  libinit2.o(.ARM.Collect$$libinit$$0000002A)
    __rt_lib_init_atexit_1                   0x080001c7   Thumb Code     0  libinit2.o(.ARM.Collect$$libinit$$00000019)
    __rt_lib_init_clock_1                    0x080001c7   Thumb Code     0  libinit2.o(.ARM.Collect$$libinit$$0000001F)
    __rt_lib_init_cpp_1                      0x080001c7   Thumb Code     0  libinit2.o(.ARM.Collect$$libinit$$00000030)
    __rt_lib_init_exceptions_1               0x080001c7   Thumb Code     0  libinit2.o(.ARM.Collect$$libinit$$0000002E)
    __rt_lib_init_fp_1                       0x080001c7   Thumb Code     0  libinit2.o(.ARM.Collect$$libinit$$00000002)
    __rt_lib_init_fp_trap_1                  0x080001c7   Thumb Code     0  libinit2.o(.ARM.Collect$$libinit$$0000001D)
    __rt_lib_init_getenv_1                   0x080001c7   Thumb Code     0  libinit2.o(.ARM.Collect$$libinit$$00000021)
    __rt_lib_init_heap_1                     0x080001c7   Thumb Code     0  libinit2.o(.ARM.Collect$$libinit$$00000008)
    __rt_lib_init_lc_collate_1               0x080001c7   Thumb Code     0  libinit2.o(.ARM.Collect$$libinit$$0000000F)
    __rt_lib_init_lc_ctype_1                 0x080001c7   Thumb Code     0  libinit2.o(.ARM.Collect$$libinit$$00000011)
    __rt_lib_init_lc_monetary_1              0x080001c7   Thumb Code     0  libinit2.o(.ARM.Collect$$libinit$$00000013)
    __rt_lib_init_lc_numeric_1               0x080001c7   Thumb Code     0  libinit2.o(.ARM.Collect$$libinit$$00000015)
    __rt_lib_init_lc_time_1                  0x080001c7   Thumb Code     0  libinit2.o(.ARM.Collect$$libinit$$00000017)
    __rt_lib_init_rand_1                     0x080001c7   Thumb Code     0  libinit2.o(.ARM.Collect$$libinit$$0000000C)
    __rt_lib_init_return                     0x080001c7   Thumb Code     0  libinit2.o(.ARM.Collect$$libinit$$00000031)
    __rt_lib_init_signal_1                   0x080001c7   Thumb Code     0  libinit2.o(.ARM.Collect$$libinit$$0000001B)
    __rt_lib_init_stdio_1                    0x080001c7   Thumb Code     0  libinit2.o(.ARM.Collect$$libinit$$00000023)
    __rt_lib_init_user_alloc_1               0x080001c7   Thumb Code     0  libinit2.o(.ARM.Collect$$libinit$$0000000A)
    __rt_lib_shutdown                        0x080001c9   Thumb Code     0  libshutdown.o(.ARM.Collect$$libshutdown$$00000000)
    __rt_lib_shutdown_fp_trap_1              0x080001cb   Thumb Code     0  libshutdown2.o(.ARM.Collect$$libshutdown$$00000006)
    __rt_lib_shutdown_heap_1                 0x080001cb   Thumb Code     0  libshutdown2.o(.ARM.Collect$$libshutdown$$0000000E)
    __rt_lib_shutdown_return                 0x080001cb   Thumb Code     0  libshutdown2.o(.ARM.Collect$$libshutdown$$0000000F)
    __rt_lib_shutdown_signal_1               0x080001cb   Thumb Code     0  libshutdown2.o(.ARM.Collect$$libshutdown$$00000009)
    __rt_lib_shutdown_stdio_1                0x080001cb   Thumb Code     0  libshutdown2.o(.ARM.Collect$$libshutdown$$00000003)
    __rt_lib_shutdown_user_alloc_1           0x080001cb   Thumb Code     0  libshutdown2.o(.ARM.Collect$$libshutdown$$0000000B)
    __rt_entry                               0x080001cd   Thumb Code     0  rtentry.o(.ARM.Collect$$rtentry$$00000000)
    __rt_entry_presh_1                       0x080001cd   Thumb Code     0  rtentry2.o(.ARM.Collect$$rtentry$$00000002)
    __rt_entry_sh                            0x080001cd   Thumb Code     0  rtentry4.o(.ARM.Collect$$rtentry$$00000004)
    __rt_entry_li                            0x080001d3   Thumb Code     0  rtentry2.o(.ARM.Collect$$rtentry$$0000000A)
    __rt_entry_postsh_1                      0x080001d3   Thumb Code     0  rtentry2.o(.ARM.Collect$$rtentry$$00000009)
    __rt_entry_main                          0x080001d7   Thumb Code     0  rtentry2.o(.ARM.Collect$$rtentry$$0000000D)
    __rt_entry_postli_1                      0x080001d7   Thumb Code     0  rtentry2.o(.ARM.Collect$$rtentry$$0000000C)
    __rt_exit                                0x080001df   Thumb Code     0  rtexit.o(.ARM.Collect$$rtexit$$00000000)
    __rt_exit_ls                             0x080001e1   Thumb Code     0  rtexit2.o(.ARM.Collect$$rtexit$$00000003)
    __rt_exit_prels_1                        0x080001e1   Thumb Code     0  rtexit2.o(.ARM.Collect$$rtexit$$00000002)
    __rt_exit_exit                           0x080001e5   Thumb Code     0  rtexit2.o(.ARM.Collect$$rtexit$$00000004)
    main                                     0x080001ed   Thumb Code   298  main.o(.text)
    NMI_Handler                              0x0800034d   Thumb Code     2  stm32f10x_it.o(.text)
    HardFault_Handler                        0x0800034f   Thumb Code     4  stm32f10x_it.o(.text)
    MemManage_Handler                        0x08000353   Thumb Code     4  stm32f10x_it.o(.text)
    BusFault_Handler                         0x08000357   Thumb Code     4  stm32f10x_it.o(.text)
    UsageFault_Handler                       0x0800035b   Thumb Code     4  stm32f10x_it.o(.text)
    SVC_Handler                              0x0800035f   Thumb Code     2  stm32f10x_it.o(.text)
    DebugMon_Handler                         0x08000361   Thumb Code     2  stm32f10x_it.o(.text)
    PendSV_Handler                           0x08000363   Thumb Code     2  stm32f10x_it.o(.text)
    SysTick_Handler                          0x08000365   Thumb Code     2  stm32f10x_it.o(.text)
    MORTOR_calculateHallSpeedInc             0x08000367   Thumb Code    18  stm32f10x_it.o(.text)
    EXTI9_5_IRQHandler                       0x08000379   Thumb Code   106  stm32f10x_it.o(.text)
    EXTI15_10_IRQHandler                     0x080003e3   Thumb Code   124  stm32f10x_it.o(.text)
    TIM3_IRQHandler                          0x0800045f   Thumb Code    88  stm32f10x_it.o(.text)
    SystemInit                               0x080005d3   Thumb Code    78  system_stm32f10x.o(.text)
    SystemCoreClockUpdate                    0x08000621   Thumb Code   142  system_stm32f10x.o(.text)
    init_port                                0x080006d5   Thumb Code   450  init.o(.text)
    init_time2                               0x08000897   Thumb Code   138  init.o(.text)
    init_time1                               0x08000921   Thumb Code   134  init.o(.text)
    init_nvic                                0x080009a7   Thumb Code    30  init.o(.text)
    init_adc                                 0x080009c5   Thumb Code   342  init.o(.text)
    init_rcc                                 0x08000b1b   Thumb Code   102  init.o(.text)
    UART2_init                               0x08000b81   Thumb Code   154  init.o(.text)
    USART2_IRQHandler                        0x08000c1b   Thumb Code    92  init.o(.text)
    init_EXIT                                0x08000c77   Thumb Code   134  init.o(.text)
    Bsp_timInit                              0x08000cfd   Thumb Code    68  init.o(.text)
    init                                     0x08000d41   Thumb Code    36  init.o(.text)
    Uartx_SendData                           0x08000d81   Thumb Code    30  usart.o(.text)
    Uartx_SendnBuf                           0x08000d9f   Thumb Code    32  usart.o(.text)
    usart_send                               0x08000dbf   Thumb Code    44  usart.o(.text)
    get_usart2                               0x08000deb   Thumb Code   154  usart.o(.text)
    get_usart3                               0x08000e85   Thumb Code   152  usart.o(.text)
    check_vice                               0x08000f1d   Thumb Code   210  usart.o(.text)
    get_motor_state_to_usart                 0x08000fef   Thumb Code   406  usart.o(.text)
    motor1_get_angle                         0x0800125d   Thumb Code  2340  motor1.o(.text)
    motor1_init_para                         0x08001b81   Thumb Code    16  motor1.o(.text)
    motor1_flow_reg                          0x08001b91   Thumb Code    98  motor1.o(.text)
    motor1_Clarke                            0x08001bf3   Thumb Code    42  motor1.o(.text)
    motor1_Park                              0x08001c1d   Thumb Code    62  motor1.o(.text)
    motor1_Rev_Park                          0x08001c5b   Thumb Code   102  motor1.o(.text)
    motor1_motor_ctrl                        0x08001cc1   Thumb Code   464  motor1.o(.text)
    get_sin                                  0x08001edd   Thumb Code    38  triangle.o(.text)
    get_cos                                  0x08001f03   Thumb Code    16  triangle.o(.text)
    self_checking                            0x08001f19   Thumb Code   428  algorithm.o(.text)
    TIM1_UP_IRQHandler                       0x080020c5   Thumb Code   470  algorithm.o(.text)
    vlot_cmp1_regulation                     0x0800229b   Thumb Code   112  algorithm.o(.text)
    get_motor_state                          0x0800230b   Thumb Code   260  algorithm.o(.text)
    get_vol                                  0x0800241d   Thumb Code   106  charge.o(.text)
    get_charger_status                       0x08002487   Thumb Code    82  charge.o(.text)
    check_boot                               0x080024d9   Thumb Code   422  charge.o(.text)
    PIDInit                                  0x08002711   Thumb Code    68  pid.o(.text)
    v_PIDCalc                                0x08002755   Thumb Code   178  pid.o(.text)
    NVIC_PriorityGroupConfig                 0x08002839   Thumb Code    10  misc.o(.text)
    NVIC_Init                                0x08002843   Thumb Code   100  misc.o(.text)
    NVIC_SetVectorTable                      0x080028a7   Thumb Code    14  misc.o(.text)
    NVIC_SystemLPConfig                      0x080028b5   Thumb Code    34  misc.o(.text)
    SysTick_CLKSourceConfig                  0x080028d7   Thumb Code    40  misc.o(.text)
    FLASH_SetLatency                         0x08002915   Thumb Code    18  stm32f10x_flash.o(.text)
    FLASH_HalfCycleAccessCmd                 0x08002927   Thumb Code    22  stm32f10x_flash.o(.text)
    FLASH_PrefetchBufferCmd                  0x0800293d   Thumb Code    22  stm32f10x_flash.o(.text)
    FLASH_Unlock                             0x08002953   Thumb Code    12  stm32f10x_flash.o(.text)
    FLASH_UnlockBank1                        0x0800295f   Thumb Code    12  stm32f10x_flash.o(.text)
    FLASH_Lock                               0x0800296b   Thumb Code    14  stm32f10x_flash.o(.text)
    FLASH_LockBank1                          0x08002979   Thumb Code    14  stm32f10x_flash.o(.text)
    FLASH_GetBank1Status                     0x08002987   Thumb Code    48  stm32f10x_flash.o(.text)
    FLASH_WaitForLastOperation               0x080029b7   Thumb Code    38  stm32f10x_flash.o(.text)
    FLASH_ErasePage                          0x080029dd   Thumb Code    72  stm32f10x_flash.o(.text)
    FLASH_EraseAllPages                      0x08002a25   Thumb Code    68  stm32f10x_flash.o(.text)
    FLASH_WaitForLastBank1Operation          0x08002a69   Thumb Code    38  stm32f10x_flash.o(.text)
    FLASH_EraseAllBank1Pages                 0x08002a8f   Thumb Code    68  stm32f10x_flash.o(.text)
    FLASH_GetReadOutProtectionStatus         0x08002ad3   Thumb Code    20  stm32f10x_flash.o(.text)
    FLASH_EraseOptionBytes                   0x08002ae7   Thumb Code   150  stm32f10x_flash.o(.text)
    FLASH_ProgramWord                        0x08002b7d   Thumb Code   102  stm32f10x_flash.o(.text)
    FLASH_ProgramHalfWord                    0x08002be3   Thumb Code    60  stm32f10x_flash.o(.text)
    FLASH_ProgramOptionByteData              0x08002c1f   Thumb Code    72  stm32f10x_flash.o(.text)
    FLASH_EnableWriteProtection              0x08002c67   Thumb Code   200  stm32f10x_flash.o(.text)
    FLASH_ReadOutProtection                  0x08002d2f   Thumb Code   156  stm32f10x_flash.o(.text)
    FLASH_UserOptionByteConfig               0x08002dcb   Thumb Code    88  stm32f10x_flash.o(.text)
    FLASH_GetUserOptionByte                  0x08002e23   Thumb Code     8  stm32f10x_flash.o(.text)
    FLASH_GetWriteProtectionOptionByte       0x08002e2b   Thumb Code     6  stm32f10x_flash.o(.text)
    FLASH_GetPrefetchBufferStatus            0x08002e31   Thumb Code    20  stm32f10x_flash.o(.text)
    FLASH_ITConfig                           0x08002e45   Thumb Code    26  stm32f10x_flash.o(.text)
    FLASH_GetFlagStatus                      0x08002e5f   Thumb Code    42  stm32f10x_flash.o(.text)
    FLASH_ClearFlag                          0x08002e89   Thumb Code     6  stm32f10x_flash.o(.text)
    FLASH_GetStatus                          0x08002e8f   Thumb Code    48  stm32f10x_flash.o(.text)
    GPIO_DeInit                              0x08002ed1   Thumb Code   172  stm32f10x_gpio.o(.text)
    GPIO_AFIODeInit                          0x08002f7d   Thumb Code    20  stm32f10x_gpio.o(.text)
    GPIO_Init                                0x08002f91   Thumb Code   278  stm32f10x_gpio.o(.text)
    GPIO_StructInit                          0x080030a7   Thumb Code    16  stm32f10x_gpio.o(.text)
    GPIO_ReadInputDataBit                    0x080030b7   Thumb Code    18  stm32f10x_gpio.o(.text)
    GPIO_ReadInputData                       0x080030c9   Thumb Code     8  stm32f10x_gpio.o(.text)
    GPIO_ReadOutputDataBit                   0x080030d1   Thumb Code    18  stm32f10x_gpio.o(.text)
    GPIO_ReadOutputData                      0x080030e3   Thumb Code     8  stm32f10x_gpio.o(.text)
    GPIO_SetBits                             0x080030eb   Thumb Code     4  stm32f10x_gpio.o(.text)
    GPIO_ResetBits                           0x080030ef   Thumb Code     4  stm32f10x_gpio.o(.text)
    GPIO_WriteBit                            0x080030f3   Thumb Code    10  stm32f10x_gpio.o(.text)
    GPIO_Write                               0x080030fd   Thumb Code     4  stm32f10x_gpio.o(.text)
    GPIO_PinLockConfig                       0x08003101   Thumb Code    18  stm32f10x_gpio.o(.text)
    GPIO_EventOutputConfig                   0x08003113   Thumb Code    26  stm32f10x_gpio.o(.text)
    GPIO_EventOutputCmd                      0x0800312d   Thumb Code     6  stm32f10x_gpio.o(.text)
    GPIO_PinRemapConfig                      0x08003133   Thumb Code   138  stm32f10x_gpio.o(.text)
    GPIO_EXTILineConfig                      0x080031bd   Thumb Code    66  stm32f10x_gpio.o(.text)
    GPIO_ETH_MediaInterfaceConfig            0x080031ff   Thumb Code     8  stm32f10x_gpio.o(.text)
    RCC_DeInit                               0x0800322d   Thumb Code    64  stm32f10x_rcc.o(.text)
    RCC_HSEConfig                            0x0800326d   Thumb Code    70  stm32f10x_rcc.o(.text)
    RCC_GetFlagStatus                        0x080032b3   Thumb Code    56  stm32f10x_rcc.o(.text)
    RCC_WaitForHSEStartUp                    0x080032eb   Thumb Code    56  stm32f10x_rcc.o(.text)
    RCC_AdjustHSICalibrationValue            0x08003323   Thumb Code    20  stm32f10x_rcc.o(.text)
    RCC_HSICmd                               0x08003337   Thumb Code     6  stm32f10x_rcc.o(.text)
    RCC_PLLConfig                            0x0800333d   Thumb Code    24  stm32f10x_rcc.o(.text)
    RCC_PLLCmd                               0x08003355   Thumb Code     6  stm32f10x_rcc.o(.text)
    RCC_SYSCLKConfig                         0x0800335b   Thumb Code    18  stm32f10x_rcc.o(.text)
    RCC_GetSYSCLKSource                      0x0800336d   Thumb Code    10  stm32f10x_rcc.o(.text)
    RCC_HCLKConfig                           0x08003377   Thumb Code    18  stm32f10x_rcc.o(.text)
    RCC_PCLK1Config                          0x08003389   Thumb Code    18  stm32f10x_rcc.o(.text)
    RCC_PCLK2Config                          0x0800339b   Thumb Code    20  stm32f10x_rcc.o(.text)
    RCC_ITConfig                             0x080033af   Thumb Code    26  stm32f10x_rcc.o(.text)
    RCC_USBCLKConfig                         0x080033c9   Thumb Code     8  stm32f10x_rcc.o(.text)
    RCC_ADCCLKConfig                         0x080033d1   Thumb Code    18  stm32f10x_rcc.o(.text)
    RCC_LSEConfig                            0x080033e3   Thumb Code    50  stm32f10x_rcc.o(.text)
    RCC_LSICmd                               0x08003415   Thumb Code     6  stm32f10x_rcc.o(.text)
    RCC_RTCCLKConfig                         0x0800341b   Thumb Code    12  stm32f10x_rcc.o(.text)
    RCC_RTCCLKCmd                            0x08003427   Thumb Code     8  stm32f10x_rcc.o(.text)
    RCC_GetClocksFreq                        0x0800342f   Thumb Code   192  stm32f10x_rcc.o(.text)
    RCC_AHBPeriphClockCmd                    0x080034ef   Thumb Code    26  stm32f10x_rcc.o(.text)
    RCC_APB2PeriphClockCmd                   0x08003509   Thumb Code    26  stm32f10x_rcc.o(.text)
    RCC_APB1PeriphClockCmd                   0x08003523   Thumb Code    26  stm32f10x_rcc.o(.text)
    RCC_APB2PeriphResetCmd                   0x0800353d   Thumb Code    26  stm32f10x_rcc.o(.text)
    RCC_APB1PeriphResetCmd                   0x08003557   Thumb Code    26  stm32f10x_rcc.o(.text)
    RCC_BackupResetCmd                       0x08003571   Thumb Code     8  stm32f10x_rcc.o(.text)
    RCC_ClockSecuritySystemCmd               0x08003579   Thumb Code     6  stm32f10x_rcc.o(.text)
    RCC_MCOConfig                            0x0800357f   Thumb Code     6  stm32f10x_rcc.o(.text)
    RCC_ClearFlag                            0x08003585   Thumb Code    14  stm32f10x_rcc.o(.text)
    RCC_GetITStatus                          0x08003593   Thumb Code    20  stm32f10x_rcc.o(.text)
    RCC_ClearITPendingBit                    0x080035a7   Thumb Code     6  stm32f10x_rcc.o(.text)
    EXTI_DeInit                              0x080035d1   Thumb Code    28  stm32f10x_exti.o(.text)
    EXTI_Init                                0x080035ed   Thumb Code   142  stm32f10x_exti.o(.text)
    EXTI_StructInit                          0x0800367b   Thumb Code    16  stm32f10x_exti.o(.text)
    EXTI_GenerateSWInterrupt                 0x0800368b   Thumb Code    16  stm32f10x_exti.o(.text)
    EXTI_GetFlagStatus                       0x0800369b   Thumb Code    22  stm32f10x_exti.o(.text)
    EXTI_ClearFlag                           0x080036b1   Thumb Code     8  stm32f10x_exti.o(.text)
    EXTI_GetITStatus                         0x080036b9   Thumb Code    34  stm32f10x_exti.o(.text)
    EXTI_ClearITPendingBit                   0x080036db   Thumb Code     8  stm32f10x_exti.o(.text)
    TIM_DeInit                               0x080036ed   Thumb Code   424  stm32f10x_tim.o(.text)
    TIM_TimeBaseInit                         0x08003895   Thumb Code   122  stm32f10x_tim.o(.text)
    TIM_OC1Init                              0x0800390f   Thumb Code   132  stm32f10x_tim.o(.text)
    TIM_OC2Init                              0x08003993   Thumb Code   154  stm32f10x_tim.o(.text)
    TIM_OC3Init                              0x08003a2d   Thumb Code   150  stm32f10x_tim.o(.text)
    TIM_OC4Init                              0x08003ac3   Thumb Code   182  stm32f10x_tim.o(.text)
    TIM_SetIC4Prescaler                      0x08003b79   Thumb Code    26  stm32f10x_tim.o(.text)
    TIM_SetIC3Prescaler                      0x08003c15   Thumb Code    18  stm32f10x_tim.o(.text)
    TIM_SetIC2Prescaler                      0x08003ca1   Thumb Code    26  stm32f10x_tim.o(.text)
    TIM_SetIC1Prescaler                      0x08003d3d   Thumb Code    18  stm32f10x_tim.o(.text)
    TIM_ICInit                               0x08003dbb   Thumb Code   150  stm32f10x_tim.o(.text)
    TIM_PWMIConfig                           0x08003e51   Thumb Code   124  stm32f10x_tim.o(.text)
    TIM_BDTRConfig                           0x08003ecd   Thumb Code    32  stm32f10x_tim.o(.text)
    TIM_TimeBaseStructInit                   0x08003eed   Thumb Code    18  stm32f10x_tim.o(.text)
    TIM_OCStructInit                         0x08003eff   Thumb Code    20  stm32f10x_tim.o(.text)
    TIM_ICStructInit                         0x08003f13   Thumb Code    18  stm32f10x_tim.o(.text)
    TIM_BDTRStructInit                       0x08003f25   Thumb Code    40  stm32f10x_tim.o(.text)
    TIM_Cmd                                  0x08003f4d   Thumb Code    24  stm32f10x_tim.o(.text)
    TIM_CtrlPWMOutputs                       0x08003f65   Thumb Code    30  stm32f10x_tim.o(.text)
    TIM_ITConfig                             0x08003f83   Thumb Code    18  stm32f10x_tim.o(.text)
    TIM_GenerateEvent                        0x08003f95   Thumb Code     4  stm32f10x_tim.o(.text)
    TIM_DMAConfig                            0x08003f99   Thumb Code    10  stm32f10x_tim.o(.text)
    TIM_DMACmd                               0x08003fa3   Thumb Code    18  stm32f10x_tim.o(.text)
    TIM_InternalClockConfig                  0x08003fb5   Thumb Code    12  stm32f10x_tim.o(.text)
    TIM_SelectInputTrigger                   0x08003fc1   Thumb Code    18  stm32f10x_tim.o(.text)
    TIM_ITRxExternalClockConfig              0x08003fd3   Thumb Code    24  stm32f10x_tim.o(.text)
    TIM_TIxExternalClockConfig               0x08003feb   Thumb Code    62  stm32f10x_tim.o(.text)
    TIM_ETRConfig                            0x08004029   Thumb Code    28  stm32f10x_tim.o(.text)
    TIM_ETRClockMode1Config                  0x08004045   Thumb Code    54  stm32f10x_tim.o(.text)
    TIM_ETRClockMode2Config                  0x0800407b   Thumb Code    32  stm32f10x_tim.o(.text)
    TIM_PrescalerConfig                      0x0800409b   Thumb Code     6  stm32f10x_tim.o(.text)
    TIM_CounterModeConfig                    0x080040a1   Thumb Code    18  stm32f10x_tim.o(.text)
    TIM_EncoderInterfaceConfig               0x080040b3   Thumb Code    66  stm32f10x_tim.o(.text)
    TIM_ForcedOC1Config                      0x080040f5   Thumb Code    18  stm32f10x_tim.o(.text)
    TIM_ForcedOC2Config                      0x08004107   Thumb Code    26  stm32f10x_tim.o(.text)
    TIM_ForcedOC3Config                      0x08004121   Thumb Code    18  stm32f10x_tim.o(.text)
    TIM_ForcedOC4Config                      0x08004133   Thumb Code    26  stm32f10x_tim.o(.text)
    TIM_ARRPreloadConfig                     0x0800414d   Thumb Code    24  stm32f10x_tim.o(.text)
    TIM_SelectCOM                            0x08004165   Thumb Code    24  stm32f10x_tim.o(.text)
    TIM_SelectCCDMA                          0x0800417d   Thumb Code    24  stm32f10x_tim.o(.text)
    TIM_CCPreloadControl                     0x08004195   Thumb Code    24  stm32f10x_tim.o(.text)
    TIM_OC1PreloadConfig                     0x080041ad   Thumb Code    18  stm32f10x_tim.o(.text)
    TIM_OC2PreloadConfig                     0x080041bf   Thumb Code    26  stm32f10x_tim.o(.text)
    TIM_OC3PreloadConfig                     0x080041d9   Thumb Code    18  stm32f10x_tim.o(.text)
    TIM_OC4PreloadConfig                     0x080041eb   Thumb Code    26  stm32f10x_tim.o(.text)
    TIM_OC1FastConfig                        0x08004205   Thumb Code    18  stm32f10x_tim.o(.text)
    TIM_OC2FastConfig                        0x08004217   Thumb Code    26  stm32f10x_tim.o(.text)
    TIM_OC3FastConfig                        0x08004231   Thumb Code    18  stm32f10x_tim.o(.text)
    TIM_OC4FastConfig                        0x08004243   Thumb Code    26  stm32f10x_tim.o(.text)
    TIM_ClearOC1Ref                          0x0800425d   Thumb Code    18  stm32f10x_tim.o(.text)
    TIM_ClearOC2Ref                          0x0800426f   Thumb Code    24  stm32f10x_tim.o(.text)
    TIM_ClearOC3Ref                          0x08004287   Thumb Code    18  stm32f10x_tim.o(.text)
    TIM_ClearOC4Ref                          0x08004299   Thumb Code    24  stm32f10x_tim.o(.text)
    TIM_OC1PolarityConfig                    0x080042b1   Thumb Code    18  stm32f10x_tim.o(.text)
    TIM_OC1NPolarityConfig                   0x080042c3   Thumb Code    18  stm32f10x_tim.o(.text)
    TIM_OC2PolarityConfig                    0x080042d5   Thumb Code    26  stm32f10x_tim.o(.text)
    TIM_OC2NPolarityConfig                   0x080042ef   Thumb Code    26  stm32f10x_tim.o(.text)
    TIM_OC3PolarityConfig                    0x08004309   Thumb Code    26  stm32f10x_tim.o(.text)
    TIM_OC3NPolarityConfig                   0x08004323   Thumb Code    26  stm32f10x_tim.o(.text)
    TIM_OC4PolarityConfig                    0x0800433d   Thumb Code    26  stm32f10x_tim.o(.text)
    TIM_CCxCmd                               0x08004357   Thumb Code    30  stm32f10x_tim.o(.text)
    TIM_CCxNCmd                              0x08004375   Thumb Code    30  stm32f10x_tim.o(.text)
    TIM_SelectOCxM                           0x08004393   Thumb Code    82  stm32f10x_tim.o(.text)
    TIM_UpdateDisableConfig                  0x080043e5   Thumb Code    24  stm32f10x_tim.o(.text)
    TIM_UpdateRequestConfig                  0x080043fd   Thumb Code    24  stm32f10x_tim.o(.text)
    TIM_SelectHallSensor                     0x08004415   Thumb Code    24  stm32f10x_tim.o(.text)
    TIM_SelectOnePulseMode                   0x0800442d   Thumb Code    18  stm32f10x_tim.o(.text)
    TIM_SelectOutputTrigger                  0x0800443f   Thumb Code    18  stm32f10x_tim.o(.text)
    TIM_SelectSlaveMode                      0x08004451   Thumb Code    18  stm32f10x_tim.o(.text)
    TIM_SelectMasterSlaveMode                0x08004463   Thumb Code    18  stm32f10x_tim.o(.text)
    TIM_SetCounter                           0x08004475   Thumb Code     4  stm32f10x_tim.o(.text)
    TIM_SetAutoreload                        0x08004479   Thumb Code     4  stm32f10x_tim.o(.text)
    TIM_SetCompare1                          0x0800447d   Thumb Code     4  stm32f10x_tim.o(.text)
    TIM_SetCompare2                          0x08004481   Thumb Code     4  stm32f10x_tim.o(.text)
    TIM_SetCompare3                          0x08004485   Thumb Code     4  stm32f10x_tim.o(.text)
    TIM_SetCompare4                          0x08004489   Thumb Code     6  stm32f10x_tim.o(.text)
    TIM_SetClockDivision                     0x0800448f   Thumb Code    18  stm32f10x_tim.o(.text)
    TIM_GetCapture1                          0x080044a1   Thumb Code     6  stm32f10x_tim.o(.text)
    TIM_GetCapture2                          0x080044a7   Thumb Code     6  stm32f10x_tim.o(.text)
    TIM_GetCapture3                          0x080044ad   Thumb Code     6  stm32f10x_tim.o(.text)
    TIM_GetCapture4                          0x080044b3   Thumb Code     8  stm32f10x_tim.o(.text)
    TIM_GetCounter                           0x080044bb   Thumb Code     6  stm32f10x_tim.o(.text)
    TIM_GetPrescaler                         0x080044c1   Thumb Code     6  stm32f10x_tim.o(.text)
    TIM_GetFlagStatus                        0x080044c7   Thumb Code    18  stm32f10x_tim.o(.text)
    TIM_ClearFlag                            0x080044d9   Thumb Code     6  stm32f10x_tim.o(.text)
    TIM_GetITStatus                          0x080044df   Thumb Code    34  stm32f10x_tim.o(.text)
    TIM_ClearITPendingBit                    0x08004501   Thumb Code     6  stm32f10x_tim.o(.text)
    USART_DeInit                             0x08004509   Thumb Code   134  stm32f10x_usart.o(.text)
    USART_Init                               0x0800458f   Thumb Code   210  stm32f10x_usart.o(.text)
    USART_StructInit                         0x08004661   Thumb Code    24  stm32f10x_usart.o(.text)
    USART_ClockInit                          0x08004679   Thumb Code    34  stm32f10x_usart.o(.text)
    USART_ClockStructInit                    0x0800469b   Thumb Code    12  stm32f10x_usart.o(.text)
    USART_Cmd                                0x080046a7   Thumb Code    24  stm32f10x_usart.o(.text)
    USART_ITConfig                           0x080046bf   Thumb Code    74  stm32f10x_usart.o(.text)
    USART_DMACmd                             0x08004709   Thumb Code    18  stm32f10x_usart.o(.text)
    USART_SetAddress                         0x0800471b   Thumb Code    18  stm32f10x_usart.o(.text)
    USART_WakeUpConfig                       0x0800472d   Thumb Code    18  stm32f10x_usart.o(.text)
    USART_ReceiverWakeUpCmd                  0x0800473f   Thumb Code    24  stm32f10x_usart.o(.text)
    USART_LINBreakDetectLengthConfig         0x08004757   Thumb Code    18  stm32f10x_usart.o(.text)
    USART_LINCmd                             0x08004769   Thumb Code    24  stm32f10x_usart.o(.text)
    USART_SendData                           0x08004781   Thumb Code     8  stm32f10x_usart.o(.text)
    USART_ReceiveData                        0x08004789   Thumb Code    10  stm32f10x_usart.o(.text)
    USART_SendBreak                          0x08004793   Thumb Code    10  stm32f10x_usart.o(.text)
    USART_SetGuardTime                       0x0800479d   Thumb Code    16  stm32f10x_usart.o(.text)
    USART_SetPrescaler                       0x080047ad   Thumb Code    16  stm32f10x_usart.o(.text)
    USART_SmartCardCmd                       0x080047bd   Thumb Code    24  stm32f10x_usart.o(.text)
    USART_SmartCardNACKCmd                   0x080047d5   Thumb Code    24  stm32f10x_usart.o(.text)
    USART_HalfDuplexCmd                      0x080047ed   Thumb Code    24  stm32f10x_usart.o(.text)
    USART_OverSampling8Cmd                   0x08004805   Thumb Code    22  stm32f10x_usart.o(.text)
    USART_OneBitMethodCmd                    0x0800481b   Thumb Code    24  stm32f10x_usart.o(.text)
    USART_IrDAConfig                         0x08004833   Thumb Code    18  stm32f10x_usart.o(.text)
    USART_IrDACmd                            0x08004845   Thumb Code    24  stm32f10x_usart.o(.text)
    USART_GetFlagStatus                      0x0800485d   Thumb Code    26  stm32f10x_usart.o(.text)
    USART_ClearFlag                          0x08004877   Thumb Code    18  stm32f10x_usart.o(.text)
    USART_GetITStatus                        0x08004889   Thumb Code    84  stm32f10x_usart.o(.text)
    USART_ClearITPendingBit                  0x080048dd   Thumb Code    52  stm32f10x_usart.o(.text)
    Reset_Handler                            0x08004911   Thumb Code     8  startup_stm32f10x_hd.o(.text)
    ADC1_2_IRQHandler                        0x0800492b   Thumb Code     0  startup_stm32f10x_hd.o(.text)
    ADC3_IRQHandler                          0x0800492b   Thumb Code     0  startup_stm32f10x_hd.o(.text)
    CAN1_RX1_IRQHandler                      0x0800492b   Thumb Code     0  startup_stm32f10x_hd.o(.text)
    CAN1_SCE_IRQHandler                      0x0800492b   Thumb Code     0  startup_stm32f10x_hd.o(.text)
    DMA1_Channel1_IRQHandler                 0x0800492b   Thumb Code     0  startup_stm32f10x_hd.o(.text)
    DMA1_Channel2_IRQHandler                 0x0800492b   Thumb Code     0  startup_stm32f10x_hd.o(.text)
    DMA1_Channel3_IRQHandler                 0x0800492b   Thumb Code     0  startup_stm32f10x_hd.o(.text)
    DMA1_Channel4_IRQHandler                 0x0800492b   Thumb Code     0  startup_stm32f10x_hd.o(.text)
    DMA1_Channel5_IRQHandler                 0x0800492b   Thumb Code     0  startup_stm32f10x_hd.o(.text)
    DMA1_Channel6_IRQHandler                 0x0800492b   Thumb Code     0  startup_stm32f10x_hd.o(.text)
    DMA1_Channel7_IRQHandler                 0x0800492b   Thumb Code     0  startup_stm32f10x_hd.o(.text)
    DMA2_Channel1_IRQHandler                 0x0800492b   Thumb Code     0  startup_stm32f10x_hd.o(.text)
    DMA2_Channel2_IRQHandler                 0x0800492b   Thumb Code     0  startup_stm32f10x_hd.o(.text)
    DMA2_Channel3_IRQHandler                 0x0800492b   Thumb Code     0  startup_stm32f10x_hd.o(.text)
    DMA2_Channel4_5_IRQHandler               0x0800492b   Thumb Code     0  startup_stm32f10x_hd.o(.text)
    EXTI0_IRQHandler                         0x0800492b   Thumb Code     0  startup_stm32f10x_hd.o(.text)
    EXTI1_IRQHandler                         0x0800492b   Thumb Code     0  startup_stm32f10x_hd.o(.text)
    EXTI2_IRQHandler                         0x0800492b   Thumb Code     0  startup_stm32f10x_hd.o(.text)
    EXTI3_IRQHandler                         0x0800492b   Thumb Code     0  startup_stm32f10x_hd.o(.text)
    EXTI4_IRQHandler                         0x0800492b   Thumb Code     0  startup_stm32f10x_hd.o(.text)
    FLASH_IRQHandler                         0x0800492b   Thumb Code     0  startup_stm32f10x_hd.o(.text)
    FSMC_IRQHandler                          0x0800492b   Thumb Code     0  startup_stm32f10x_hd.o(.text)
    I2C1_ER_IRQHandler                       0x0800492b   Thumb Code     0  startup_stm32f10x_hd.o(.text)
    I2C1_EV_IRQHandler                       0x0800492b   Thumb Code     0  startup_stm32f10x_hd.o(.text)
    I2C2_ER_IRQHandler                       0x0800492b   Thumb Code     0  startup_stm32f10x_hd.o(.text)
    I2C2_EV_IRQHandler                       0x0800492b   Thumb Code     0  startup_stm32f10x_hd.o(.text)
    PVD_IRQHandler                           0x0800492b   Thumb Code     0  startup_stm32f10x_hd.o(.text)
    RCC_IRQHandler                           0x0800492b   Thumb Code     0  startup_stm32f10x_hd.o(.text)
    RTCAlarm_IRQHandler                      0x0800492b   Thumb Code     0  startup_stm32f10x_hd.o(.text)
    RTC_IRQHandler                           0x0800492b   Thumb Code     0  startup_stm32f10x_hd.o(.text)
    SDIO_IRQHandler                          0x0800492b   Thumb Code     0  startup_stm32f10x_hd.o(.text)
    SPI1_IRQHandler                          0x0800492b   Thumb Code     0  startup_stm32f10x_hd.o(.text)
    SPI2_IRQHandler                          0x0800492b   Thumb Code     0  startup_stm32f10x_hd.o(.text)
    SPI3_IRQHandler                          0x0800492b   Thumb Code     0  startup_stm32f10x_hd.o(.text)
    TAMPER_IRQHandler                        0x0800492b   Thumb Code     0  startup_stm32f10x_hd.o(.text)
    TIM1_BRK_IRQHandler                      0x0800492b   Thumb Code     0  startup_stm32f10x_hd.o(.text)
    TIM1_CC_IRQHandler                       0x0800492b   Thumb Code     0  startup_stm32f10x_hd.o(.text)
    TIM1_TRG_COM_IRQHandler                  0x0800492b   Thumb Code     0  startup_stm32f10x_hd.o(.text)
    TIM2_IRQHandler                          0x0800492b   Thumb Code     0  startup_stm32f10x_hd.o(.text)
    TIM4_IRQHandler                          0x0800492b   Thumb Code     0  startup_stm32f10x_hd.o(.text)
    TIM5_IRQHandler                          0x0800492b   Thumb Code     0  startup_stm32f10x_hd.o(.text)
    TIM6_IRQHandler                          0x0800492b   Thumb Code     0  startup_stm32f10x_hd.o(.text)
    TIM7_IRQHandler                          0x0800492b   Thumb Code     0  startup_stm32f10x_hd.o(.text)
    TIM8_BRK_IRQHandler                      0x0800492b   Thumb Code     0  startup_stm32f10x_hd.o(.text)
    TIM8_CC_IRQHandler                       0x0800492b   Thumb Code     0  startup_stm32f10x_hd.o(.text)
    TIM8_TRG_COM_IRQHandler                  0x0800492b   Thumb Code     0  startup_stm32f10x_hd.o(.text)
    TIM8_UP_IRQHandler                       0x0800492b   Thumb Code     0  startup_stm32f10x_hd.o(.text)
    UART4_IRQHandler                         0x0800492b   Thumb Code     0  startup_stm32f10x_hd.o(.text)
    UART5_IRQHandler                         0x0800492b   Thumb Code     0  startup_stm32f10x_hd.o(.text)
    USART1_IRQHandler                        0x0800492b   Thumb Code     0  startup_stm32f10x_hd.o(.text)
    USART3_IRQHandler                        0x0800492b   Thumb Code     0  startup_stm32f10x_hd.o(.text)
    USBWakeUp_IRQHandler                     0x0800492b   Thumb Code     0  startup_stm32f10x_hd.o(.text)
    USB_HP_CAN1_TX_IRQHandler                0x0800492b   Thumb Code     0  startup_stm32f10x_hd.o(.text)
    USB_LP_CAN1_RX0_IRQHandler               0x0800492b   Thumb Code     0  startup_stm32f10x_hd.o(.text)
    WWDG_IRQHandler                          0x0800492b   Thumb Code     0  startup_stm32f10x_hd.o(.text)
    __user_initial_stackheap                 0x0800492d   Thumb Code     0  startup_stm32f10x_hd.o(.text)
    __use_two_region_memory                  0x08004951   Thumb Code     2  heapauxi.o(.text)
    __rt_heap_escrow$2region                 0x08004953   Thumb Code     2  heapauxi.o(.text)
    __rt_heap_expand$2region                 0x08004955   Thumb Code     2  heapauxi.o(.text)
    __user_setup_stackheap                   0x08004957   Thumb Code    74  sys_stackheap_outer.o(.text)
    exit                                     0x080049a1   Thumb Code    12  exit.o(.text)
    __user_libspace                          0x080049ad   Thumb Code     8  libspace.o(.text)
    __user_perproc_libspace                  0x080049ad   Thumb Code     0  libspace.o(.text)
    __user_perthread_libspace                0x080049ad   Thumb Code     0  libspace.o(.text)
    _sys_exit                                0x080049b5   Thumb Code     8  sys_exit.o(.text)
    __I$use$semihosting                      0x080049c1   Thumb Code     0  use_no_semi.o(.text)
    __use_no_semihosting_swi                 0x080049c1   Thumb Code     2  use_no_semi.o(.text)
    __semihosting_library_function           0x080049c3   Thumb Code     0  indicate_semi.o(.text)
    __aeabi_fadd                             0x080049c5   Thumb Code     0  faddsub_clz.o(x$fpl$fadd)
    _fadd                                    0x080049c5   Thumb Code   196  faddsub_clz.o(x$fpl$fadd)
    __fpl_fcmp_Inf                           0x08004a89   Thumb Code    24  fcmpi.o(x$fpl$fcmpinf)
    __aeabi_fdiv                             0x08004aa1   Thumb Code     0  fdiv.o(x$fpl$fdiv)
    _fdiv                                    0x08004aa1   Thumb Code   384  fdiv.o(x$fpl$fdiv)
    __aeabi_f2iz                             0x08004c25   Thumb Code     0  ffix.o(x$fpl$ffix)
    _ffix                                    0x08004c25   Thumb Code    54  ffix.o(x$fpl$ffix)
    __aeabi_i2f                              0x08004c5d   Thumb Code     0  fflt_clz.o(x$fpl$fflt)
    _fflt                                    0x08004c5d   Thumb Code    48  fflt_clz.o(x$fpl$fflt)
    __aeabi_cfcmple                          0x08004c8d   Thumb Code     0  fleqf.o(x$fpl$fleqf)
    _fcmple                                  0x08004c8d   Thumb Code   104  fleqf.o(x$fpl$fleqf)
    __fpl_fcmple_InfNaN                      0x08004cdf   Thumb Code     0  fleqf.o(x$fpl$fleqf)
    __aeabi_fmul                             0x08004cf5   Thumb Code     0  fmul.o(x$fpl$fmul)
    _fmul                                    0x08004cf5   Thumb Code   258  fmul.o(x$fpl$fmul)
    __fpl_fnaninf                            0x08004df7   Thumb Code   140  fnaninf.o(x$fpl$fnaninf)
    __fpl_fretinf                            0x08004e83   Thumb Code    10  fretinf.o(x$fpl$fretinf)
    __aeabi_cfrcmple                         0x08004e8d   Thumb Code     0  frleqf.o(x$fpl$frleqf)
    _frcmple                                 0x08004e8d   Thumb Code    98  frleqf.o(x$fpl$frleqf)
    __aeabi_fsub                             0x08004ef1   Thumb Code     0  faddsub_clz.o(x$fpl$fsub)
    _fsub                                    0x08004ef1   Thumb Code   234  faddsub_clz.o(x$fpl$fsub)
    MOTOR_HALL_SPEED_TABLE                   0x08004fda   Data          98  stm32f10x_it.o(.constdata)
    __I$use$fp                               0x08004fda   Number         0  usenofp.o(x$fpl$usenofp)
    hSin_Cos_Table                           0x0800503c   Data        2048  triangle.o(.constdata)
    Region$$Table$$Base                      0x0800583c   Number         0  anon$$obj.o(Region$$Table)
    Region$$Table$$Limit                     0x0800585c   Number         0  anon$$obj.o(Region$$Table)
    byte_80075D0                             0x080075d0   Data           1  flash.o(.ARM.__AT_0x080075D0)
    byte_80075D1                             0x080075d1   Data           1  flash.o(.ARM.__AT_0x080075D1)
    byte_80075D2                             0x080075d2   Data           1  flash.o(.ARM.__AT_0x080075D2)
    byte_80075D3                             0x080075d3   Data           1  flash.o(.ARM.__AT_0x080075D3)
    byte_80075D4                             0x080075d4   Data           1  flash.o(.ARM.__AT_0x080075D4)
    byte_80075D5                             0x080075d5   Data           1  flash.o(.ARM.__AT_0x080075D5)
    byte_80075D6                             0x080075d6   Data           1  flash.o(.ARM.__AT_0x080075D6)
    byte_80075D7                             0x080075d7   Data           1  flash.o(.ARM.__AT_0x080075D7)
    byte_80075D8                             0x080075d8   Data           1  flash.o(.ARM.__AT_0x080075D8)
    byte_80075D9                             0x080075d9   Data           1  flash.o(.ARM.__AT_0x080075D9)
    byte_80075DA                             0x080075da   Data           1  flash.o(.ARM.__AT_0x080075DA)
    byte_80075DB                             0x080075db   Data           1  flash.o(.ARM.__AT_0x080075DB)
    unk_8016000                              0x08016000   Data          32  flash.o(.ARM.__AT_0x08016000)
    unk_801B000                              0x0801b000   Data          32  flash.o(.ARM.__AT_0x0801B000)
    unk_802F000                              0x0802f000   Data          32  flash.o(.ARM.__AT_0x0802F000)
    unk_8033C00                              0x08033c00   Data          32  flash.o(.ARM.__AT_0x08033C00)
    unk_8034000                              0x08034000   Data          32  flash.o(.ARM.__AT_0x08034000)
    get_vol_cnt_028                          0x20000000   Data           1  main.o(.data)
    poll_ctrl_cnt_029                        0x20000001   Data           1  main.o(.data)
    error_motor_line_05B                     0x20000002   Data           1  main.o(.data)
    KP_test                                  0x20000004   Data           4  main.o(.data)
    KI_test                                  0x20000008   Data           4  main.o(.data)
    KD_test                                  0x2000000c   Data           4  main.o(.data)
    speed_set_test                           0x20000010   Data           4  main.o(.data)
    val1_final                               0x20000014   Data           4  main.o(.data)
    val2_final                               0x20000018   Data           4  main.o(.data)
    count_speed_time                         0x2000001c   Data           4  main.o(.data)
    motor_direction                          0x20000020   Data           4  main.o(.data)
    val1_final_open                          0x20000024   Data           4  main.o(.data)
    val1_final_xiepo                         0x20000028   Data           4  main.o(.data)
    roll_time                                0x2000002c   Data           2  main.o(.data)
    hallState_Far                            0x20000030   Data           1  stm32f10x_it.o(.data)
    lastState_Far                            0x20000031   Data           1  stm32f10x_it.o(.data)
    hallState_Near                           0x20000032   Data           1  stm32f10x_it.o(.data)
    lastState_Near                           0x20000033   Data           1  stm32f10x_it.o(.data)
    speedCounter_Far                         0x20000034   Data           4  stm32f10x_it.o(.data)
    speedCounter_Near                        0x20000038   Data           4  stm32f10x_it.o(.data)
    motor_speed_near_set                     0x2000003c   Data           4  stm32f10x_it.o(.data)
    motor_speed_far_set                      0x20000040   Data           4  stm32f10x_it.o(.data)
    motor_speed_near                         0x20000044   Data           4  stm32f10x_it.o(.data)
    motor_speed_far                          0x20000048   Data           4  stm32f10x_it.o(.data)
    motor_speed_near_val                     0x2000004c   Data           4  stm32f10x_it.o(.data)
    motor_speed_far_val                      0x20000050   Data           4  stm32f10x_it.o(.data)
    tim3Counter2                             0x20000054   Data           2  stm32f10x_it.o(.data)
    SystemCoreClock                          0x20000058   Data           4  system_stm32f10x.o(.data)
    AHBPrescTable                            0x2000005c   Data          16  system_stm32f10x.o(.data)
    flash_para9_044                          0x2000006c   Data           2  flash.o(.data)
    flash_para8_046                          0x2000006e   Data           2  flash.o(.data)
    flash_para7_048                          0x20000070   Data           2  flash.o(.data)
    flash_para6_04C                          0x20000072   Data           2  flash.o(.data)
    flash_para5_04E                          0x20000074   Data           2  flash.o(.data)
    flash_para4_050                          0x20000076   Data           2  flash.o(.data)
    flash_para2_052                          0x20000078   Data           2  flash.o(.data)
    flash_para3_054                          0x2000007a   Data           2  flash.o(.data)
    flag_flash_write3_218                    0x2000007c   Data           1  flash.o(.data)
    flag_flash_write4_220                    0x2000007d   Data           1  flash.o(.data)
    flag_flash_write5_228                    0x2000007e   Data           1  flash.o(.data)
    flag_flash_write6_230                    0x2000007f   Data           1  flash.o(.data)
    receive_state                            0x20000080   Data           4  init.o(.data)
    v0                                       0x20000084   Data           2  init.o(.data)
    uart2_send_cnt                           0x20000088   Data           1  usart.o(.data)
    flag_mpu2_online1_174                    0x20000089   Data           1  usart.o(.data)
    flag_mpu3_online1_175                    0x2000008a   Data           1  usart.o(.data)
    motor2_state_1_176                       0x2000008b   Data           1  usart.o(.data)
    motor1_state_1_177                       0x2000008c   Data           1  usart.o(.data)
    motor_state_4_bak_178                    0x2000008d   Data           1  usart.o(.data)
    motor_state_vol_bak_179                  0x2000008e   Data           1  usart.o(.data)
    motor_state_7_17A                        0x2000008f   Data           1  usart.o(.data)
    motor_state_8_17B                        0x20000090   Data           1  usart.o(.data)
    motor_state_6_17C                        0x20000091   Data           1  usart.o(.data)
    motor_state_5_17D                        0x20000092   Data           1  usart.o(.data)
    motor_state_vol_1BB                      0x20000093   Data           1  usart.o(.data)
    motor_state_4_1BA                        0x20000094   Data           1  usart.o(.data)
    get_usart3_cnt                           0x20000095   Data           1  usart.o(.data)
    uart3_send_cnt_1B9                       0x20000096   Data           1  usart.o(.data)
    mpu2_last_194                            0x20000098   Data           4  usart.o(.data)
    mpu_2_198                                0x2000009c   Data           4  usart.o(.data)
    rec_usart3_buf_19E                       0x200000a0   Data           7  usart.o(.data)
    mpu3_last_1A8                            0x200000a8   Data           4  usart.o(.data)
    get_usart2_cnt                           0x200000ac   Data           1  usart.o(.data)
    cycle_cnt_usart2_18A                     0x200000ad   Data           1  usart.o(.data)
    rec_usart2_buf_18B                       0x200000ae   Data           7  usart.o(.data)
    error_angle_186                          0x200000b5   Data           1  usart.o(.data)
    error_1D0                                0x200000b6   Data           1  usart.o(.data)
    error_1D1                                0x200000b7   Data           1  usart.o(.data)
    cycle_cnt_usart3_19D                     0x200000b8   Data           1  usart.o(.data)
    flag_mpu3_online2_1D3                    0x200000b9   Data           1  usart.o(.data)
    time_out_usart2_cnt_192                  0x200000ba   Data           2  usart.o(.data)
    time_out_usart3_cnt_1A4                  0x200000bc   Data           4  usart.o(.data)
    flag_mpu2_unchange_17E                   0x200000c0   Data           1  usart.o(.data)
    flag_mpu3_unchange_17F                   0x200000c1   Data           1  usart.o(.data)
    uart2_data                               0x200000c2   Data           6  usart.o(.data)
    uart3_data                               0x200000c8   Data           6  usart.o(.data)
    speed_level                              0x200000d0   Data           4  usart.o(.data)
    send_speed_level                         0x200000d4   Data           4  usart.o(.data)
    power_level                              0x200000d8   Data           4  usart.o(.data)
    send_power_level                         0x200000dc   Data           4  usart.o(.data)
    lk_remove_flag_mpu2                      0x200000e0   Data           4  usart.o(.data)
    lk_remove_flag_mpu3                      0x200000e4   Data           4  usart.o(.data)
    v00                                      0x200000e8   Data           2  usart.o(.data)
    start_str                                0x200000ec   Data           4  usart.o(.data)
    start_str_his                            0x200000f0   Data           4  usart.o(.data)
    count_start_ms                           0x200000f4   Data           4  usart.o(.data)
    count_start_s                            0x200000f8   Data           4  usart.o(.data)
    count_usart2_rec                         0x200000fc   Data           4  usart.o(.data)
    flag_buzz_poweron_08A                    0x20000100   Data           1  buzz.o(.data)
    buzz_power_on_type_08B                   0x20000101   Data           1  buzz.o(.data)
    cycle_buzz_cnt1_08C                      0x20000102   Data           1  buzz.o(.data)
    flag_pa12_ok_last_08D                    0x20000103   Data           1  buzz.o(.data)
    flag_mpu2_online2_last_08E               0x20000104   Data           1  buzz.o(.data)
    flag_mpu3_online2_last_08F               0x20000105   Data           1  buzz.o(.data)
    flag_buzz_ok_1_084                       0x20000106   Data           1  buzz.o(.data)
    flag_buzz_unknown1_090                   0x20000107   Data           1  buzz.o(.data)
    flag_buzz_unknown2_091                   0x20000108   Data           1  buzz.o(.data)
    flag_buzz_unknown3_092                   0x20000109   Data           1  buzz.o(.data)
    flag_buzz_unknown4_093                   0x2000010a   Data           1  buzz.o(.data)
    flag_unknown_2_bak_094                   0x2000010b   Data           1  buzz.o(.data)
    buzz_cnt_095                             0x2000010c   Data           1  buzz.o(.data)
    buzz_total_096                           0x2000010d   Data           1  buzz.o(.data)
    buzz_on_097                              0x2000010e   Data           1  buzz.o(.data)
    buzz_type_0B2                            0x20000110   Data           2  buzz.o(.data)
    error_motor1_pos_flag_0D2                0x20000112   Data           1  motor1.o(.data)
    motor1_dir_flag_last_0D3                 0x20000113   Data           1  motor1.o(.data)
    motor1_cur_hall_0D5                      0x20000114   Data           1  motor1.o(.data)
    motor1_last_hall_0D6                     0x20000115   Data           1  motor1.o(.data)
    cycle_motor1_phase_cnt_0D7               0x20000116   Data           1  motor1.o(.data)
    flag_motor1_roll_begin_0D8               0x20000117   Data           1  motor1.o(.data)
    flag_motor1_roll_ok_0D9                  0x20000118   Data           1  motor1.o(.data)
    motor1_time_phase_switch_0DA             0x2000011a   Data           2  motor1.o(.data)
    motor1_cur_phase_0DC                     0x2000011c   Data           2  motor1.o(.data)
    motor1_electrical_angle_bak_0DE          0x2000011e   Data           2  motor1.o(.data)
    motor1_unknown_para1_0E0                 0x20000120   Data           2  motor1.o(.data)
    motor1_angle_diff_0E2                    0x20000122   Data           2  motor1.o(.data)
    moter1_roll_time_laset_0E4               0x20000124   Data           2  motor1.o(.data)
    flag_motor1_shake_0E6                    0x20000126   Data           1  motor1.o(.data)
    motor1_angle_para1_0E7                   0x20000127   Data           1  motor1.o(.data)
    moter1_phase_num_0E8                     0x20000128   Data           1  motor1.o(.data)
    cycle_motor1_cnt4_0E9                    0x20000129   Data           1  motor1.o(.data)
    flag_motor1_move_0EA                     0x2000012a   Data           2  motor1.o(.data)
    moter1_roll_time_0EC                     0x2000012c   Data           2  motor1.o(.data)
    motor1_dir_flag_0EE                      0x2000012e   Data           2  motor1.o(.data)
    motor1_angle_para_a_0F0                  0x20000130   Data           2  motor1.o(.data)
    motor1_angle_para_c_0F2                  0x20000132   Data           2  motor1.o(.data)
    motor1_electrical_angle_0F4              0x20000134   Data           2  motor1.o(.data)
    motor1_angle_para_d_0F6                  0x20000136   Data           2  motor1.o(.data)
    motor1_angle_para_e_0F8                  0x20000138   Data           2  motor1.o(.data)
    motor1_angle_para_f_0FA                  0x2000013a   Data           2  motor1.o(.data)
    motor1_angle_para_g_0FC                  0x2000013c   Data           2  motor1.o(.data)
    motor1_Angle                             0x2000013e   Data           2  motor1.o(.data)
    motor1_stat_volt_q_d                     0x20000140   Data           4  motor1.o(.data)
    motor1_Curr_q_d_108                      0x20000144   Data           2  motor1.o(.data)
    motor1_flow_integral                     0x20000146   Data           2  motor1.o(.data)
    motor1_curr_a_b                          0x20000148   Data           4  motor1.o(.data)
    motor1_Curr_alfa_beta                    0x2000014c   Data           4  motor1.o(.data)
    motor1_vol_a_b                           0x20000150   Data           4  motor1.o(.data)
    motor1_vector_Components                 0x20000154   Data           4  motor1.o(.data)
    motor2_stat_volt_q_d                     0x20000158   Data           4  motor2.o(.data)
    motor2_Curr_qd_Component1_128            0x2000015c   Data           2  motor2.o(.data)
    motor2_flow_integral                     0x2000015e   Data           2  motor2.o(.data)
    motor2_curr_a_b                          0x20000160   Data           4  motor2.o(.data)
    motor2_Curr_alfa_beta                    0x20000164   Data           4  motor2.o(.data)
    motor2_Curr_q_d                          0x20000168   Data           4  motor2.o(.data)
    motor2_vol_a_b                           0x2000016c   Data           4  motor2.o(.data)
    motor2_vector_Components                 0x20000170   Data           4  motor2.o(.data)
    error_motor2_pos_flag_144                0x20000174   Data           1  motor2.o(.data)
    motor2_dir_flag_last_145                 0x20000175   Data           1  motor2.o(.data)
    motor2_cur_hall_147                      0x20000176   Data           1  motor2.o(.data)
    motor2_last_hall_148                     0x20000177   Data           1  motor2.o(.data)
    cycle_motor2_phase_cnt_149               0x20000178   Data           1  motor2.o(.data)
    flag_motor2_roll_begin_14A               0x20000179   Data           1  motor2.o(.data)
    flag_motor2_roll_ok_14B                  0x2000017a   Data           1  motor2.o(.data)
    motor2_time_phase_switch_14C             0x2000017c   Data           2  motor2.o(.data)
    motor2_cur_phase_14E                     0x2000017e   Data           2  motor2.o(.data)
    motor2_electrical_angle_bak_150          0x20000180   Data           2  motor2.o(.data)
    motor2_unknown_para1_152                 0x20000182   Data           2  motor2.o(.data)
    motor2_angle_diff_154                    0x20000184   Data           2  motor2.o(.data)
    moter2_roll_time_laset_156               0x20000186   Data           2  motor2.o(.data)
    flag_motor2_shake_158                    0x20000188   Data           1  motor2.o(.data)
    motor2_angle_para1_159                   0x20000189   Data           1  motor2.o(.data)
    moter2_phase_num_15A                     0x2000018a   Data           1  motor2.o(.data)
    cycle_motor2_cnt4_15B                    0x2000018b   Data           1  motor2.o(.data)
    flag_motor2_move_15C                     0x2000018c   Data           1  motor2.o(.data)
    moter2_roll_time_15E                     0x2000018e   Data           2  motor2.o(.data)
    motor2_dir_flag_160                      0x20000190   Data           2  motor2.o(.data)
    motor2_angle_para_a_162                  0x20000192   Data           2  motor2.o(.data)
    motor2_angle_para_c_164                  0x20000194   Data           2  motor2.o(.data)
    motor2_electrical_angle_166              0x20000196   Data           2  motor2.o(.data)
    motor2_angle_para_d_168                  0x20000198   Data           2  motor2.o(.data)
    motor2_angle_para_e_16A                  0x2000019a   Data           2  motor2.o(.data)
    motor2_angle_para_f_16C                  0x2000019c   Data           2  motor2.o(.data)
    motor2_angle_para_g_16E                  0x2000019e   Data           2  motor2.o(.data)
    motor2_Angle                             0x200001a0   Data           2  motor2.o(.data)
    flag_dormancy_reset_039                  0x200001a4   Data           1  algorithm.o(.data)
    time1_cnt_056                            0x200001a6   Data           2  algorithm.o(.data)
    self_check_ok_038                        0x200001a8   Data           1  algorithm.o(.data)
    get_adc_cnt_058                          0x200001aa   Data           2  algorithm.o(.data)
    time1_ok_05A                             0x200001ac   Data           1  algorithm.o(.data)
    motor2_u_cur_05C                         0x200001ae   Data           2  algorithm.o(.data)
    motor2_w_cur_05E                         0x200001b0   Data           2  algorithm.o(.data)
    motor2_load_buf_060                      0x200001b2   Data           8  algorithm.o(.data)
    bet_vol_buf_068                          0x200001ba   Data           8  algorithm.o(.data)
    motor1_u_cur_070                         0x200001c2   Data           2  algorithm.o(.data)
    motor1_w_cur_072                         0x200001c4   Data           2  algorithm.o(.data)
    motor1_load_buf_074                      0x200001c6   Data           8  algorithm.o(.data)
    boot_vol_buf_07C                         0x200001ce   Data           8  algorithm.o(.data)
    flag_unknown_2_086                       0x200001d6   Data           1  algorithm.o(.data)
    flag_unknown_3_087                       0x200001d7   Data           1  algorithm.o(.data)
    get_adc_ok_0B4                           0x200001d8   Data           1  algorithm.o(.data)
    flag_motor2_reg_slow_0B5                 0x200001d9   Data           1  algorithm.o(.data)
    motor2_error_el_vol_flag_0B6             0x200001da   Data           2  algorithm.o(.data)
    motor2_load_ref_0B8                      0x200001dc   Data           2  algorithm.o(.data)
    para_motor2_attitude_0BA                 0x200001de   Data           2  algorithm.o(.data)
    motor2_speed_0BC                         0x200001e0   Data           2  algorithm.o(.data)
    motor1_speed_0C4                         0x200001e2   Data           2  algorithm.o(.data)
    flag_motor1_reg_slow_0BE                 0x200001e4   Data           1  algorithm.o(.data)
    motor1_error_el_vol_flag_0BF             0x200001e5   Data           1  algorithm.o(.data)
    motor1_load_ref_0C0                      0x200001e6   Data           2  algorithm.o(.data)
    para_motor1_attitude_0C2                 0x200001e8   Data           2  algorithm.o(.data)
    MOTOR_PHASE_SEQUENCE_120                 0x200001ea   Data           8  algorithm.o(.data)
    flag_unknown_7_186                       0x200001f2   Data           1  algorithm.o(.data)
    flag_unknown_8_188                       0x200001f3   Data           1  algorithm.o(.data)
    motor1_hPhaseAOffset_110                 0x200001f4   Data           2  algorithm.o(.data)
    motor1_hPhaseBOffset_112                 0x200001f6   Data           2  algorithm.o(.data)
    motor2_hPhaseAOffset_130                 0x200001f8   Data           2  algorithm.o(.data)
    motor2_hPhaseBOffset_132                 0x200001fa   Data           2  algorithm.o(.data)
    lk_torque_gas                            0x200001fc   Data           4  algorithm.o(.data)
    lk_gas_accelerate                        0x20000200   Data           4  algorithm.o(.data)
    flag_unknown_1_02A                       0x20000204   Data           1  charge.o(.data)
    flag_vol_low_02B                         0x20000205   Data           1  charge.o(.data)
    vol_val_bak_02C                          0x20000206   Data           2  charge.o(.data)
    cycle_vol_cnt1_02E                       0x20000208   Data           2  charge.o(.data)
    error_vol_flag_030                       0x2000020a   Data           1  charge.o(.data)
    flag_vol_lower_031                       0x2000020b   Data           1  charge.o(.data)
    vol_val_032                              0x2000020c   Data           2  charge.o(.data)
    flag_vol_low_03A                         0x2000020e   Data           1  charge.o(.data)
    flag_charging_085                        0x2000020f   Data           1  charge.o(.data)
    flag_dormancy_098                        0x20000210   Data           1  charge.o(.data)
    cycle_vol_cnt_09A                        0x20000212   Data           2  charge.o(.data)
    cycle_vol_cnt3_high_09C                  0x20000214   Data           2  charge.o(.data)
    cycle_error_cnt_0A0                      0x20000218   Data           4  charge.o(.data)
    cycle_vol_cnt2_0A4                       0x2000021c   Data           2  charge.o(.data)
    flag_charge_cnt1_0A6                     0x2000021e   Data           1  charge.o(.data)
    flag_charge_cnt2_0A7                     0x2000021f   Data           1  charge.o(.data)
    lk                                       0x20000220   Data           4  charge.o(.data)
    diff_last_1D8                            0x20000224   Data           4  attitude.o(.data)
    motor1_cor_para_angle                    0x20000228   Data           4  attitude.o(.data)
    motor2_cor_para_angle                    0x2000022c   Data           4  attitude.o(.data)
    motor1_integral_1E8                      0x20000230   Data           4  attitude.o(.data)
    motor2_integral_1EC                      0x20000234   Data           4  attitude.o(.data)
    attitude_motor1_angle_last_1F4           0x20000238   Data           4  attitude.o(.data)
    pid_ki                                   0x2000023c   Data           4  attitude.o(.data)
    attitude_motor2_angle_last_200           0x20000240   Data           4  attitude.o(.data)
    flag_motor2_status_20A                   0x20000244   Data           1  attitude.o(.data)
    flag_motor1_status_20B                   0x20000245   Data           1  attitude.o(.data)
    flag_charging_mpu_online_20C             0x20000246   Data           1  attitude.o(.data)
    error_vice_20D                           0x20000247   Data           1  attitude.o(.data)
    flag_two_motor_dir_20E                   0x20000248   Data           1  attitude.o(.data)
    flag_mpu2_online2_bak_20F                0x20000249   Data           1  attitude.o(.data)
    flag_mpu3_online2_bak_210                0x2000024a   Data           1  attitude.o(.data)
    flag_mpu2_ok_211                         0x2000024b   Data           1  attitude.o(.data)
    flag_mpu3_ok_212                         0x2000024c   Data           1  attitude.o(.data)
    dir_offset                               0x20000250   Data           4  attitude.o(.data)
    mpu6050_1_data_1BC                       0x20000254   Data           2  attitude.o(.data)
    mpu_2_angle_1C0                          0x20000258   Data           4  attitude.o(.data)
    mpu_3_angle_1C4                          0x2000025c   Data           4  attitude.o(.data)
    attitude_motor2_angle_1C8                0x20000260   Data           4  attitude.o(.data)
    attitude_motor1_angle_1CC                0x20000264   Data           4  attitude.o(.data)
    flag_mpu2_online2_1D2                    0x20000268   Data           1  attitude.o(.data)
    cycle_unknown_cnt1_0A8                   0x20000269   Data           1  attitude.o(.data)
    flag_unknown_4_0A9                       0x2000026a   Data           1  attitude.o(.data)
    cycle_unknown_cnt3_0AA                   0x2000026b   Data           1  attitude.o(.data)
    flag_unknown_5_0AB                       0x2000026c   Data           1  attitude.o(.data)
    cycle_unknown_cnt5_0AC                   0x2000026d   Data           1  attitude.o(.data)
    flag_unknown_6_0AD                       0x2000026e   Data           1  attitude.o(.data)
    cycle_unknown_cnt6_0AE                   0x20000270   Data           2  attitude.o(.data)
    cycle_unknown_cnt4_0B0                   0x20000272   Data           2  attitude.o(.data)
    SPEED_KP_Near                            0x20000274   Data           4  pid.o(.data)
    SPEED_KI_Near                            0x20000278   Data           4  pid.o(.data)
    SPEED_KD_Near                            0x2000027c   Data           4  pid.o(.data)
    SPEED_KP_Far                             0x20000280   Data           4  pid.o(.data)
    SPEED_KI_Far                             0x20000284   Data           4  pid.o(.data)
    SPEED_KD_Far                             0x20000288   Data           4  pid.o(.data)
    error                                    0x2000028c   Data           4  pid.o(.data)
    d_error                                  0x20000290   Data           4  pid.o(.data)
    dd_error                                 0x20000294   Data           4  pid.o(.data)
    buf_rec_usart_2                          0x200002ac   Data          10  init.o(.bss)
    data_buf                                 0x200002b6   Data          14  usart.o(.bss)
    send_buf                                 0x200002c4   Data          30  usart.o(.bss)
    moter1_angle_buf_234                     0x200002e2   Data          12  motor1.o(.bss)
    sPID_Near                                0x200002f0   Data          32  pid.o(.bss)
    sPID_Far                                 0x20000310   Data          32  pid.o(.bss)
    __libspace_start                         0x20000330   Data          96  libspace.o(.bss)
    __temporary_stack_top$libspace           0x20000390   Data           0  libspace.o(.bss)



==============================================================================

Memory Map of the image

  Image Entry point : 0x08000131

  Load Region LR_IROM1 (Base: 0x08000000, Size: 0x000342cc, Max: 0x00040000, ABSOLUTE, COMPRESSED[0x00034078])

    Execution Region ER_IROM1 (Base: 0x08000000, Size: 0x00034020, Max: 0x00040000, ABSOLUTE)

    Base Addr    Size         Type   Attr      Idx    E Section Name        Object

    0x08000000   0x00000130   Data   RO          484    RESET               startup_stm32f10x_hd.o
    0x08000130   0x00000008   Code   RO          494  * !!!main             c_w.l(__main.o)
    0x08000138   0x00000034   Code   RO          683    !!!scatter          c_w.l(__scatter.o)
    0x0800016c   0x0000003a   Code   RO          681    !!dczerorl          c_w.l(__dczerorl.o)
    0x080001a6   0x00000002   PAD
    0x080001a8   0x0000001c   Code   RO          685    !!handler_zi        c_w.l(__scatter_zi.o)
    0x080001c4   0x00000002   Code   RO          554    .ARM.Collect$$libinit$$00000000  c_w.l(libinit.o)
    0x080001c6   0x00000000   Code   RO          561    .ARM.Collect$$libinit$$00000002  c_w.l(libinit2.o)
    0x080001c6   0x00000000   Code   RO          564    .ARM.Collect$$libinit$$00000008  c_w.l(libinit2.o)
    0x080001c6   0x00000000   Code   RO          566    .ARM.Collect$$libinit$$0000000A  c_w.l(libinit2.o)
    0x080001c6   0x00000000   Code   RO          568    .ARM.Collect$$libinit$$0000000C  c_w.l(libinit2.o)
    0x080001c6   0x00000000   Code   RO          571    .ARM.Collect$$libinit$$0000000F  c_w.l(libinit2.o)
    0x080001c6   0x00000000   Code   RO          573    .ARM.Collect$$libinit$$00000011  c_w.l(libinit2.o)
    0x080001c6   0x00000000   Code   RO          575    .ARM.Collect$$libinit$$00000013  c_w.l(libinit2.o)
    0x080001c6   0x00000000   Code   RO          577    .ARM.Collect$$libinit$$00000015  c_w.l(libinit2.o)
    0x080001c6   0x00000000   Code   RO          579    .ARM.Collect$$libinit$$00000017  c_w.l(libinit2.o)
    0x080001c6   0x00000000   Code   RO          581    .ARM.Collect$$libinit$$00000019  c_w.l(libinit2.o)
    0x080001c6   0x00000000   Code   RO          583    .ARM.Collect$$libinit$$0000001B  c_w.l(libinit2.o)
    0x080001c6   0x00000000   Code   RO          585    .ARM.Collect$$libinit$$0000001D  c_w.l(libinit2.o)
    0x080001c6   0x00000000   Code   RO          587    .ARM.Collect$$libinit$$0000001F  c_w.l(libinit2.o)
    0x080001c6   0x00000000   Code   RO          589    .ARM.Collect$$libinit$$00000021  c_w.l(libinit2.o)
    0x080001c6   0x00000000   Code   RO          591    .ARM.Collect$$libinit$$00000023  c_w.l(libinit2.o)
    0x080001c6   0x00000000   Code   RO          595    .ARM.Collect$$libinit$$0000002A  c_w.l(libinit2.o)
    0x080001c6   0x00000000   Code   RO          597    .ARM.Collect$$libinit$$0000002C  c_w.l(libinit2.o)
    0x080001c6   0x00000000   Code   RO          599    .ARM.Collect$$libinit$$0000002E  c_w.l(libinit2.o)
    0x080001c6   0x00000000   Code   RO          601    .ARM.Collect$$libinit$$00000030  c_w.l(libinit2.o)
    0x080001c6   0x00000002   Code   RO          602    .ARM.Collect$$libinit$$00000031  c_w.l(libinit2.o)
    0x080001c8   0x00000002   Code   RO          622    .ARM.Collect$$libshutdown$$00000000  c_w.l(libshutdown.o)
    0x080001ca   0x00000000   Code   RO          636    .ARM.Collect$$libshutdown$$00000003  c_w.l(libshutdown2.o)
    0x080001ca   0x00000000   Code   RO          639    .ARM.Collect$$libshutdown$$00000006  c_w.l(libshutdown2.o)
    0x080001ca   0x00000000   Code   RO          642    .ARM.Collect$$libshutdown$$00000009  c_w.l(libshutdown2.o)
    0x080001ca   0x00000000   Code   RO          644    .ARM.Collect$$libshutdown$$0000000B  c_w.l(libshutdown2.o)
    0x080001ca   0x00000000   Code   RO          647    .ARM.Collect$$libshutdown$$0000000E  c_w.l(libshutdown2.o)
    0x080001ca   0x00000002   Code   RO          648    .ARM.Collect$$libshutdown$$0000000F  c_w.l(libshutdown2.o)
    0x080001cc   0x00000000   Code   RO          522    .ARM.Collect$$rtentry$$00000000  c_w.l(rtentry.o)
    0x080001cc   0x00000000   Code   RO          531    .ARM.Collect$$rtentry$$00000002  c_w.l(rtentry2.o)
    0x080001cc   0x00000006   Code   RO          543    .ARM.Collect$$rtentry$$00000004  c_w.l(rtentry4.o)
    0x080001d2   0x00000000   Code   RO          533    .ARM.Collect$$rtentry$$00000009  c_w.l(rtentry2.o)
    0x080001d2   0x00000004   Code   RO          534    .ARM.Collect$$rtentry$$0000000A  c_w.l(rtentry2.o)
    0x080001d6   0x00000000   Code   RO          536    .ARM.Collect$$rtentry$$0000000C  c_w.l(rtentry2.o)
    0x080001d6   0x00000008   Code   RO          537    .ARM.Collect$$rtentry$$0000000D  c_w.l(rtentry2.o)
    0x080001de   0x00000002   Code   RO          558    .ARM.Collect$$rtexit$$00000000  c_w.l(rtexit.o)
    0x080001e0   0x00000000   Code   RO          604    .ARM.Collect$$rtexit$$00000002  c_w.l(rtexit2.o)
    0x080001e0   0x00000004   Code   RO          605    .ARM.Collect$$rtexit$$00000003  c_w.l(rtexit2.o)
    0x080001e4   0x00000006   Code   RO          606    .ARM.Collect$$rtexit$$00000004  c_w.l(rtexit2.o)
    0x080001ea   0x00000002   PAD
    0x080001ec   0x00000160   Code   RO            1    .text               main.o
    0x0800034c   0x000001a8   Code   RO           71    .text               stm32f10x_it.o
    0x080004f4   0x000001e0   Code   RO           98    .text               system_stm32f10x.o
    0x080006d4   0x000006ac   Code   RO          156    .text               init.o
    0x08000d80   0x000004dc   Code   RO          179    .text               usart.o
    0x0800125c   0x00000c80   Code   RO          246    .text               motor1.o
    0x08001edc   0x0000003c   Code   RO          292    .text               triangle.o
    0x08001f18   0x00000504   Code   RO          310    .text               algorithm.o
    0x0800241c   0x000002f4   Code   RO          332    .text               charge.o
    0x08002710   0x00000128   Code   RO          376    .text               pid.o
    0x08002838   0x000000dc   Code   RO          396    .text               misc.o
    0x08002914   0x000005bc   Code   RO          408    .text               stm32f10x_flash.o
    0x08002ed0   0x0000035c   Code   RO          420    .text               stm32f10x_gpio.o
    0x0800322c   0x000003a4   Code   RO          432    .text               stm32f10x_rcc.o
    0x080035d0   0x0000011c   Code   RO          446    .text               stm32f10x_exti.o
    0x080036ec   0x00000e1a   Code   RO          458    .text               stm32f10x_tim.o
    0x08004506   0x00000002   PAD
    0x08004508   0x00000408   Code   RO          470    .text               stm32f10x_usart.o
    0x08004910   0x00000040   Code   RO          485    .text               startup_stm32f10x_hd.o
    0x08004950   0x00000006   Code   RO          492    .text               c_w.l(heapauxi.o)
    0x08004956   0x0000004a   Code   RO          545    .text               c_w.l(sys_stackheap_outer.o)
    0x080049a0   0x0000000c   Code   RO          547    .text               c_w.l(exit.o)
    0x080049ac   0x00000008   Code   RO          555    .text               c_w.l(libspace.o)
    0x080049b4   0x0000000c   Code   RO          614    .text               c_w.l(sys_exit.o)
    0x080049c0   0x00000002   Code   RO          625    .text               c_w.l(use_no_semi.o)
    0x080049c2   0x00000000   Code   RO          627    .text               c_w.l(indicate_semi.o)
    0x080049c2   0x00000002   PAD
    0x080049c4   0x000000c4   Code   RO          496    x$fpl$fadd          fz_ws.l(faddsub_clz.o)
    0x08004a88   0x00000018   Code   RO          523    x$fpl$fcmpinf       fz_ws.l(fcmpi.o)
    0x08004aa0   0x00000184   Code   RO          503    x$fpl$fdiv          fz_ws.l(fdiv.o)
    0x08004c24   0x00000036   Code   RO          506    x$fpl$ffix          fz_ws.l(ffix.o)
    0x08004c5a   0x00000002   PAD
    0x08004c5c   0x00000030   Code   RO          511    x$fpl$fflt          fz_ws.l(fflt_clz.o)
    0x08004c8c   0x00000068   Code   RO          516    x$fpl$fleqf         fz_ws.l(fleqf.o)
    0x08004cf4   0x00000102   Code   RO          518    x$fpl$fmul          fz_ws.l(fmul.o)
    0x08004df6   0x0000008c   Code   RO          525    x$fpl$fnaninf       fz_ws.l(fnaninf.o)
    0x08004e82   0x0000000a   Code   RO          527    x$fpl$fretinf       fz_ws.l(fretinf.o)
    0x08004e8c   0x00000062   Code   RO          520    x$fpl$frleqf        fz_ws.l(frleqf.o)
    0x08004eee   0x00000002   PAD
    0x08004ef0   0x000000ea   Code   RO          498    x$fpl$fsub          fz_ws.l(faddsub_clz.o)
    0x08004fda   0x00000000   Code   RO          529    x$fpl$usenofp       fz_ws.l(usenofp.o)
    0x08004fda   0x00000062   Data   RO           72    .constdata          stm32f10x_it.o
    0x0800503c   0x00000800   Data   RO          293    .constdata          triangle.o
    0x0800583c   0x00000020   Data   RO          679    Region$$Table       anon$$obj.o
    0x0800585c   0x00001d74   PAD
    0x080075d0   0x00000001   Data   RO          117    .ARM.__AT_0x080075D0  flash.o
    0x080075d1   0x00000001   Data   RO          118    .ARM.__AT_0x080075D1  flash.o
    0x080075d2   0x00000001   Data   RO          119    .ARM.__AT_0x080075D2  flash.o
    0x080075d3   0x00000001   Data   RO          120    .ARM.__AT_0x080075D3  flash.o
    0x080075d4   0x00000001   Data   RO          121    .ARM.__AT_0x080075D4  flash.o
    0x080075d5   0x00000001   Data   RO          122    .ARM.__AT_0x080075D5  flash.o
    0x080075d6   0x00000001   Data   RO          123    .ARM.__AT_0x080075D6  flash.o
    0x080075d7   0x00000001   Data   RO          124    .ARM.__AT_0x080075D7  flash.o
    0x080075d8   0x00000001   Data   RO          125    .ARM.__AT_0x080075D8  flash.o
    0x080075d9   0x00000001   Data   RO          126    .ARM.__AT_0x080075D9  flash.o
    0x080075da   0x00000001   Data   RO          127    .ARM.__AT_0x080075DA  flash.o
    0x080075db   0x00000001   Data   RO          128    .ARM.__AT_0x080075DB  flash.o
    0x080075dc   0x0000ea24   PAD
    0x08016000   0x00000020   Data   RO          129    .ARM.__AT_0x08016000  flash.o
    0x08016020   0x00004fe0   PAD
    0x0801b000   0x00000020   Data   RO          130    .ARM.__AT_0x0801B000  flash.o
    0x0801b020   0x00013fe0   PAD
    0x0802f000   0x00000020   Data   RO          131    .ARM.__AT_0x0802F000  flash.o
    0x0802f020   0x00004be0   PAD
    0x08033c00   0x00000020   Data   RO          132    .ARM.__AT_0x08033C00  flash.o
    0x08033c20   0x000003e0   PAD
    0x08034000   0x00000020   Data   RO          133    .ARM.__AT_0x08034000  flash.o


    Execution Region RW_IRAM1 (Base: 0x20000000, Size: 0x00000990, Max: 0x0000c000, ABSOLUTE, COMPRESSED[0x00000058])

    Base Addr    Size         Type   Attr      Idx    E Section Name        Object

    0x20000000   0x0000002e   Data   RW            2    .data               main.o
    0x2000002e   0x00000002   PAD
    0x20000030   0x00000026   Data   RW           73    .data               stm32f10x_it.o
    0x20000056   0x00000002   PAD
    0x20000058   0x00000014   Data   RW           99    .data               system_stm32f10x.o
    0x2000006c   0x00000014   Data   RW          135    .data               flash.o
    0x20000080   0x00000006   Data   RW          158    .data               init.o
    0x20000086   0x00000002   PAD
    0x20000088   0x00000078   Data   RW          181    .data               usart.o
    0x20000100   0x00000012   Data   RW          225    .data               buzz.o
    0x20000112   0x00000046   Data   RW          248    .data               motor1.o
    0x20000158   0x0000004a   Data   RW          271    .data               motor2.o
    0x200001a2   0x00000002   PAD
    0x200001a4   0x00000060   Data   RW          311    .data               algorithm.o
    0x20000204   0x00000020   Data   RW          333    .data               charge.o
    0x20000224   0x00000050   Data   RW          355    .data               attitude.o
    0x20000274   0x00000024   Data   RW          378    .data               pid.o
    0x20000298   0x00000014   Data   RW          433    .data               stm32f10x_rcc.o
    0x200002ac   0x0000000a   Zero   RW          157    .bss                init.o
    0x200002b6   0x0000002c   Zero   RW          180    .bss                usart.o
    0x200002e2   0x0000000c   Zero   RW          247    .bss                motor1.o
    0x200002ee   0x00000002   PAD
    0x200002f0   0x00000040   Zero   RW          377    .bss                pid.o
    0x20000330   0x00000060   Zero   RW          556    .bss                c_w.l(libspace.o)
    0x20000390   0x00000200   Zero   RW          483    HEAP                startup_stm32f10x_hd.o
    0x20000590   0x00000400   Zero   RW          482    STACK               startup_stm32f10x_hd.o


==============================================================================

Image component sizes


      Code (inc. data)   RO Data    RW Data    ZI Data      Debug   Object Name

      1284        184          0         96          0       4304   algorithm.o
         0          0          0         80          0       2376   attitude.o
         0          0          0         18          0       1123   buzz.o
       756        146          0         32          0       2330   charge.o
         0          0        172         20          0       2169   flash.o
      1708         82          0          6         10       3385   init.o
       352         54          0         46          0     263321   main.o
       220         22          0          0          0       1925   misc.o
      3200        284          0         70         12      10492   motor1.o
         0          0          0         74          0       7439   motor2.o
       296         50          0         36         64       2321   pid.o
        64         26        304          0       1536        936   startup_stm32f10x_hd.o
       284         10          0          0          0       2363   stm32f10x_exti.o
      1468         34          0          0          0       8154   stm32f10x_flash.o
       860         38          0          0          0       5769   stm32f10x_gpio.o
       424         62         98         38          0       3313   stm32f10x_it.o
       932         36          0         20          0       8972   stm32f10x_rcc.o
      3610         88          0          0          0      22260   stm32f10x_tim.o
      1032         22          0          0          0       8496   stm32f10x_usart.o
       480         38          0         20          0       2071   system_stm32f10x.o
        60          6       2048          0          0       1271   triangle.o
      1244        216          0        120         44       5275   usart.o

    ----------------------------------------------------------------------
     18276       1398     192886        684       1668     370065   Object Totals
         0          0         32          0          0          0   (incl. Generated)
         2          0     190232          8          2          0   (incl. Padding)

    ----------------------------------------------------------------------

      Code (inc. data)   RO Data    RW Data    ZI Data      Debug   Library Member Name

        58          0          0          0          0          0   __dczerorl.o
         8          0          0          0          0         68   __main.o
        52          8          0          0          0          0   __scatter.o
        28          0          0          0          0          0   __scatter_zi.o
        12          0          0          0          0         72   exit.o
         6          0          0          0          0        152   heapauxi.o
         0          0          0          0          0          0   indicate_semi.o
         2          0          0          0          0          0   libinit.o
         2          0          0          0          0          0   libinit2.o
         2          0          0          0          0          0   libshutdown.o
         2          0          0          0          0          0   libshutdown2.o
         8          4          0          0         96         68   libspace.o
         0          0          0          0          0          0   rtentry.o
        12          0          0          0          0          0   rtentry2.o
         6          0          0          0          0          0   rtentry4.o
         2          0          0          0          0          0   rtexit.o
        10          0          0          0          0          0   rtexit2.o
        12          4          0          0          0         68   sys_exit.o
        74          0          0          0          0         80   sys_stackheap_outer.o
         2          0          0          0          0         68   use_no_semi.o
       430          8          0          0          0        168   faddsub_clz.o
        24          0          0          0          0         68   fcmpi.o
       388         76          0          0          0         96   fdiv.o
        54          4          0          0          0         84   ffix.o
        48          0          0          0          0         68   fflt_clz.o
       104          4          0          0          0         84   fleqf.o
       258          4          0          0          0         84   fmul.o
       140          4          0          0          0         84   fnaninf.o
        10          0          0          0          0         68   fretinf.o
        98          0          0          0          0         68   frleqf.o
         0          0          0          0          0          0   usenofp.o

    ----------------------------------------------------------------------
      1862        116          0          0         96       1448   Library Totals
        10          0          0          0          0          0   (incl. Padding)

    ----------------------------------------------------------------------

      Code (inc. data)   RO Data    RW Data    ZI Data      Debug   Library Name

       298         16          0          0         96        576   c_w.l
      1554        100          0          0          0        872   fz_ws.l

    ----------------------------------------------------------------------
      1862        116          0          0         96       1448   Library Totals

    ----------------------------------------------------------------------

==============================================================================


      Code (inc. data)   RO Data    RW Data    ZI Data      Debug   

     20138       1514     192886        684       1764     368909   Grand Totals
     20138       1514     192886         88       1764     368909   ELF Image Totals (compressed)
     20138       1514     192886         88          0          0   ROM Totals

==============================================================================

    Total RO  Size (Code + RO Data)               213024 ( 208.03kB)
    Total RW  Size (RW Data + ZI Data)              2448 (   2.39kB)
    Total ROM Size (Code + RO Data + RW Data)     213112 ( 208.12kB)

==============================================================================

